../Core/Src/main.c:93:5:main	48	static
../Core/Src/main.c:174:6:SystemClock_Config	88	static
../Core/Src/main.c:220:13:MX_CRC_Init	8	static
../Core/Src/main.c:246:13:MX_DMA2D_Init	8	static
../Core/Src/main.c:283:13:MX_I2C3_Init	8	static
../Core/Src/main.c:331:13:MX_LTDC_Init	64	static
../Core/Src/main.c:393:13:MX_SPI5_Init	8	static
../Core/Src/main.c:431:13:MX_TIM1_Init	32	static
../Core/Src/main.c:477:13:MX_USART1_UART_Init	8	static
../Core/Src/main.c:508:13:MX_DMA_Init	16	static
../Core/Src/main.c:522:13:MX_FMC_Init	40	static
../Core/Src/main.c:573:13:MX_GPIO_Init	64	static
../Core/Src/main.c:655:6:HAL_UART_RxHalfCpltCallback	16	static
../Core/Src/main.c:660:6:HAL_UART_RxCpltCallback	16	static
../Core/Src/main.c:690:6:StartDefaultTask	56	static
../Core/Src/main.c:729:6:HAL_TIM_PeriodElapsedCallback	16	static
../Core/Src/main.c:746:6:Error_Handler	4	static,ignoring_inline_asm
