../Middlewares/Third_Party/paho.mqtt.embedded-c/MQTTPacket/samples/ping_nb.c:30:6:start_ping_timer	16	static
../Middlewares/Third_Party/paho.mqtt.embedded-c/MQTTPacket/samples/ping_nb.c:36:5:time_to_ping	16	static
../Middlewares/Third_Party/paho.mqtt.embedded-c/MQTTPacket/samples/ping_nb.c:53:6:cfinish	16	static
../Middlewares/Third_Party/paho.mqtt.embedded-c/MQTTPacket/samples/ping_nb.c:59:6:stop_init	8	static
../Middlewares/Third_Party/paho.mqtt.embedded-c/MQTTPacket/samples/ping_nb.c:68:5:main	368	static
