../Core/Src/main.c:87:1:__io_putchar	16	static
../Core/Src/main.c:104:5:main	72	static
../Core/Src/main.c:186:6:SystemClock_Config	88	static
../Core/Src/main.c:232:13:MX_CRC_Init	8	static
../Core/Src/main.c:258:13:MX_DMA2D_Init	8	static
../Core/Src/main.c:295:13:MX_I2C3_Init	8	static
../Core/Src/main.c:343:13:MX_LTDC_Init	64	static
../Core/Src/main.c:405:13:MX_SPI5_Init	8	static
../Core/Src/main.c:443:13:MX_TIM1_Init	32	static
../Core/Src/main.c:489:13:MX_USART1_UART_Init	8	static
../Core/Src/main.c:518:13:MX_FMC_Init	40	static
../Core/Src/main.c:569:13:MX_GPIO_Init	64	static
../Core/Src/main.c:650:6:StartGyroTask	64	static
../Core/Src/main.c:697:6:StartDefaultTask	56	static
../Core/Src/main.c:736:6:HAL_TIM_PeriodElapsedCallback	16	static
../Core/Src/main.c:753:6:Error_Handler	4	static,ignoring_inline_asm
