../Middlewares/Third_Party/lwip/src/core/timers.c:79:1:tcpip_tcp_timer	16	static
../Middlewares/Third_Party/lwip/src/core/timers.c:101:1:tcp_timer_needed	8	static
../Middlewares/Third_Party/lwip/src/core/timers.c:119:1:ip_reass_timer	16	static
../Middlewares/Third_Party/lwip/src/core/timers.c:135:1:arp_timer	16	static
../Middlewares/Third_Party/lwip/src/core/timers.c:223:6:sys_timeouts_init	8	static
../Middlewares/Third_Party/lwip/src/core/timers.c:266:1:sys_timeout	32	static
../Middlewares/Third_Party/lwip/src/core/timers.c:321:1:sys_untimeout	24	static
../Middlewares/Third_Party/lwip/src/core/timers.c:358:1:sys_check_timeouts	32	static
../Middlewares/Third_Party/lwip/src/core/timers.c:408:1:sys_restart_timeouts	8	static
