../Core/Src/main.c:93:5:main	72	static
../Core/Src/main.c:178:6:SystemClock_Config	88	static
../Core/Src/main.c:224:13:MX_CRC_Init	8	static
../Core/Src/main.c:250:13:MX_DMA2D_Init	8	static
../Core/Src/main.c:287:13:MX_I2C3_Init	8	static
../Core/Src/main.c:335:13:MX_LTDC_Init	64	static
../Core/Src/main.c:397:13:MX_SPI5_Init	8	static
../Core/Src/main.c:435:13:MX_TIM1_Init	32	static
../Core/Src/main.c:481:13:MX_USART1_UART_Init	8	static
../Core/Src/main.c:510:13:MX_FMC_Init	40	static
../Core/Src/main.c:561:13:MX_GPIO_Init	64	static
../Core/Src/main.c:652:6:StartDefaultTask	24	static
../Core/Src/main.c:685:6:StartSecondTask	56	static
../Core/Src/main.c:721:6:HAL_TIM_PeriodElapsedCallback	16	static
../Core/Src/main.c:738:6:Error_Handler	4	static,ignoring_inline_asm
