../Core/Src/main.c:91:5:main	48	static
../Core/Src/main.c:172:6:SystemClock_Config	88	static
../Core/Src/main.c:218:13:MX_CRC_Init	8	static
../Core/Src/main.c:244:13:MX_DMA2D_Init	8	static
../Core/Src/main.c:281:13:MX_I2C3_Init	8	static
../Core/Src/main.c:329:13:MX_LTDC_Init	64	static
../Core/Src/main.c:391:13:MX_SPI5_Init	8	static
../Core/Src/main.c:429:13:MX_TIM1_Init	32	static
../Core/Src/main.c:475:13:MX_USART1_UART_Init	8	static
../Core/Src/main.c:504:13:MX_FMC_Init	40	static
../Core/Src/main.c:555:13:MX_GPIO_Init	64	static
../Core/Src/main.c:636:6:HAL_UART_RxCpltCallback	16	static
../Core/Src/main.c:664:6:StartDefaultTask	56	static
../Core/Src/main.c:703:6:HAL_TIM_PeriodElapsedCallback	16	static
../Core/Src/main.c:720:6:Error_Handler	4	static,ignoring_inline_asm
