../../Middlewares/ST/touchgfx/framework/include/touchgfx/Screen.hpp:104:18:virtual void touchgfx::Screen::afterTransition()	0	static
../../Middlewares/ST/touchgfx/framework/include/touchgfx/Screen.hpp:144:18:virtual void touchgfx::Screen::handleTickEvent()	0	static
../../Middlewares/ST/touchgfx/framework/include/touchgfx/Screen.hpp:154:18:virtual void touchgfx::Screen::handleKeyEvent(uint8_t)	0	static
C:/TouchGFXProjects/MyApplication_1/TouchGFX/gui/src/ledcommandscreen_screen/LedCommandScreenView.cpp:13:6:virtual void LedCommandScreenView::tearDownScreen()	0	static
../../TouchGFX/gui/include/gui/ledcommandscreen_screen/LedCommandScreenView.hpp:11:13:LedCommandScreenView::~LedCommandScreenView()	8	static
../../TouchGFX/gui/include/gui/ledcommandscreen_screen/LedCommandScreenView.hpp:11:13:virtual LedCommandScreenView::~LedCommandScreenView()	8	static
../../Middlewares/ST/touchgfx/framework/include/touchgfx/Bitmap.hpp:133:14:touchgfx::BitmapId touchgfx::Bitmap::getId() const	8	static
C:/TouchGFXProjects/MyApplication_1/TouchGFX/gui/src/ledcommandscreen_screen/LedCommandScreenView.cpp:18:6:virtual void LedCommandScreenView::vTBLedCmdClicked()	16	static
C:/TouchGFXProjects/MyApplication_1/TouchGFX/gui/src/ledcommandscreen_screen/LedCommandScreenView.cpp:3:1:LedCommandScreenView::LedCommandScreenView()	8	static
C:/TouchGFXProjects/MyApplication_1/TouchGFX/gui/src/ledcommandscreen_screen/LedCommandScreenView.cpp:23:6:void LedCommandScreenView::vSetLedCmdToggleButtonState(bool)	0	static
C:/TouchGFXProjects/MyApplication_1/TouchGFX/gui/src/ledcommandscreen_screen/LedCommandScreenView.cpp:8:6:virtual void LedCommandScreenView::setupScreen()	0	static
