../../Middlewares/ST/touchgfx/framework/include/touchgfx/Screen.hpp:104:18:virtual void touchgfx::Screen::afterTransition()	0	static
../../Middlewares/ST/touchgfx/framework/include/touchgfx/Screen.hpp:154:18:virtual void touchgfx::Screen::handleKeyEvent(uint8_t)	0	static
C:/TouchGFXProjects/MyApplication_1/TouchGFX/gui/src/splashscreen_screen/SplashScreenView.cpp:13:6:virtual void SplashScreenView::tearDownScreen()	0	static
../../TouchGFX/gui/include/gui/splashscreen_screen/SplashScreenView.hpp:11:13:SplashScreenView::~SplashScreenView()	8	static
../../TouchGFX/gui/include/gui/splashscreen_screen/SplashScreenView.hpp:11:13:virtual SplashScreenView::~SplashScreenView()	8	static
C:/TouchGFXProjects/MyApplication_1/TouchGFX/gui/src/splashscreen_screen/SplashScreenView.cpp:3:1:SplashScreenView::SplashScreenView()	8	static
C:/TouchGFXProjects/MyApplication_1/TouchGFX/gui/src/splashscreen_screen/SplashScreenView.cpp:8:6:virtual void SplashScreenView::setupScreen()	0	static
