../../TouchGFX/gui/include/gui/model/ModelListener.hpp:13:18:virtual void ModelListener::vUpdateTemperature()	0	static
../../TouchGFX/gui/include/gui/model/ModelListener.hpp:14:18:virtual void ModelListener::vUpdateLedCmdToggleBotton(bool)	0	static
../../TouchGFX/gui/include/gui/temperaturescreen_screen/TemperatureScreenPresenter.hpp:28:13:TemperatureScreenPresenter::~TemperatureScreenPresenter()	0	static
../../TouchGFX/gui/include/gui/temperaturescreen_screen/TemperatureScreenPresenter.hpp:28:13:virtual TemperatureScreenPresenter::~TemperatureScreenPresenter()	8	static
C:/TouchGFXProjects/MyApplication_1/TouchGFX/gui/src/temperaturescreen_screen/TemperatureScreenPresenter.cpp:10:6:virtual void TemperatureScreenPresenter::activate()	0	static
C:/TouchGFXProjects/MyApplication_1/TouchGFX/gui/src/temperaturescreen_screen/TemperatureScreenPresenter.cpp:15:6:virtual void TemperatureScreenPresenter::deactivate()	0	static
C:/TouchGFXProjects/MyApplication_1/TouchGFX/gui/src/temperaturescreen_screen/TemperatureScreenPresenter.cpp:20:6:virtual void TemperatureScreenPresenter::vUpdateTemperatureValueInAutoMode(float)	0	static
../../TouchGFX/gui/include/gui/temperaturescreen_screen/TemperatureScreenPresenter.hpp:28:13:virtual void* TemperatureScreenPresenter::_ZThn4_N26TemperatureScreenPresenterD1Ev()	0	static
C:/TouchGFXProjects/MyApplication_1/TouchGFX/gui/src/temperaturescreen_screen/TemperatureScreenPresenter.cpp:4:1:TemperatureScreenPresenter::TemperatureScreenPresenter(TemperatureScreenView&)	8	static
