../Core/Src/main.c:111:5:main	80	static
../Core/Src/main.c:274:6:SystemClock_Config	96	static
../Core/Src/main.c:334:6:PeriphCommonClock_Config	160	static
../Core/Src/main.c:363:13:MX_ADC1_Init	32	static
../Core/Src/main.c:421:13:MX_DFSDM1_Init	8	static
../Core/Src/main.c:459:13:MX_I2C1_Init	8	static
../Core/Src/main.c:507:13:MX_I2C2_Init	8	static
../Core/Src/main.c:555:13:MX_OCTOSPI1_Init	32	static
../Core/Src/main.c:603:13:MX_RNG_Init	8	static
../Core/Src/main.c:630:13:MX_SPI1_Init	8	static
../Core/Src/main.c:670:13:MX_UART4_Init	8	static
../Core/Src/main.c:718:13:MX_USART1_UART_Init	8	static
../Core/Src/main.c:766:13:MX_USART2_UART_Init	8	static
../Core/Src/main.c:814:13:MX_USART3_UART_Init	8	static
../Core/Src/main.c:862:13:MX_USB_OTG_FS_USB_Init	4	static
../Core/Src/main.c:883:13:MX_GPIO_Init	56	static
../Core/Src/main.c:1019:6:HAL_GPIO_EXTI_Callback	16	static
../Core/Src/main.c:1037:6:SPI3_IRQHandler	8	static
../Core/Src/main.c:1043:1:__io_putchar	16	static
../Core/Src/main.c:1053:1:__io_getchar	16	static
../Core/Src/main.c:1070:6:Error_Handler	4	static,ignoring_inline_asm
