../Core/Src/main.c:172:5:main	304	static
../Core/Src/main.c:433:6:SystemClock_Config	96	static
../Core/Src/main.c:495:6:PeriphCommonClock_Config	160	static
../Core/Src/main.c:524:13:MX_ADC1_Init	32	static
../Core/Src/main.c:582:13:MX_DFSDM1_Init	8	static
../Core/Src/main.c:620:13:MX_I2C1_Init	8	static
../Core/Src/main.c:668:13:MX_I2C2_Init	8	static
../Core/Src/main.c:716:13:MX_OCTOSPI1_Init	32	static
../Core/Src/main.c:764:13:MX_RNG_Init	8	static
../Core/Src/main.c:791:13:MX_RTC_Init	8	static
../Core/Src/main.c:827:13:MX_SPI1_Init	8	static
../Core/Src/main.c:867:13:MX_SPI3_Init	8	static
../Core/Src/main.c:907:13:MX_UART4_Init	8	static
../Core/Src/main.c:955:13:MX_USART1_UART_Init	8	static
../Core/Src/main.c:1003:13:MX_USART2_UART_Init	8	static
../Core/Src/main.c:1051:13:MX_USART3_UART_Init	8	static
../Core/Src/main.c:1099:13:MX_USB_OTG_FS_USB_Init	4	static
../Core/Src/main.c:1120:13:MX_GPIO_Init	56	static
../Core/Src/main.c:1251:6:HAL_GPIO_EXTI_Callback	16	static
../Core/Src/main.c:1267:5:iMqttRead	32	static
../Core/Src/main.c:1280:5:iMqttWrite	32	static
../Core/Src/main.c:1293:6:vMqttMessageHandler	16	static
../Core/Src/main.c:1301:6:vMqttMessageHandler_Topic_LedController	16	static
../Core/Src/main.c:1325:1:__io_putchar	16	static
../Core/Src/main.c:1335:1:__io_getchar	16	static
../Core/Src/main.c:1352:6:Error_Handler	4	static,ignoring_inline_asm
