../Core/Src/main.c:215:5:main	12704	static
../Core/Src/main.c:879:6:SystemClock_Config	96	static
../Core/Src/main.c:941:6:PeriphCommonClock_Config	160	static
../Core/Src/main.c:970:13:MX_ADC1_Init	32	static
../Core/Src/main.c:1028:13:MX_DFSDM1_Init	8	static
../Core/Src/main.c:1066:13:MX_I2C1_Init	8	static
../Core/Src/main.c:1114:13:MX_I2C2_Init	8	static
../Core/Src/main.c:1162:13:MX_OCTOSPI1_Init	32	static
../Core/Src/main.c:1210:13:MX_RNG_Init	8	static
../Core/Src/main.c:1237:13:MX_RTC_Init	8	static
../Core/Src/main.c:1273:13:MX_SPI1_Init	8	static
../Core/Src/main.c:1313:13:MX_SPI3_Init	8	static
../Core/Src/main.c:1353:13:MX_UART4_Init	8	static
../Core/Src/main.c:1401:13:MX_USART1_UART_Init	8	static
../Core/Src/main.c:1449:13:MX_USART2_UART_Init	8	static
../Core/Src/main.c:1497:13:MX_USART3_UART_Init	8	static
../Core/Src/main.c:1545:13:MX_USB_OTG_FS_USB_Init	4	static
../Core/Src/main.c:1566:13:MX_GPIO_Init	56	static
../Core/Src/main.c:1697:6:HAL_GPIO_EXTI_Callback	16	static
../Core/Src/main.c:1714:5:iGetWifiConfigurationFromFlash	32	static
../Core/Src/main.c:1735:5:iBackupWifiConfigurationIntoFlash	248	static
../Core/Src/main.c:1773:5:iGetMqttConfigurationFromFlash	24	static
../Core/Src/main.c:1791:5:iBackupMqttConfigurationIntoFlash	16	static
../Core/Src/main.c:1820:5:iMqttRead	32	static
../Core/Src/main.c:1833:5:iMqttWrite	32	static
../Core/Src/main.c:1846:6:vMqttMessageHandler	16	static
../Core/Src/main.c:1854:6:vMqttMessageHandler_Topic_LedController	16	static
../Core/Src/main.c:1878:1:__io_putchar	16	static
../Core/Src/main.c:1888:1:__io_getchar	16	static
../Core/Src/main.c:1905:6:Error_Handler	4	static,ignoring_inline_asm
