C:/TouchGFXProjects/MyApplication_1/Core/Src/main.c:1037:13:SPI5_Write	16	static
C:/TouchGFXProjects/MyApplication_1/Core/Src/main.c:1392:6:StartDefaultTask	16	static
C:/TouchGFXProjects/MyApplication_1/Core/Src/main.c:325:6:SystemClock_Config	96	static
C:/TouchGFXProjects/MyApplication_1/Core/Src/main.c:220:5:main	120	static
C:/TouchGFXProjects/MyApplication_1/Core/Src/main.c:881:6:IOE_Init	0	static
C:/TouchGFXProjects/MyApplication_1/Core/Src/main.c:890:6:IOE_ITConfig	0	static
C:/TouchGFXProjects/MyApplication_1/Core/Src/main.c:902:6:IOE_Write	32	static
C:/TouchGFXProjects/MyApplication_1/Core/Src/main.c:913:9:IOE_Read	32	static
C:/TouchGFXProjects/MyApplication_1/Core/Src/main.c:926:10:IOE_ReadMultiple	24	static
C:/TouchGFXProjects/MyApplication_1/Core/Src/main.c:935:6:IOE_Delay	0	static
C:/TouchGFXProjects/MyApplication_1/Core/Src/main.c:1063:6:LCD_IO_Init	8	static
C:/TouchGFXProjects/MyApplication_1/Core/Src/main.c:1073:6:LCD_IO_WriteData	16	static
C:/TouchGFXProjects/MyApplication_1/Core/Src/main.c:1089:6:LCD_IO_WriteReg	16	static
C:/TouchGFXProjects/MyApplication_1/Core/Src/main.c:1108:10:LCD_IO_ReadData	32	static
C:/TouchGFXProjects/MyApplication_1/Core/Src/main.c:1135:6:LCD_Delay	0	static
C:/TouchGFXProjects/MyApplication_1/Core/Src/main.c:1140:1:__io_putchar	16	static
C:/TouchGFXProjects/MyApplication_1/Core/Src/main.c:1150:1:__io_getchar	16	static
C:/TouchGFXProjects/MyApplication_1/Core/Src/main.c:1424:6:HAL_TIM_PeriodElapsedCallback	16	static
C:/TouchGFXProjects/MyApplication_1/Core/Src/main.c:1446:6:Error_Handler	0	static
