../Core/Src/main.c:133:5:main	296	static
../Core/Src/main.c:333:6:SystemClock_Config	96	static
../Core/Src/main.c:393:6:PeriphCommonClock_Config	160	static
../Core/Src/main.c:420:13:MX_ADC1_Init	32	static
../Core/Src/main.c:478:13:MX_DFSDM1_Init	8	static
../Core/Src/main.c:516:13:MX_I2C1_Init	8	static
../Core/Src/main.c:564:13:MX_I2C2_Init	8	static
../Core/Src/main.c:612:13:MX_OCTOSPI1_Init	32	static
../Core/Src/main.c:660:13:MX_SPI1_Init	8	static
../Core/Src/main.c:700:13:MX_SPI3_Init	8	static
../Core/Src/main.c:740:13:MX_UART4_Init	8	static
../Core/Src/main.c:788:13:MX_USART1_UART_Init	8	static
../Core/Src/main.c:836:13:MX_USART2_UART_Init	8	static
../Core/Src/main.c:884:13:MX_USART3_UART_Init	8	static
../Core/Src/main.c:932:13:MX_USB_OTG_FS_USB_Init	4	static
../Core/Src/main.c:953:13:MX_GPIO_Init	56	static
../Core/Src/main.c:1084:6:HAL_GPIO_EXTI_Callback	16	static
../Core/Src/main.c:1100:5:iMqttRead	32	static
../Core/Src/main.c:1113:5:iMqttWrite	32	static
../Core/Src/main.c:1126:6:vMqttMessageHandler	16	static
../Core/Src/main.c:1134:6:vMqttMessageHandler_Topic_LedController	16	static
../Core/Src/main.c:1158:1:__io_putchar	16	static
../Core/Src/main.c:1168:1:__io_getchar	16	static
../Core/Src/main.c:1185:6:Error_Handler	4	static,ignoring_inline_asm
