../Drivers/BSP/Components/es_wifi/es_wifi.c:81:17:Hex2Num	16	static
../Drivers/BSP/Components/es_wifi/es_wifi.c:100:17:ParseHexNumber	24	static
../Drivers/BSP/Components/es_wifi/es_wifi.c:124:16:ParseNumber	24	static
../Drivers/BSP/Components/es_wifi/es_wifi.c:154:13:ParseMAC	24	static
../Drivers/BSP/Components/es_wifi/es_wifi.c:174:14:ParseIP	24	static
../Drivers/BSP/Components/es_wifi/es_wifi.c:193:31:ParseSecurity	16	static
../Drivers/BSP/Components/es_wifi/es_wifi.c:210:13:AT_ParseInfo	24	static
../Drivers/BSP/Components/es_wifi/es_wifi.c:260:13:AT_ParseAP	32	static
../Drivers/BSP/Components/es_wifi/es_wifi.c:306:17:ArrayTo32bit	16	static
../Drivers/BSP/Components/es_wifi/es_wifi.c:317:13:AT_ParseFWRev	24	static
../Drivers/BSP/Components/es_wifi/es_wifi.c:350:13:AT_ParseSingleAP	24	static
../Drivers/BSP/Components/es_wifi/es_wifi.c:448:13:AT_ParseSystemConfig	24	static
../Drivers/BSP/Components/es_wifi/es_wifi.c:515:13:AT_ParseConnSettings	24	static
../Drivers/BSP/Components/es_wifi/es_wifi.c:590:13:AT_ParseTransportSettings	24	static
../Drivers/BSP/Components/es_wifi/es_wifi.c:657:13:AT_ParseIsConnected	16	static
../Drivers/BSP/Components/es_wifi/es_wifi.c:668:13:AT_ParsePing	40	static
../Drivers/BSP/Components/es_wifi/es_wifi.c:697:25:AT_ExecuteCommand	40	static
../Drivers/BSP/Components/es_wifi/es_wifi.c:745:25:AT_RequestSendData	32	static
../Drivers/BSP/Components/es_wifi/es_wifi.c:803:25:AT_RequestReceiveData	40	static
../Drivers/BSP/Components/es_wifi/es_wifi.c:854:19:ES_WIFI_Init	24	static
../Drivers/BSP/Components/es_wifi/es_wifi.c:878:19:ES_WIFI_DeInit	24	static
../Drivers/BSP/Components/es_wifi/es_wifi.c:898:19:ES_WIFI_GetProductID	16	static
../Drivers/BSP/Components/es_wifi/es_wifi.c:910:19:ES_WIFI_GetFWRevID	16	static
../Drivers/BSP/Components/es_wifi/es_wifi.c:922:19:ES_WIFI_GetProductName	16	static
../Drivers/BSP/Components/es_wifi/es_wifi.c:934:19:ES_WIFI_GetAPIRev	16	static
../Drivers/BSP/Components/es_wifi/es_wifi.c:946:19:ES_WIFI_GetStackRev	16	static
../Drivers/BSP/Components/es_wifi/es_wifi.c:958:19:ES_WIFI_GetRTOSRev	16	static
../Drivers/BSP/Components/es_wifi/es_wifi.c:970:19:ES_WIFI_RegisterBusIO	24	static
../Drivers/BSP/Components/es_wifi/es_wifi.c:996:19:ES_WIFI_SetTimeout	16	static
../Drivers/BSP/Components/es_wifi/es_wifi.c:1008:19:ES_WIFI_ListAccessPoints	40	static
../Drivers/BSP/Components/es_wifi/es_wifi.c:1090:18:ES_WIFI_Connect	32	static
../Drivers/BSP/Components/es_wifi/es_wifi.c:1138:9:ES_WIFI_IsConnected	24	static
../Drivers/BSP/Components/es_wifi/es_wifi.c:1157:18:ES_WIFI_Disconnect	24	static
../Drivers/BSP/Components/es_wifi/es_wifi.c:1172:18:ES_WIFI_GetNetworkSettings	24	static
../Drivers/BSP/Components/es_wifi/es_wifi.c:1197:18:ES_WIFI_ActivateAP	32	static
../Drivers/BSP/Components/es_wifi/es_wifi.c:1263:19:ES_WIFI_WaitAPStateChange	24	static
../Drivers/BSP/Components/es_wifi/es_wifi.c:1331:18:ES_WIFI_GetMACAddress	24	static
../Drivers/BSP/Components/es_wifi/es_wifi.c:1354:18:ES_WIFI_GetIPAddress	16	static
../Drivers/BSP/Components/es_wifi/es_wifi.c:1366:18:ES_WIFI_SetMACAddress	56	static
../Drivers/BSP/Components/es_wifi/es_wifi.c:1387:18:ES_WIFI_ResetToFactoryDefault	24	static
../Drivers/BSP/Components/es_wifi/es_wifi.c:1402:18:ES_WIFI_ResetModule	32	static
../Drivers/BSP/Components/es_wifi/es_wifi.c:1426:18:ES_WIFI_HardResetModule	24	static
../Drivers/BSP/Components/es_wifi/es_wifi.c:1441:18:ES_WIFI_SetProductName	24	static
../Drivers/BSP/Components/es_wifi/es_wifi.c:1526:18:ES_WIFI_GetSystemConfig	24	static
../Drivers/BSP/Components/es_wifi/es_wifi.c:1548:18:ES_WIFI_Ping	48	static
../Drivers/BSP/Components/es_wifi/es_wifi.c:1591:18:ES_WIFI_DNS_LookUp	32	static
../Drivers/BSP/Components/es_wifi/es_wifi.c:1616:18:ES_WIFI_StartClientConnection	40	static
../Drivers/BSP/Components/es_wifi/es_wifi.c:1682:18:ES_WIFI_StopClientConnection	24	static
../Drivers/BSP/Components/es_wifi/es_wifi.c:1770:18:ES_WIFI_StartServerSingleConn	24	static
../Drivers/BSP/Components/es_wifi/es_wifi.c:1836:19:ES_WIFI_WaitServerConnection	48	static
../Drivers/BSP/Components/es_wifi/es_wifi.c:1932:18:ES_WIFI_CloseServerConnection	24	static
../Drivers/BSP/Components/es_wifi/es_wifi.c:1963:18:ES_WIFI_StopServerSingleConn	24	static
../Drivers/BSP/Components/es_wifi/es_wifi.c:1996:18:ES_WIFI_StartServerMultiConn	24	static
../Drivers/BSP/Components/es_wifi/es_wifi.c:2057:18:ES_WIFI_StopServerMultiConn	24	static
../Drivers/BSP/Components/es_wifi/es_wifi.c:2117:18:ES_WIFI_SendData	40	static
../Drivers/BSP/Components/es_wifi/es_wifi.c:2179:19:ES_WIFI_SendDataTo	56	static
../Drivers/BSP/Components/es_wifi/es_wifi.c:2277:18:ES_WIFI_ReceiveData	40	static
../Drivers/BSP/Components/es_wifi/es_wifi.c:2338:19:ES_WIFI_ReceiveDataFrom	64	static
../Drivers/BSP/Components/es_wifi/es_wifi.c:2430:19:ES_WIFI_SockInfo	48	static
../Drivers/BSP/Components/es_wifi/es_wifi.c:2461:19:ES_WIFI_PeerInfo	48	static
../Drivers/BSP/Components/es_wifi/es_wifi.c:2491:19:ES_WIFI_StoreCreds	40	static
../Drivers/BSP/Components/es_wifi/es_wifi.c:2542:19:ES_WIFI_StoreCA	40	static
../Drivers/BSP/Components/es_wifi/es_wifi.c:2566:19:ES_WIFI_StoreCertificate	40	static
../Drivers/BSP/Components/es_wifi/es_wifi.c:2590:19:ES_WIFI_StoreKey	40	static
