Component: Arm Compiler for Embedded 6.19 Tool: armlink [5e73cb00]

==============================================================================

Section Cross References

    main.o(.text.main) refers to stm32f4xx_hal.o(.text.HAL_Init) for HAL_Init
    main.o(.text.main) refers to main.o(.text.vClockConfig) for vClockConfig
    main.o(.text.main) refers to main.o(.text.vGpioConfig) for vGpioConfig
    main.o(.text.main) refers to main.o(.text.vUartInit) for vUartInit
    main.o(.text.main) refers to main.o(.rodata.str1.1) for .L.str
    main.o(.text.main) refers to printf.o(.text) for printf
    main.o(.text.main) refers to stm32f4xx_hal_gpio.o(.text.HAL_GPIO_WritePin) for HAL_GPIO_WritePin
    main.o(.text.main) refers to stm32f4xx_hal.o(.text.HAL_Delay) for HAL_Delay
    main.o(.text.main) refers to main.o(.bss.u8FmkDownloadButtonTimeout_100ms) for u8FmkDownloadButtonTimeout_100ms
    main.o(.text.main) refers to stm32f4xx_hal_gpio.o(.text.HAL_GPIO_ReadPin) for HAL_GPIO_ReadPin
    main.o(.text.main) refers to my_flash.o(.text.MY_FLASH_SetSectorAddrs) for MY_FLASH_SetSectorAddrs
    main.o(.text.main) refers to stm32f4xx_hal_gpio.o(.text.HAL_GPIO_TogglePin) for HAL_GPIO_TogglePin
    main.o(.text.main) refers to main.o(.bss.pBuffer) for pBuffer
    main.o(.text.main) refers to main.o(.bss.u16ReceivedBytes) for u16ReceivedBytes
    main.o(.text.main) refers to xmodem.o(.text.XMODEM_ReceiveFileInPackages) for XMODEM_ReceiveFileInPackages
    main.o(.text.main) refers to main.o(.bss.u32ApplicationFlashMemoryIndex) for u32ApplicationFlashMemoryIndex
    main.o(.text.main) refers to my_flash.o(.text.MY_FLASH_StreamWriteN) for MY_FLASH_StreamWriteN
    main.o(.text.main) refers to main.o(.bss.bStop) for bStop
    main.o(.text.main) refers to my_flash.o(.text.MY_FLASH_CloseStreamWriteN) for MY_FLASH_CloseStreamWriteN
    main.o(.text.main) refers to my_flash.o(.text.MY_FLASH_ReadN) for MY_FLASH_ReadN
    main.o(.ARM.exidx.text.main) refers to main.o(.text.main) for [Anonymous Symbol]
    main.o(.text.vClockConfig) refers to rt_memclr_w.o(.text) for __aeabi_memclr4
    main.o(.text.vClockConfig) refers to stm32f4xx_hal_rcc.o(.text.HAL_RCC_OscConfig) for HAL_RCC_OscConfig
    main.o(.text.vClockConfig) refers to stm32f4xx_hal_rcc.o(.text.HAL_RCC_ClockConfig) for HAL_RCC_ClockConfig
    main.o(.ARM.exidx.text.vClockConfig) refers to main.o(.text.vClockConfig) for [Anonymous Symbol]
    main.o(.text.vGpioConfig) refers to stm32f4xx_hal_gpio.o(.text.HAL_GPIO_Init) for HAL_GPIO_Init
    main.o(.text.vGpioConfig) refers to stm32f4xx_hal_gpio.o(.text.HAL_GPIO_WritePin) for HAL_GPIO_WritePin
    main.o(.ARM.exidx.text.vGpioConfig) refers to main.o(.text.vGpioConfig) for [Anonymous Symbol]
    main.o(.text.vUartInit) refers to main.o(.bss.huart1) for huart1
    main.o(.text.vUartInit) refers to stm32f4xx_hal_uart.o(.text.HAL_UART_Init) for HAL_UART_Init
    main.o(.text.vUartInit) refers to stm32f4xx_hal_gpio.o(.text.HAL_GPIO_TogglePin) for HAL_GPIO_TogglePin
    main.o(.ARM.exidx.text.vUartInit) refers to main.o(.text.vUartInit) for [Anonymous Symbol]
    main.o(.text.fputc) refers to main.o(.bss.huart1) for huart1
    main.o(.text.fputc) refers to stm32f4xx_hal_uart.o(.text.HAL_UART_Transmit) for HAL_UART_Transmit
    main.o(.ARM.exidx.text.fputc) refers to main.o(.text.fputc) for [Anonymous Symbol]
    main.o(.text.fgetc) refers to main.o(.bss.huart1) for huart1
    main.o(.text.fgetc) refers to stm32f4xx_hal_uart.o(.text.HAL_UART_Receive) for HAL_UART_Receive
    main.o(.ARM.exidx.text.fgetc) refers to main.o(.text.fgetc) for [Anonymous Symbol]
    main.o(.text.SysTick_Handler) refers to stm32f4xx_hal.o(.text.HAL_IncTick) for HAL_IncTick
    main.o(.ARM.exidx.text.SysTick_Handler) refers to main.o(.text.SysTick_Handler) for [Anonymous Symbol]
    xmodem.o(.text.XMODEM_ReceiveFileInPackages) refers to xmodem.o(.data.u8PackageNumber) for u8PackageNumber
    xmodem.o(.text.XMODEM_ReceiveFileInPackages) refers to xmodem.o(.text.XMODEM_PutChar) for XMODEM_PutChar
    xmodem.o(.text.XMODEM_ReceiveFileInPackages) refers to main.o(.bss.huart1) for huart1
    xmodem.o(.text.XMODEM_ReceiveFileInPackages) refers to stm32f4xx_hal_uart.o(.text.HAL_UART_Receive) for HAL_UART_Receive
    xmodem.o(.text.XMODEM_ReceiveFileInPackages) refers to xmodem.o(.text.XMODEM_GetPacket) for XMODEM_GetPacket
    xmodem.o(.ARM.exidx.text.XMODEM_ReceiveFileInPackages) refers to xmodem.o(.text.XMODEM_ReceiveFileInPackages) for [Anonymous Symbol]
    xmodem.o(.text.XMODEM_PutChar) refers to main.o(.bss.huart1) for huart1
    xmodem.o(.text.XMODEM_PutChar) refers to stm32f4xx_hal_uart.o(.text.HAL_UART_Transmit) for HAL_UART_Transmit
    xmodem.o(.ARM.exidx.text.XMODEM_PutChar) refers to xmodem.o(.text.XMODEM_PutChar) for [Anonymous Symbol]
    xmodem.o(.text.XMODEM_GetPacket) refers to xmodem.o(.text.XMODEM_Getbytes) for XMODEM_Getbytes
    xmodem.o(.text.XMODEM_GetPacket) refers to xmodem.o(.bss.cRrror) for cRrror
[...]
    .text                                    0x08000440   Section       78  rt_memclr_w.o(.text)
    .text                                    0x0800048e   Section        0  heapauxi.o(.text)
    .text                                    0x08000494   Section        0  _printf_pad.o(.text)
    .text                                    0x080004e2   Section        0  _printf_truncate.o(.text)
    .text                                    0x08000506   Section        0  _printf_str.o(.text)
    .text                                    0x08000558   Section        0  _printf_dec.o(.text)
    .text                                    0x080005d0   Section        0  _printf_charcount.o(.text)
    .text                                    0x080005f8   Section        0  _printf_char_file.o(.text)
    .text                                    0x0800061c   Section        0  _printf_wctomb.o(.text)
    .text                                    0x080006d8   Section        0  _printf_longlong_dec.o(.text)
    _printf_longlong_oct_internal            0x08000755   Thumb Code     0  _printf_oct_int_ll.o(.text)
    .text                                    0x08000754   Section        0  _printf_oct_int_ll.o(.text)
    _printf_hex_common                       0x080007c5   Thumb Code     0  _printf_hex_int_ll_ptr.o(.text)
    .text                                    0x080007c4   Section        0  _printf_hex_int_ll_ptr.o(.text)
    .text                                    0x08000858   Section        0  __printf_flags_ss_wp.o(.text)
    .text                                    0x080009e0   Section      138  lludiv10.o(.text)
    .text                                    0x08000a6a   Section        0  _printf_intcommon.o(.text)
    _fp_digits                               0x08000b1d   Thumb Code   432  _printf_fp_dec.o(.text)
    .text                                    0x08000b1c   Section        0  _printf_fp_dec.o(.text)
    .text                                    0x08000f38   Section        0  _printf_fp_hex.o(.text)
    _printf_input_char                       0x08001235   Thumb Code    10  _printf_char_common.o(.text)
    .text                                    0x08001234   Section        0  _printf_char_common.o(.text)
    .text                                    0x08001264   Section        0  _printf_char.o(.text)
    .text                                    0x08001290   Section        0  _printf_wchar.o(.text)
    .text                                    0x080012bc   Section        0  ferror.o(.text)
    .text                                    0x080012c4   Section        0  _c16rtomb.o(.text)
    .text                                    0x0800130c   Section       74  sys_stackheap_outer.o(.text)
    .text                                    0x08001358   Section       16  rt_ctype_table.o(.text)
    .text                                    0x08001368   Section        8  rt_locale_intlibspace.o(.text)
    .text                                    0x08001370   Section        0  _printf_fp_infnan.o(.text)
    .text                                    0x080013f0   Section        0  bigflt0.o(.text)
    .text                                    0x080014d4   Section        0  exit.o(.text)
    .text                                    0x080014e8   Section        8  libspace.o(.text)
    .text                                    0x080014f0   Section      124  strcmpv7em.o(.text)
    .text                                    0x0800156c   Section        0  sys_exit.o(.text)
    .text                                    0x08001578   Section        2  use_no_semi.o(.text)
    .text                                    0x0800157a   Section        0  indicate_semi.o(.text)
    [Anonymous Symbol]                       0x0800157c   Section        0  stm32f4xx_hal_flash_ex.o(.text.FLASH_Erase_Sector)
    FLASH_Program_Byte                       0x08001611   Thumb Code    48  stm32f4xx_hal_flash.o(.text.FLASH_Program_Byte)
    [Anonymous Symbol]                       0x08001610   Section        0  stm32f4xx_hal_flash.o(.text.FLASH_Program_Byte)
    FLASH_Program_DoubleWord                 0x08001641   Thumb Code    60  stm32f4xx_hal_flash.o(.text.FLASH_Program_DoubleWord)
    [Anonymous Symbol]                       0x08001640   Section        0  stm32f4xx_hal_flash.o(.text.FLASH_Program_DoubleWord)
    FLASH_Program_HalfWord                   0x0800167d   Thumb Code    52  stm32f4xx_hal_flash.o(.text.FLASH_Program_HalfWord)
    [Anonymous Symbol]                       0x0800167c   Section        0  stm32f4xx_hal_flash.o(.text.FLASH_Program_HalfWord)
    FLASH_Program_Word                       0x080016b1   Thumb Code    48  stm32f4xx_hal_flash.o(.text.FLASH_Program_Word)
    [Anonymous Symbol]                       0x080016b0   Section        0  stm32f4xx_hal_flash.o(.text.FLASH_Program_Word)
    FLASH_SetErrorCode                       0x080016e1   Thumb Code   292  stm32f4xx_hal_flash.o(.text.FLASH_SetErrorCode)
    [Anonymous Symbol]                       0x080016e0   Section        0  stm32f4xx_hal_flash.o(.text.FLASH_SetErrorCode)
    [Anonymous Symbol]                       0x08001804   Section        0  stm32f4xx_hal_flash.o(.text.FLASH_WaitForLastOperation)
    [Anonymous Symbol]                       0x080018a8   Section        0  stm32f4xx_hal.o(.text.HAL_Delay)
    [Anonymous Symbol]                       0x080018ec   Section        0  stm32f4xx_hal_flash.o(.text.HAL_FLASH_Lock)
    [Anonymous Symbol]                       0x08001900   Section        0  stm32f4xx_hal_flash.o(.text.HAL_FLASH_Program)
    [Anonymous Symbol]                       0x080019d8   Section        0  stm32f4xx_hal_flash.o(.text.HAL_FLASH_Unlock)
    [Anonymous Symbol]                       0x08001a30   Section        0  stm32f4xx_hal_gpio.o(.text.HAL_GPIO_Init)
    [Anonymous Symbol]                       0x08001e20   Section        0  stm32f4xx_hal_gpio.o(.text.HAL_GPIO_ReadPin)
    [Anonymous Symbol]                       0x08001e50   Section        0  stm32f4xx_hal_gpio.o(.text.HAL_GPIO_TogglePin)
    [Anonymous Symbol]                       0x08001e78   Section        0  stm32f4xx_hal_gpio.o(.text.HAL_GPIO_WritePin)
    [Anonymous Symbol]                       0x08001ea8   Section        0  stm32f4xx_hal.o(.text.HAL_GetTick)
    [Anonymous Symbol]                       0x08001eb4   Section        0  stm32f4xx_hal.o(.text.HAL_IncTick)
    [Anonymous Symbol]                       0x08001ed0   Section        0  stm32f4xx_hal.o(.text.HAL_Init)
    [Anonymous Symbol]                       0x08001f00   Section        0  stm32f4xx_hal.o(.text.HAL_InitTick)
    [Anonymous Symbol]                       0x08001f70   Section        0  stm32f4xx_hal.o(.text.HAL_MspInit)
    [Anonymous Symbol]                       0x08001f74   Section        0  stm32f4xx_hal_cortex.o(.text.HAL_NVIC_SetPriority)
    [Anonymous Symbol]                       0x08001fa8   Section        0  stm32f4xx_hal_cortex.o(.text.HAL_NVIC_SetPriorityGrouping)
    [Anonymous Symbol]                       0x08001fb8   Section        0  stm32f4xx_hal_rcc.o(.text.HAL_RCC_ClockConfig)
    [Anonymous Symbol]                       0x0800221c   Section        0  stm32f4xx_hal_rcc.o(.text.HAL_RCC_GetHCLKFreq)
    [Anonymous Symbol]                       0x08002228   Section        0  stm32f4xx_hal_rcc.o(.text.HAL_RCC_GetPCLK1Freq)
    [Anonymous Symbol]                       0x0800224c   Section        0  stm32f4xx_hal_rcc.o(.text.HAL_RCC_GetPCLK2Freq)
    [Anonymous Symbol]                       0x08002270   Section        0  stm32f4xx_hal_rcc.o(.text.HAL_RCC_GetSysClockFreq)
    [Anonymous Symbol]                       0x08002358   Section        0  stm32f4xx_hal_rcc.o(.text.HAL_RCC_OscConfig)
    [Anonymous Symbol]                       0x08002a18   Section        0  stm32f4xx_hal_cortex.o(.text.HAL_SYSTICK_Config)
    [Anonymous Symbol]                       0x08002a28   Section        0  stm32f4xx_hal_uart.o(.text.HAL_UART_Init)
    [Anonymous Symbol]                       0x08002ac4   Section        0  stm32f4xx_hal_uart.o(.text.HAL_UART_MspInit)
    [Anonymous Symbol]                       0x08002acc   Section        0  stm32f4xx_hal_uart.o(.text.HAL_UART_Receive)
    [Anonymous Symbol]                       0x08002c30   Section        0  stm32f4xx_hal_uart.o(.text.HAL_UART_Transmit)
    [Anonymous Symbol]                       0x08002d80   Section        0  my_flash.o(.text.MY_FLASH_CloseStreamWriteN)
    MY_FLASH_EraseSector                     0x08002d91   Thumb Code    78  my_flash.o(.text.MY_FLASH_EraseSector)
    [Anonymous Symbol]                       0x08002d90   Section        0  my_flash.o(.text.MY_FLASH_EraseSector)
    [Anonymous Symbol]                       0x08002de0   Section        0  my_flash.o(.text.MY_FLASH_ReadN)
    [Anonymous Symbol]                       0x08002ea4   Section        0  my_flash.o(.text.MY_FLASH_SetSectorAddrs)
    [Anonymous Symbol]                       0x08002edc   Section        0  my_flash.o(.text.MY_FLASH_StreamWriteN)
    NVIC_EncodePriority                      0x08002fe1   Thumb Code   108  stm32f4xx_hal_cortex.o(.text.NVIC_EncodePriority)
    [Anonymous Symbol]                       0x08002fe0   Section        0  stm32f4xx_hal_cortex.o(.text.NVIC_EncodePriority)
    SysTick_Config                           0x0800304d   Thumb Code    82  stm32f4xx_hal_cortex.o(.text.SysTick_Config)
    [Anonymous Symbol]                       0x0800304c   Section        0  stm32f4xx_hal_cortex.o(.text.SysTick_Config)
    [Anonymous Symbol]                       0x080030a0   Section        0  main.o(.text.SysTick_Handler)
    [Anonymous Symbol]                       0x080030a8   Section        0  system_stm32f4xx.o(.text.SystemInit)
    UART_SetConfig                           0x080030bd   Thumb Code   314  stm32f4xx_hal_uart.o(.text.UART_SetConfig)
    [Anonymous Symbol]                       0x080030bc   Section        0  stm32f4xx_hal_uart.o(.text.UART_SetConfig)
    UART_WaitOnFlagUntilTimeout              0x080031f9   Thumb Code   210  stm32f4xx_hal_uart.o(.text.UART_WaitOnFlagUntilTimeout)
    [Anonymous Symbol]                       0x080031f8   Section        0  stm32f4xx_hal_uart.o(.text.UART_WaitOnFlagUntilTimeout)
    XMODEM_GetChar                           0x080032cd   Thumb Code    34  xmodem.o(.text.XMODEM_GetChar)
    [Anonymous Symbol]                       0x080032cc   Section        0  xmodem.o(.text.XMODEM_GetChar)
    XMODEM_GetCrc                            0x080032f1   Thumb Code   108  xmodem.o(.text.XMODEM_GetCrc)
    [Anonymous Symbol]                       0x080032f0   Section        0  xmodem.o(.text.XMODEM_GetCrc)
    XMODEM_GetPacket                         0x0800335d   Thumb Code   178  xmodem.o(.text.XMODEM_GetPacket)
    [Anonymous Symbol]                       0x0800335c   Section        0  xmodem.o(.text.XMODEM_GetPacket)
    XMODEM_Getbytes                          0x08003411   Thumb Code   114  xmodem.o(.text.XMODEM_Getbytes)
    [Anonymous Symbol]                       0x08003410   Section        0  xmodem.o(.text.XMODEM_Getbytes)
    XMODEM_PutChar                           0x08003485   Thumb Code    34  xmodem.o(.text.XMODEM_PutChar)
    [Anonymous Symbol]                       0x08003484   Section        0  xmodem.o(.text.XMODEM_PutChar)
    [Anonymous Symbol]                       0x080034a8   Section        0  xmodem.o(.text.XMODEM_ReceiveFileInPackages)
    __NVIC_GetPriorityGrouping               0x08003681   Thumb Code    16  stm32f4xx_hal_cortex.o(.text.__NVIC_GetPriorityGrouping)
    [Anonymous Symbol]                       0x08003680   Section        0  stm32f4xx_hal_cortex.o(.text.__NVIC_GetPriorityGrouping)
    __NVIC_SetPriority                       0x08003691   Thumb Code    66  stm32f4xx_hal_cortex.o(.text.__NVIC_SetPriority)
    [Anonymous Symbol]                       0x08003690   Section        0  stm32f4xx_hal_cortex.o(.text.__NVIC_SetPriority)
    __NVIC_SetPriorityGrouping               0x080036d5   Thumb Code    60  stm32f4xx_hal_cortex.o(.text.__NVIC_SetPriorityGrouping)
    [Anonymous Symbol]                       0x080036d4   Section        0  stm32f4xx_hal_cortex.o(.text.__NVIC_SetPriorityGrouping)
    [Anonymous Symbol]                       0x08003710   Section        0  main.o(.text.fputc)
    [Anonymous Symbol]                       0x08003734   Section        0  main.o(.text.main)
    [Anonymous Symbol]                       0x080039b4   Section        0  main.o(.text.vClockConfig)
    [Anonymous Symbol]                       0x08003a54   Section        0  main.o(.text.vGpioConfig)
    [Anonymous Symbol]                       0x08003b14   Section        0  main.o(.text.vUartInit)
    CL$$btod_d2e                             0x08003b84   Section       62  btod.o(CL$$btod_d2e)
    CL$$btod_d2e_denorm_low                  0x08003bc2   Section       70  btod.o(CL$$btod_d2e_denorm_low)
    CL$$btod_d2e_norm_op1                    0x08003c08   Section       96  btod.o(CL$$btod_d2e_norm_op1)
    CL$$btod_div_common                      0x08003c68   Section      824  btod.o(CL$$btod_div_common)
    CL$$btod_e2e                             0x08003fa0   Section      220  btod.o(CL$$btod_e2e)
    CL$$btod_ediv                            0x0800407c   Section       42  btod.o(CL$$btod_ediv)
    CL$$btod_emul                            0x080040a6   Section       42  btod.o(CL$$btod_emul)
    CL$$btod_mult_common                     0x080040d0   Section      580  btod.o(CL$$btod_mult_common)
    i.__ARM_fpclassify                       0x08004314   Section        0  fpclassify.o(i.__ARM_fpclassify)
    i._is_digit                              0x08004344   Section        0  __printf_wp.o(i._is_digit)
    locale$$code                             0x08004354   Section       44  lc_numeric_c.o(locale$$code)
    locale$$code                             0x08004380   Section       44  lc_ctype_c.o(locale$$code)
    $v0                                      0x080043ac   Number         0  fpinit.o(x$fpl$fpinit)
    x$fpl$fpinit                             0x080043ac   Section       26  fpinit.o(x$fpl$fpinit)
    $v0                                      0x080043c6   Number         0  printf1.o(x$fpl$printf1)
    x$fpl$printf1                            0x080043c6   Section        4  printf1.o(x$fpl$printf1)
    $v0                                      0x080043ca   Number         0  printf2.o(x$fpl$printf2)
    x$fpl$printf2                            0x080043ca   Section        4  printf2.o(x$fpl$printf2)
    x$fpl$usenofp                            0x080043ce   Section        0  usenofp.o(x$fpl$usenofp)
    initial_mbstate                          0x080043d0   Data           8  _printf_wctomb.o(.constdata)
    .constdata                               0x080043d0   Section        8  _printf_wctomb.o(.constdata)
    uc_hextab                                0x080043d8   Data          20  _printf_hex_int_ll_ptr.o(.constdata)
    .constdata                               0x080043d8   Section       40  _printf_hex_int_ll_ptr.o(.constdata)
    lc_hextab                                0x080043ec   Data          20  _printf_hex_int_ll_ptr.o(.constdata)
    maptable                                 0x08004400   Data          17  __printf_flags_ss_wp.o(.constdata)
    .constdata                               0x08004400   Section       17  __printf_flags_ss_wp.o(.constdata)
    lc_hextab                                0x08004411   Data          19  _printf_fp_hex.o(.constdata)
    .constdata                               0x08004411   Section       38  _printf_fp_hex.o(.constdata)
    uc_hextab                                0x08004424   Data          19  _printf_fp_hex.o(.constdata)
    tenpwrs_x                                0x08004438   Data          60  bigflt0.o(.constdata)
    .constdata                               0x08004438   Section      148  bigflt0.o(.constdata)
    tenpwrs_i                                0x08004474   Data          64  bigflt0.o(.constdata)
    .L.str.2                                 0x080044e4   Data          31  main.o(.rodata.str1.1)
    [Anonymous Symbol]                       0x080044e4   Section        0  main.o(.rodata.str1.1)
    .L.str.1                                 0x08004503   Data          22  main.o(.rodata.str1.1)
    .L.str.6                                 0x08004519   Data          29  main.o(.rodata.str1.1)
    .L.str                                   0x08004536   Data          29  main.o(.rodata.str1.1)
    .L.str.4                                 0x08004553   Data          13  main.o(.rodata.str1.1)
    .L.str.7                                 0x08004560   Data          20  main.o(.rodata.str1.1)
    .L.str.8                                 0x08004574   Data          18  main.o(.rodata.str1.1)
    .L.str.5                                 0x08004586   Data          38  main.o(.rodata.str1.1)
    .L.str.3                                 0x080045ac   Data          29  main.o(.rodata.str1.1)
    locale$$data                             0x080045ec   Section       28  lc_numeric_c.o(locale$$data)
    __lcnum_c_name                           0x080045f0   Data           2  lc_numeric_c.o(locale$$data)
    __lcnum_c_start                          0x080045f8   Data           0  lc_numeric_c.o(locale$$data)
    __lcnum_c_point                          0x08004604   Data           0  lc_numeric_c.o(locale$$data)
    __lcnum_c_thousands                      0x08004606   Data           0  lc_numeric_c.o(locale$$data)
    __lcnum_c_grouping                       0x08004607   Data           0  lc_numeric_c.o(locale$$data)
    __lcnum_c_end                            0x08004608   Data           0  lc_numeric_c.o(locale$$data)
    locale$$data                             0x08004608   Section      272  lc_ctype_c.o(locale$$data)
    __lcctype_c_name                         0x0800460c   Data           2  lc_ctype_c.o(locale$$data)
    __lcctype_c_start                        0x08004614   Data           0  lc_ctype_c.o(locale$$data)
    __lcctype_c_end                          0x08004718   Data           0  lc_ctype_c.o(locale$$data)
    u8PackageNumber                          0x20000004   Data           1  xmodem.o(.data.u8PackageNumber)
    [Anonymous Symbol]                       0x20000004   Section        0  xmodem.o(.data.u8PackageNumber)
    .bss                                     0x20000010   Section       96  libspace.o(.bss)
    MY_SectorAddrs                           0x20000070   Data           4  my_flash.o(.bss.MY_SectorAddrs)
    [Anonymous Symbol]                       0x20000070   Section        0  my_flash.o(.bss.MY_SectorAddrs)
    MY_SectorNbr                             0x20000074   Data           1  my_flash.o(.bss.MY_SectorNbr)
    [Anonymous Symbol]                       0x20000074   Section        0  my_flash.o(.bss.MY_SectorNbr)
    MY_SectorNum                             0x20000075   Data           1  my_flash.o(.bss.MY_SectorNum)
    [Anonymous Symbol]                       0x20000075   Section        0  my_flash.o(.bss.MY_SectorNum)
    bIsStreamWritingToFlashStarted           0x200000cc   Data           1  my_flash.o(.bss.bIsStreamWritingToFlashStarted)
    [Anonymous Symbol]                       0x200000cc   Section        0  my_flash.o(.bss.bIsStreamWritingToFlashStarted)
    Heap_Mem                                 0x20000210   Data         512  startup_stm32f429xx.o(HEAP)
    HEAP                                     0x20000210   Section      512  startup_stm32f429xx.o(HEAP)
    Stack_Mem                                0x20000410   Data        1024  startup_stm32f429xx.o(STACK)
    STACK                                    0x20000410   Section     1024  startup_stm32f429xx.o(STACK)
    __initial_sp                             0x20000810   Data           0  startup_stm32f429xx.o(STACK)

    Global Symbols

    Symbol Name                              Value     Ov Type        Size  Object(Section)

    BuildAttributes$$THM_ISAv4$E$P$D$K$B$S$7EM$VFPi3$EXTD16$VFPS$VFMA$PE$A:L22UL41UL21$X:L11$S22US41US21$IEEE1$IW$~IW$USESV6$~STKCKD$USESV7$~SHL$OTIME$ROPI$IEEEJ$EBA8$UX$STANDARDLIB$REQ8$PRES8$EABIv2 0x00000000   Number         0  anon$$obj.o ABSOLUTE
    _printf_flags                            0x00000000   Number         0  printf_stubs.o ABSOLUTE
    _printf_return_value                     0x00000000   Number         0  printf_stubs.o ABSOLUTE
    _printf_sizespec                         0x00000000   Number         0  printf_stubs.o ABSOLUTE
    _printf_widthprec                        0x00000000   Number         0  printf_stubs.o ABSOLUTE
    __ARM_exceptions_init                     - Undefined Weak Reference
    __alloca_initialize                       - Undefined Weak Reference
    __arm_preinit_                            - Undefined Weak Reference
    __arm_relocate_pie_                       - Undefined Weak Reference
    __cpp_initialize__aeabi_                  - Undefined Weak Reference
    __cxa_finalize                            - Undefined Weak Reference
    __sigvec_lookup                           - Undefined Weak Reference
    _atexit_init                              - Undefined Weak Reference
    _call_atexit_fns                          - Undefined Weak Reference
    _clock_init                               - Undefined Weak Reference
    _fp_trap_init                             - Undefined Weak Reference
    _fp_trap_shutdown                         - Undefined Weak Reference
    _get_lc_collate                           - Undefined Weak Reference
    _get_lc_monetary                          - Undefined Weak Reference
    _get_lc_time                              - Undefined Weak Reference
    _getenv_init                              - Undefined Weak Reference
    _handle_redirection                       - Undefined Weak Reference
    _init_alloc                               - Undefined Weak Reference
    _init_user_alloc                          - Undefined Weak Reference
    _initio                                   - Undefined Weak Reference
    _mutex_acquire                            - Undefined Weak Reference
    _mutex_release                            - Undefined Weak Reference
    _printf_mbtowc                            - Undefined Weak Reference
    _printf_wc                                - Undefined Weak Reference
    _rand_init                                - Undefined Weak Reference
    _signal_finish                            - Undefined Weak Reference
    _signal_init                              - Undefined Weak Reference
    _terminate_alloc                          - Undefined Weak Reference
    _terminate_user_alloc                     - Undefined Weak Reference
    _terminateio                              - Undefined Weak Reference
    __Vectors_Size                           0x000001ac   Number         0  startup_stm32f429xx.o ABSOLUTE
    __Vectors                                0x08000000   Data           4  startup_stm32f429xx.o(RESET)
    __Vectors_End                            0x080001ac   Data           0  startup_stm32f429xx.o(RESET)
    __main                                   0x080001ad   Thumb Code     8  __main.o(!!!main)
    __scatterload                            0x080001b5   Thumb Code     0  __scatter.o(!!!scatter)
    __scatterload_rt2                        0x080001b5   Thumb Code    44  __scatter.o(!!!scatter)
    __scatterload_rt2_thumb_only             0x080001b5   Thumb Code     0  __scatter.o(!!!scatter)
    __scatterload_null                       0x080001c3   Thumb Code     0  __scatter.o(!!!scatter)
    __scatterload_copy                       0x080001e9   Thumb Code    26  __scatter_copy.o(!!handler_copy)
    __scatterload_zeroinit                   0x08000205   Thumb Code    28  __scatter_zi.o(!!handler_zi)
    _printf_n                                0x08000221   Thumb Code     0  _printf_n.o(.ARM.Collect$$_printf_percent$$00000001)
    _printf_percent                          0x08000221   Thumb Code     0  _printf_percent.o(.ARM.Collect$$_printf_percent$$00000000)
    _printf_p                                0x08000227   Thumb Code     0  _printf_p.o(.ARM.Collect$$_printf_percent$$00000002)
    _printf_f                                0x0800022d   Thumb Code     0  _printf_f.o(.ARM.Collect$$_printf_percent$$00000003)
    _printf_e                                0x08000233   Thumb Code     0  _printf_e.o(.ARM.Collect$$_printf_percent$$00000004)
    _printf_g                                0x08000239   Thumb Code     0  _printf_g.o(.ARM.Collect$$_printf_percent$$00000005)
    _printf_a                                0x0800023f   Thumb Code     0  _printf_a.o(.ARM.Collect$$_printf_percent$$00000006)
    _printf_ll                               0x08000245   Thumb Code     0  _printf_ll.o(.ARM.Collect$$_printf_percent$$00000007)
    _printf_i                                0x0800024f   Thumb Code     0  _printf_i.o(.ARM.Collect$$_printf_percent$$00000008)
    _printf_d                                0x08000255   Thumb Code     0  _printf_d.o(.ARM.Collect$$_printf_percent$$00000009)
    _printf_u                                0x0800025b   Thumb Code     0  _printf_u.o(.ARM.Collect$$_printf_percent$$0000000A)
    _printf_o                                0x08000261   Thumb Code     0  _printf_o.o(.ARM.Collect$$_printf_percent$$0000000B)
    _printf_x                                0x08000267   Thumb Code     0  _printf_x.o(.ARM.Collect$$_printf_percent$$0000000C)
    _printf_lli                              0x0800026d   Thumb Code     0  _printf_lli.o(.ARM.Collect$$_printf_percent$$0000000D)
    _printf_lld                              0x08000273   Thumb Code     0  _printf_lld.o(.ARM.Collect$$_printf_percent$$0000000E)
    _printf_llu                              0x08000279   Thumb Code     0  _printf_llu.o(.ARM.Collect$$_printf_percent$$0000000F)
    _printf_llo                              0x0800027f   Thumb Code     0  _printf_llo.o(.ARM.Collect$$_printf_percent$$00000010)
    _printf_llx                              0x08000285   Thumb Code     0  _printf_llx.o(.ARM.Collect$$_printf_percent$$00000011)
    _printf_l                                0x0800028b   Thumb Code     0  _printf_l.o(.ARM.Collect$$_printf_percent$$00000012)
    _printf_c                                0x08000295   Thumb Code     0  _printf_c.o(.ARM.Collect$$_printf_percent$$00000013)
    _printf_s                                0x0800029b   Thumb Code     0  _printf_s.o(.ARM.Collect$$_printf_percent$$00000014)
    _printf_lc                               0x080002a1   Thumb Code     0  _printf_lc.o(.ARM.Collect$$_printf_percent$$00000015)
    _printf_ls                               0x080002a7   Thumb Code     0  _printf_ls.o(.ARM.Collect$$_printf_percent$$00000016)
    _printf_percent_end                      0x080002ad   Thumb Code     0  _printf_percent_end.o(.ARM.Collect$$_printf_percent$$00000017)
    __rt_lib_init                            0x080002b1   Thumb Code     0  libinit.o(.ARM.Collect$$libinit$$00000000)
    __rt_lib_init_fp_1                       0x080002b3   Thumb Code     0  libinit2.o(.ARM.Collect$$libinit$$00000001)
    __rt_lib_init_heap_1                     0x080002b7   Thumb Code     0  libinit2.o(.ARM.Collect$$libinit$$0000000C)
    __rt_lib_init_lc_common                  0x080002b7   Thumb Code     0  libinit2.o(.ARM.Collect$$libinit$$00000011)
    __rt_lib_init_preinit_1                  0x080002b7   Thumb Code     0  libinit2.o(.ARM.Collect$$libinit$$00000006)
    __rt_lib_init_rand_1                     0x080002b7   Thumb Code     0  libinit2.o(.ARM.Collect$$libinit$$00000010)
    __rt_lib_init_relocate_pie_1             0x080002b7   Thumb Code     0  libinit2.o(.ARM.Collect$$libinit$$00000004)
    __rt_lib_init_user_alloc_1               0x080002b7   Thumb Code     0  libinit2.o(.ARM.Collect$$libinit$$0000000E)
    __rt_lib_init_lc_collate_1               0x080002bd   Thumb Code     0  libinit2.o(.ARM.Collect$$libinit$$00000013)
    __rt_lib_init_lc_ctype_2                 0x080002bd   Thumb Code     0  libinit2.o(.ARM.Collect$$libinit$$00000014)
    __rt_lib_init_lc_ctype_1                 0x080002c9   Thumb Code     0  libinit2.o(.ARM.Collect$$libinit$$00000015)
    __rt_lib_init_lc_monetary_1              0x080002c9   Thumb Code     0  libinit2.o(.ARM.Collect$$libinit$$00000017)
    __rt_lib_init_lc_numeric_2               0x080002c9   Thumb Code     0  libinit2.o(.ARM.Collect$$libinit$$00000018)
    __rt_lib_init_alloca_1                   0x080002d3   Thumb Code     0  libinit2.o(.ARM.Collect$$libinit$$00000030)
    __rt_lib_init_argv_1                     0x080002d3   Thumb Code     0  libinit2.o(.ARM.Collect$$libinit$$0000002E)
    __rt_lib_init_atexit_1                   0x080002d3   Thumb Code     0  libinit2.o(.ARM.Collect$$libinit$$0000001D)
    __rt_lib_init_clock_1                    0x080002d3   Thumb Code     0  libinit2.o(.ARM.Collect$$libinit$$00000023)
    __rt_lib_init_cpp_1                      0x080002d3   Thumb Code     0  libinit2.o(.ARM.Collect$$libinit$$00000034)
    __rt_lib_init_exceptions_1               0x080002d3   Thumb Code     0  libinit2.o(.ARM.Collect$$libinit$$00000032)
    __rt_lib_init_fp_trap_1                  0x080002d3   Thumb Code     0  libinit2.o(.ARM.Collect$$libinit$$00000021)
    __rt_lib_init_getenv_1                   0x080002d3   Thumb Code     0  libinit2.o(.ARM.Collect$$libinit$$00000025)
    __rt_lib_init_lc_numeric_1               0x080002d3   Thumb Code     0  libinit2.o(.ARM.Collect$$libinit$$00000019)
    __rt_lib_init_lc_time_1                  0x080002d3   Thumb Code     0  libinit2.o(.ARM.Collect$$libinit$$0000001B)
    __rt_lib_init_return                     0x080002d3   Thumb Code     0  libinit2.o(.ARM.Collect$$libinit$$00000035)
    __rt_lib_init_signal_1                   0x080002d3   Thumb Code     0  libinit2.o(.ARM.Collect$$libinit$$0000001F)
    __rt_lib_init_stdio_1                    0x080002d3   Thumb Code     0  libinit2.o(.ARM.Collect$$libinit$$00000027)
    __rt_lib_shutdown                        0x080002d5   Thumb Code     0  libshutdown.o(.ARM.Collect$$libshutdown$$00000000)
    __rt_lib_shutdown_cpp_1                  0x080002d7   Thumb Code     0  libshutdown2.o(.ARM.Collect$$libshutdown$$00000002)
    __rt_lib_shutdown_fp_trap_1              0x080002d7   Thumb Code     0  libshutdown2.o(.ARM.Collect$$libshutdown$$00000007)
    __rt_lib_shutdown_heap_1                 0x080002d7   Thumb Code     0  libshutdown2.o(.ARM.Collect$$libshutdown$$0000000F)
    __rt_lib_shutdown_return                 0x080002d7   Thumb Code     0  libshutdown2.o(.ARM.Collect$$libshutdown$$00000010)
    __rt_lib_shutdown_signal_1               0x080002d7   Thumb Code     0  libshutdown2.o(.ARM.Collect$$libshutdown$$0000000A)
    __rt_lib_shutdown_stdio_1                0x080002d7   Thumb Code     0  libshutdown2.o(.ARM.Collect$$libshutdown$$00000004)
    __rt_lib_shutdown_user_alloc_1           0x080002d7   Thumb Code     0  libshutdown2.o(.ARM.Collect$$libshutdown$$0000000C)
    __rt_entry                               0x080002d9   Thumb Code     0  __rtentry.o(.ARM.Collect$$rtentry$$00000000)
    __rt_entry_presh_1                       0x080002d9   Thumb Code     0  __rtentry2.o(.ARM.Collect$$rtentry$$00000002)
    __rt_entry_sh                            0x080002d9   Thumb Code     0  __rtentry4.o(.ARM.Collect$$rtentry$$00000004)
    __rt_entry_li                            0x080002df   Thumb Code     0  __rtentry2.o(.ARM.Collect$$rtentry$$0000000A)
    __rt_entry_postsh_1                      0x080002df   Thumb Code     0  __rtentry2.o(.ARM.Collect$$rtentry$$00000009)
    __rt_entry_main                          0x080002e3   Thumb Code     0  __rtentry2.o(.ARM.Collect$$rtentry$$0000000D)
    __rt_entry_postli_1                      0x080002e3   Thumb Code     0  __rtentry2.o(.ARM.Collect$$rtentry$$0000000C)
    __rt_exit                                0x080002eb   Thumb Code     0  rtexit.o(.ARM.Collect$$rtexit$$00000000)
    __rt_exit_ls                             0x080002ed   Thumb Code     0  rtexit2.o(.ARM.Collect$$rtexit$$00000003)
    __rt_exit_prels_1                        0x080002ed   Thumb Code     0  rtexit2.o(.ARM.Collect$$rtexit$$00000002)
    __rt_exit_exit                           0x080002f1   Thumb Code     0  rtexit2.o(.ARM.Collect$$rtexit$$00000004)
    Reset_Handler                            0x080002f9   Thumb Code     8  startup_stm32f429xx.o(.text)
    NMI_Handler                              0x08000301   Thumb Code     2  startup_stm32f429xx.o(.text)
    HardFault_Handler                        0x08000303   Thumb Code     2  startup_stm32f429xx.o(.text)
    MemManage_Handler                        0x08000305   Thumb Code     2  startup_stm32f429xx.o(.text)
    BusFault_Handler                         0x08000307   Thumb Code     2  startup_stm32f429xx.o(.text)
    UsageFault_Handler                       0x08000309   Thumb Code     2  startup_stm32f429xx.o(.text)
    SVC_Handler                              0x0800030b   Thumb Code     2  startup_stm32f429xx.o(.text)
    DebugMon_Handler                         0x0800030d   Thumb Code     2  startup_stm32f429xx.o(.text)
    PendSV_Handler                           0x0800030f   Thumb Code     2  startup_stm32f429xx.o(.text)
    ADC_IRQHandler                           0x08000313   Thumb Code     0  startup_stm32f429xx.o(.text)
    CAN1_RX0_IRQHandler                      0x08000313   Thumb Code     0  startup_stm32f429xx.o(.text)
    CAN1_RX1_IRQHandler                      0x08000313   Thumb Code     0  startup_stm32f429xx.o(.text)
    CAN1_SCE_IRQHandler                      0x08000313   Thumb Code     0  startup_stm32f429xx.o(.text)
    CAN1_TX_IRQHandler                       0x08000313   Thumb Code     0  startup_stm32f429xx.o(.text)
    CAN2_RX0_IRQHandler                      0x08000313   Thumb Code     0  startup_stm32f429xx.o(.text)
    CAN2_RX1_IRQHandler                      0x08000313   Thumb Code     0  startup_stm32f429xx.o(.text)
    CAN2_SCE_IRQHandler                      0x08000313   Thumb Code     0  startup_stm32f429xx.o(.text)
    CAN2_TX_IRQHandler                       0x08000313   Thumb Code     0  startup_stm32f429xx.o(.text)
    DCMI_IRQHandler                          0x08000313   Thumb Code     0  startup_stm32f429xx.o(.text)
    DMA1_Stream0_IRQHandler                  0x08000313   Thumb Code     0  startup_stm32f429xx.o(.text)
    DMA1_Stream1_IRQHandler                  0x08000313   Thumb Code     0  startup_stm32f429xx.o(.text)
    DMA1_Stream2_IRQHandler                  0x08000313   Thumb Code     0  startup_stm32f429xx.o(.text)
    DMA1_Stream3_IRQHandler                  0x08000313   Thumb Code     0  startup_stm32f429xx.o(.text)
    DMA1_Stream4_IRQHandler                  0x08000313   Thumb Code     0  startup_stm32f429xx.o(.text)
    DMA1_Stream5_IRQHandler                  0x08000313   Thumb Code     0  startup_stm32f429xx.o(.text)
    DMA1_Stream6_IRQHandler                  0x08000313   Thumb Code     0  startup_stm32f429xx.o(.text)
    DMA1_Stream7_IRQHandler                  0x08000313   Thumb Code     0  startup_stm32f429xx.o(.text)
    DMA2D_IRQHandler                         0x08000313   Thumb Code     0  startup_stm32f429xx.o(.text)
    DMA2_Stream0_IRQHandler                  0x08000313   Thumb Code     0  startup_stm32f429xx.o(.text)
    DMA2_Stream1_IRQHandler                  0x08000313   Thumb Code     0  startup_stm32f429xx.o(.text)
    DMA2_Stream2_IRQHandler                  0x08000313   Thumb Code     0  startup_stm32f429xx.o(.text)
    DMA2_Stream3_IRQHandler                  0x08000313   Thumb Code     0  startup_stm32f429xx.o(.text)
    DMA2_Stream4_IRQHandler                  0x08000313   Thumb Code     0  startup_stm32f429xx.o(.text)
    DMA2_Stream5_IRQHandler                  0x08000313   Thumb Code     0  startup_stm32f429xx.o(.text)
    DMA2_Stream6_IRQHandler                  0x08000313   Thumb Code     0  startup_stm32f429xx.o(.text)
    DMA2_Stream7_IRQHandler                  0x08000313   Thumb Code     0  startup_stm32f429xx.o(.text)
    ETH_IRQHandler                           0x08000313   Thumb Code     0  startup_stm32f429xx.o(.text)
    ETH_WKUP_IRQHandler                      0x08000313   Thumb Code     0  startup_stm32f429xx.o(.text)
    EXTI0_IRQHandler                         0x08000313   Thumb Code     0  startup_stm32f429xx.o(.text)
    EXTI15_10_IRQHandler                     0x08000313   Thumb Code     0  startup_stm32f429xx.o(.text)
    EXTI1_IRQHandler                         0x08000313   Thumb Code     0  startup_stm32f429xx.o(.text)
    EXTI2_IRQHandler                         0x08000313   Thumb Code     0  startup_stm32f429xx.o(.text)
    EXTI3_IRQHandler                         0x08000313   Thumb Code     0  startup_stm32f429xx.o(.text)
    EXTI4_IRQHandler                         0x08000313   Thumb Code     0  startup_stm32f429xx.o(.text)
    EXTI9_5_IRQHandler                       0x08000313   Thumb Code     0  startup_stm32f429xx.o(.text)
    FLASH_IRQHandler                         0x08000313   Thumb Code     0  startup_stm32f429xx.o(.text)
    FMC_IRQHandler                           0x08000313   Thumb Code     0  startup_stm32f429xx.o(.text)
    FPU_IRQHandler                           0x08000313   Thumb Code     0  startup_stm32f429xx.o(.text)
    HASH_RNG_IRQHandler                      0x08000313   Thumb Code     0  startup_stm32f429xx.o(.text)
    I2C1_ER_IRQHandler                       0x08000313   Thumb Code     0  startup_stm32f429xx.o(.text)
    I2C1_EV_IRQHandler                       0x08000313   Thumb Code     0  startup_stm32f429xx.o(.text)
    I2C2_ER_IRQHandler                       0x08000313   Thumb Code     0  startup_stm32f429xx.o(.text)
    I2C2_EV_IRQHandler                       0x08000313   Thumb Code     0  startup_stm32f429xx.o(.text)
    I2C3_ER_IRQHandler                       0x08000313   Thumb Code     0  startup_stm32f429xx.o(.text)
    I2C3_EV_IRQHandler                       0x08000313   Thumb Code     0  startup_stm32f429xx.o(.text)
    LTDC_ER_IRQHandler                       0x08000313   Thumb Code     0  startup_stm32f429xx.o(.text)
    LTDC_IRQHandler                          0x08000313   Thumb Code     0  startup_stm32f429xx.o(.text)
    OTG_FS_IRQHandler                        0x08000313   Thumb Code     0  startup_stm32f429xx.o(.text)
    OTG_FS_WKUP_IRQHandler                   0x08000313   Thumb Code     0  startup_stm32f429xx.o(.text)
    OTG_HS_EP1_IN_IRQHandler                 0x08000313   Thumb Code     0  startup_stm32f429xx.o(.text)
    OTG_HS_EP1_OUT_IRQHandler                0x08000313   Thumb Code     0  startup_stm32f429xx.o(.text)
    OTG_HS_IRQHandler                        0x08000313   Thumb Code     0  startup_stm32f429xx.o(.text)
    OTG_HS_WKUP_IRQHandler                   0x08000313   Thumb Code     0  startup_stm32f429xx.o(.text)
    PVD_IRQHandler                           0x08000313   Thumb Code     0  startup_stm32f429xx.o(.text)
    RCC_IRQHandler                           0x08000313   Thumb Code     0  startup_stm32f429xx.o(.text)
    RTC_Alarm_IRQHandler                     0x08000313   Thumb Code     0  startup_stm32f429xx.o(.text)
    RTC_WKUP_IRQHandler                      0x08000313   Thumb Code     0  startup_stm32f429xx.o(.text)
    SAI1_IRQHandler                          0x08000313   Thumb Code     0  startup_stm32f429xx.o(.text)
    SDIO_IRQHandler                          0x08000313   Thumb Code     0  startup_stm32f429xx.o(.text)
    SPI1_IRQHandler                          0x08000313   Thumb Code     0  startup_stm32f429xx.o(.text)
    SPI2_IRQHandler                          0x08000313   Thumb Code     0  startup_stm32f429xx.o(.text)
    SPI3_IRQHandler                          0x08000313   Thumb Code     0  startup_stm32f429xx.o(.text)
    SPI4_IRQHandler                          0x08000313   Thumb Code     0  startup_stm32f429xx.o(.text)
    SPI5_IRQHandler                          0x08000313   Thumb Code     0  startup_stm32f429xx.o(.text)
    SPI6_IRQHandler                          0x08000313   Thumb Code     0  startup_stm32f429xx.o(.text)
    TAMP_STAMP_IRQHandler                    0x08000313   Thumb Code     0  startup_stm32f429xx.o(.text)
    TIM1_BRK_TIM9_IRQHandler                 0x08000313   Thumb Code     0  startup_stm32f429xx.o(.text)
    TIM1_CC_IRQHandler                       0x08000313   Thumb Code     0  startup_stm32f429xx.o(.text)
    TIM1_TRG_COM_TIM11_IRQHandler            0x08000313   Thumb Code     0  startup_stm32f429xx.o(.text)
    TIM1_UP_TIM10_IRQHandler                 0x08000313   Thumb Code     0  startup_stm32f429xx.o(.text)
    TIM2_IRQHandler                          0x08000313   Thumb Code     0  startup_stm32f429xx.o(.text)
    TIM3_IRQHandler                          0x08000313   Thumb Code     0  startup_stm32f429xx.o(.text)
    TIM4_IRQHandler                          0x08000313   Thumb Code     0  startup_stm32f429xx.o(.text)
    TIM5_IRQHandler                          0x08000313   Thumb Code     0  startup_stm32f429xx.o(.text)
    TIM6_DAC_IRQHandler                      0x08000313   Thumb Code     0  startup_stm32f429xx.o(.text)
    TIM7_IRQHandler                          0x08000313   Thumb Code     0  startup_stm32f429xx.o(.text)
    TIM8_BRK_TIM12_IRQHandler                0x08000313   Thumb Code     0  startup_stm32f429xx.o(.text)
    TIM8_CC_IRQHandler                       0x08000313   Thumb Code     0  startup_stm32f429xx.o(.text)
    TIM8_TRG_COM_TIM14_IRQHandler            0x08000313   Thumb Code     0  startup_stm32f429xx.o(.text)
    TIM8_UP_TIM13_IRQHandler                 0x08000313   Thumb Code     0  startup_stm32f429xx.o(.text)
    UART4_IRQHandler                         0x08000313   Thumb Code     0  startup_stm32f429xx.o(.text)
    UART5_IRQHandler                         0x08000313   Thumb Code     0  startup_stm32f429xx.o(.text)
    UART7_IRQHandler                         0x08000313   Thumb Code     0  startup_stm32f429xx.o(.text)
    UART8_IRQHandler                         0x08000313   Thumb Code     0  startup_stm32f429xx.o(.text)
    USART1_IRQHandler                        0x08000313   Thumb Code     0  startup_stm32f429xx.o(.text)
    USART2_IRQHandler                        0x08000313   Thumb Code     0  startup_stm32f429xx.o(.text)
    USART3_IRQHandler                        0x08000313   Thumb Code     0  startup_stm32f429xx.o(.text)
    USART6_IRQHandler                        0x08000313   Thumb Code     0  startup_stm32f429xx.o(.text)
    WWDG_IRQHandler                          0x08000313   Thumb Code     0  startup_stm32f429xx.o(.text)
    __user_initial_stackheap                 0x08000315   Thumb Code     0  startup_stm32f429xx.o(.text)
    __aeabi_uldivmod                         0x08000339   Thumb Code     0  lludivv7m.o(.text)
    _ll_udiv                                 0x08000339   Thumb Code   240  lludivv7m.o(.text)
    printf                                   0x08000429   Thumb Code    20  printf.o(.text)
    __aeabi_memclr4                          0x08000441   Thumb Code     0  rt_memclr_w.o(.text)
    __aeabi_memclr8                          0x08000441   Thumb Code     0  rt_memclr_w.o(.text)
    __rt_memclr_w                            0x08000441   Thumb Code     0  rt_memclr_w.o(.text)
    _memset_w                                0x08000445   Thumb Code    74  rt_memclr_w.o(.text)
    __use_two_region_memory                  0x0800048f   Thumb Code     2  heapauxi.o(.text)
    __rt_heap_escrow$2region                 0x08000491   Thumb Code     2  heapauxi.o(.text)
    __rt_heap_expand$2region                 0x08000493   Thumb Code     2  heapauxi.o(.text)
    _printf_pre_padding                      0x08000495   Thumb Code    44  _printf_pad.o(.text)
    _printf_post_padding                     0x080004c1   Thumb Code    34  _printf_pad.o(.text)
    _printf_truncate_signed                  0x080004e3   Thumb Code    18  _printf_truncate.o(.text)
    _printf_truncate_unsigned                0x080004f5   Thumb Code    18  _printf_truncate.o(.text)
    _printf_str                              0x08000507   Thumb Code    82  _printf_str.o(.text)
    _printf_int_dec                          0x08000559   Thumb Code   104  _printf_dec.o(.text)
    _printf_charcount                        0x080005d1   Thumb Code    40  _printf_charcount.o(.text)
    _printf_char_file                        0x080005f9   Thumb Code    32  _printf_char_file.o(.text)
    _printf_wctomb                           0x0800061d   Thumb Code   182  _printf_wctomb.o(.text)
    _printf_longlong_dec                     0x080006d9   Thumb Code   108  _printf_longlong_dec.o(.text)
    _printf_longlong_oct                     0x08000755   Thumb Code    68  _printf_oct_int_ll.o(.text)
    _printf_int_oct                          0x08000799   Thumb Code    24  _printf_oct_int_ll.o(.text)
    _printf_ll_oct                           0x080007b1   Thumb Code    12  _printf_oct_int_ll.o(.text)
    _printf_longlong_hex                     0x080007c5   Thumb Code    86  _printf_hex_int_ll_ptr.o(.text)
    _printf_int_hex                          0x0800081b   Thumb Code    28  _printf_hex_int_ll_ptr.o(.text)
    _printf_ll_hex                           0x08000837   Thumb Code    12  _printf_hex_int_ll_ptr.o(.text)
    _printf_hex_ptr                          0x08000843   Thumb Code    18  _printf_hex_int_ll_ptr.o(.text)
    __printf                                 0x08000859   Thumb Code   388  __printf_flags_ss_wp.o(.text)
    _ll_udiv10                               0x080009e1   Thumb Code   138  lludiv10.o(.text)
    _printf_int_common                       0x08000a6b   Thumb Code   178  _printf_intcommon.o(.text)
    _printf_fp_dec_real                      0x08000ccd   Thumb Code   620  _printf_fp_dec.o(.text)
    _printf_fp_hex_real                      0x08000f39   Thumb Code   756  _printf_fp_hex.o(.text)
    _printf_char_common                      0x0800123f   Thumb Code    32  _printf_char_common.o(.text)
    _printf_cs_common                        0x08001265   Thumb Code    20  _printf_char.o(.text)
    _printf_char                             0x08001279   Thumb Code    16  _printf_char.o(.text)
    _printf_string                           0x08001289   Thumb Code     8  _printf_char.o(.text)
    _printf_lcs_common                       0x08001291   Thumb Code    20  _printf_wchar.o(.text)
    _printf_wchar                            0x080012a5   Thumb Code    16  _printf_wchar.o(.text)
    _printf_wstring                          0x080012b5   Thumb Code     8  _printf_wchar.o(.text)
    ferror                                   0x080012bd   Thumb Code     8  ferror.o(.text)
    _c16rtomb                                0x080012c5   Thumb Code    72  _c16rtomb.o(.text)
    _wcrtomb                                 0x080012c5   Thumb Code     0  _c16rtomb.o(.text)
    __user_setup_stackheap                   0x0800130d   Thumb Code    74  sys_stackheap_outer.o(.text)
    __rt_ctype_table                         0x08001359   Thumb Code    16  rt_ctype_table.o(.text)
    __rt_locale                              0x08001369   Thumb Code     8  rt_locale_intlibspace.o(.text)
    _printf_fp_infnan                        0x08001371   Thumb Code   112  _printf_fp_infnan.o(.text)
    _btod_etento                             0x080013f1   Thumb Code   224  bigflt0.o(.text)
    exit                                     0x080014d5   Thumb Code    18  exit.o(.text)
    __user_libspace                          0x080014e9   Thumb Code     8  libspace.o(.text)
    __user_perproc_libspace                  0x080014e9   Thumb Code     0  libspace.o(.text)
    __user_perthread_libspace                0x080014e9   Thumb Code     0  libspace.o(.text)
    strcmp                                   0x080014f1   Thumb Code   124  strcmpv7em.o(.text)
    _sys_exit                                0x0800156d   Thumb Code     8  sys_exit.o(.text)
    __I$use$semihosting                      0x08001579   Thumb Code     0  use_no_semi.o(.text)
    __use_no_semihosting_swi                 0x08001579   Thumb Code     2  use_no_semi.o(.text)
    __semihosting_library_function           0x0800157b   Thumb Code     0  indicate_semi.o(.text)
    FLASH_Erase_Sector                       0x0800157d   Thumb Code   148  stm32f4xx_hal_flash_ex.o(.text.FLASH_Erase_Sector)
    FLASH_WaitForLastOperation               0x08001805   Thumb Code   164  stm32f4xx_hal_flash.o(.text.FLASH_WaitForLastOperation)
    HAL_Delay                                0x080018a9   Thumb Code    66  stm32f4xx_hal.o(.text.HAL_Delay)
    HAL_FLASH_Lock                           0x080018ed   Thumb Code    20  stm32f4xx_hal_flash.o(.text.HAL_FLASH_Lock)
    HAL_FLASH_Program                        0x08001901   Thumb Code   216  stm32f4xx_hal_flash.o(.text.HAL_FLASH_Program)
    HAL_FLASH_Unlock                         0x080019d9   Thumb Code    86  stm32f4xx_hal_flash.o(.text.HAL_FLASH_Unlock)
    HAL_GPIO_Init                            0x08001a31   Thumb Code  1006  stm32f4xx_hal_gpio.o(.text.HAL_GPIO_Init)
    HAL_GPIO_ReadPin                         0x08001e21   Thumb Code    46  stm32f4xx_hal_gpio.o(.text.HAL_GPIO_ReadPin)
    HAL_GPIO_TogglePin                       0x08001e51   Thumb Code    38  stm32f4xx_hal_gpio.o(.text.HAL_GPIO_TogglePin)
    HAL_GPIO_WritePin                        0x08001e79   Thumb Code    46  stm32f4xx_hal_gpio.o(.text.HAL_GPIO_WritePin)
    HAL_GetTick                              0x08001ea9   Thumb Code    12  stm32f4xx_hal.o(.text.HAL_GetTick)
    HAL_IncTick                              0x08001eb5   Thumb Code    26  stm32f4xx_hal.o(.text.HAL_IncTick)
    HAL_Init                                 0x08001ed1   Thumb Code    46  stm32f4xx_hal.o(.text.HAL_Init)
    HAL_InitTick                             0x08001f01   Thumb Code   112  stm32f4xx_hal.o(.text.HAL_InitTick)
    HAL_MspInit                              0x08001f71   Thumb Code     2  stm32f4xx_hal.o(.text.HAL_MspInit)
    HAL_NVIC_SetPriority                     0x08001f75   Thumb Code    50  stm32f4xx_hal_cortex.o(.text.HAL_NVIC_SetPriority)
    HAL_NVIC_SetPriorityGrouping             0x08001fa9   Thumb Code    16  stm32f4xx_hal_cortex.o(.text.HAL_NVIC_SetPriorityGrouping)
    HAL_RCC_ClockConfig                      0x08001fb9   Thumb Code   610  stm32f4xx_hal_rcc.o(.text.HAL_RCC_ClockConfig)
    HAL_RCC_GetHCLKFreq                      0x0800221d   Thumb Code    12  stm32f4xx_hal_rcc.o(.text.HAL_RCC_GetHCLKFreq)
    HAL_RCC_GetPCLK1Freq                     0x08002229   Thumb Code    34  stm32f4xx_hal_rcc.o(.text.HAL_RCC_GetPCLK1Freq)
    HAL_RCC_GetPCLK2Freq                     0x0800224d   Thumb Code    34  stm32f4xx_hal_rcc.o(.text.HAL_RCC_GetPCLK2Freq)
    HAL_RCC_GetSysClockFreq                  0x08002271   Thumb Code   230  stm32f4xx_hal_rcc.o(.text.HAL_RCC_GetSysClockFreq)
    HAL_RCC_OscConfig                        0x08002359   Thumb Code  1726  stm32f4xx_hal_rcc.o(.text.HAL_RCC_OscConfig)
    HAL_SYSTICK_Config                       0x08002a19   Thumb Code    16  stm32f4xx_hal_cortex.o(.text.HAL_SYSTICK_Config)
    HAL_UART_Init                            0x08002a29   Thumb Code   154  stm32f4xx_hal_uart.o(.text.HAL_UART_Init)
    HAL_UART_MspInit                         0x08002ac5   Thumb Code     8  stm32f4xx_hal_uart.o(.text.HAL_UART_MspInit)
    HAL_UART_Receive                         0x08002acd   Thumb Code   356  stm32f4xx_hal_uart.o(.text.HAL_UART_Receive)
    HAL_UART_Transmit                        0x08002c31   Thumb Code   334  stm32f4xx_hal_uart.o(.text.HAL_UART_Transmit)
    MY_FLASH_CloseStreamWriteN               0x08002d81   Thumb Code    14  my_flash.o(.text.MY_FLASH_CloseStreamWriteN)
    MY_FLASH_ReadN                           0x08002de1   Thumb Code   196  my_flash.o(.text.MY_FLASH_ReadN)
    MY_FLASH_SetSectorAddrs                  0x08002ea5   Thumb Code    56  my_flash.o(.text.MY_FLASH_SetSectorAddrs)
    MY_FLASH_StreamWriteN                    0x08002edd   Thumb Code   258  my_flash.o(.text.MY_FLASH_StreamWriteN)
    SysTick_Handler                          0x080030a1   Thumb Code     8  main.o(.text.SysTick_Handler)
    SystemInit                               0x080030a9   Thumb Code    18  system_stm32f4xx.o(.text.SystemInit)
    XMODEM_ReceiveFileInPackages             0x080034a9   Thumb Code   472  xmodem.o(.text.XMODEM_ReceiveFileInPackages)
    fputc                                    0x08003711   Thumb Code    34  main.o(.text.fputc)
    main                                     0x08003735   Thumb Code   638  main.o(.text.main)
    vClockConfig                             0x080039b5   Thumb Code   160  main.o(.text.vClockConfig)
    vGpioConfig                              0x08003a55   Thumb Code   192  main.o(.text.vGpioConfig)
    vUartInit                                0x08003b15   Thumb Code   112  main.o(.text.vUartInit)
    _btod_d2e                                0x08003b85   Thumb Code    62  btod.o(CL$$btod_d2e)
    _d2e_denorm_low                          0x08003bc3   Thumb Code    70  btod.o(CL$$btod_d2e_denorm_low)
    _d2e_norm_op1                            0x08003c09   Thumb Code    96  btod.o(CL$$btod_d2e_norm_op1)
    __btod_div_common                        0x08003c69   Thumb Code   696  btod.o(CL$$btod_div_common)
    _e2e                                     0x08003fa1   Thumb Code   220  btod.o(CL$$btod_e2e)
    _btod_ediv                               0x0800407d   Thumb Code    42  btod.o(CL$$btod_ediv)
    _btod_emul                               0x080040a7   Thumb Code    42  btod.o(CL$$btod_emul)
    __btod_mult_common                       0x080040d1   Thumb Code   580  btod.o(CL$$btod_mult_common)
    __ARM_fpclassify                         0x08004315   Thumb Code    48  fpclassify.o(i.__ARM_fpclassify)
    _is_digit                                0x08004345   Thumb Code    14  __printf_wp.o(i._is_digit)
    _get_lc_numeric                          0x08004355   Thumb Code    44  lc_numeric_c.o(locale$$code)
    _get_lc_ctype                            0x08004381   Thumb Code    44  lc_ctype_c.o(locale$$code)
    _fp_init                                 0x080043ad   Thumb Code    26  fpinit.o(x$fpl$fpinit)
    __fplib_config_fpu_vfp                   0x080043c5   Thumb Code     0  fpinit.o(x$fpl$fpinit)
    __fplib_config_pureend_doubles           0x080043c5   Thumb Code     0  fpinit.o(x$fpl$fpinit)
    _printf_fp_dec                           0x080043c7   Thumb Code     4  printf1.o(x$fpl$printf1)
    _printf_fp_hex                           0x080043cb   Thumb Code     4  printf2.o(x$fpl$printf2)
    __I$use$fp                               0x080043ce   Number         0  usenofp.o(x$fpl$usenofp)
    AHBPrescTable                            0x080044cc   Data          16  system_stm32f4xx.o(.rodata.AHBPrescTable)
    APBPrescTable                            0x080044dc   Data           8  system_stm32f4xx.o(.rodata.APBPrescTable)
    Region$$Table$$Base                      0x080045cc   Number         0  anon$$obj.o(Region$$Table)
    Region$$Table$$Limit                     0x080045ec   Number         0  anon$$obj.o(Region$$Table)
    __ctype                                  0x08004615   Data           0  lc_ctype_c.o(locale$$data)
    SystemCoreClock                          0x20000000   Data           4  system_stm32f4xx.o(.data.SystemCoreClock)
    uwTickFreq                               0x20000005   Data           1  stm32f4xx_hal.o(.data.uwTickFreq)
    uwTickPrio                               0x20000008   Data           4  stm32f4xx_hal.o(.data.uwTickPrio)
    __libspace_start                         0x20000010   Data          96  libspace.o(.bss)
    __temporary_stack_top$libspace           0x20000070   Data           0  libspace.o(.bss)
    __stdout                                 0x20000078   Data          84  main.o(.bss.__stdout)
    bStop                                    0x200000cd   Data           1  main.o(.bss.bStop)
    cRrror                                   0x200000ce   Data           1  xmodem.o(.bss.cRrror)
    huart1                                   0x200000d0   Data          68  main.o(.bss.huart1)
    pBuffer                                  0x20000114   Data         200  main.o(.bss.pBuffer)
    pFlash                                   0x200001dc   Data          32  stm32f4xx_hal_flash.o(.bss.pFlash)
    u16ReceivedBytes                         0x200001fc   Data           2  main.o(.bss.u16ReceivedBytes)
    u32ApplicationFlashMemoryIndex           0x20000200   Data           4  main.o(.bss.u32ApplicationFlashMemoryIndex)
    u8FmkDownloadButtonTimeout_100ms         0x20000204   Data           1  main.o(.bss.u8FmkDownloadButtonTimeout_100ms)
    uwTick                                   0x20000208   Data           4  stm32f4xx_hal.o(.bss.uwTick)



==============================================================================

Memory Map of the image

  Image Entry point : 0x080001ad

  Load Region LR_IROM1 (Base: 0x08000000, Size: 0x00004728, Max: 0x00200000, ABSOLUTE)

    Execution Region ER_IROM1 (Exec base: 0x08000000, Load base: 0x08000000, Size: 0x00004718, Max: 0x00200000, ABSOLUTE)

    Exec Addr    Load Addr    Size         Type   Attr      Idx    E Section Name        Object

    0x08000000   0x08000000   0x000001ac   Data   RO          646    RESET               startup_stm32f429xx.o
    0x080001ac   0x080001ac   0x00000008   Code   RO          677  * !!!main             c_w.l(__main.o)
    0x080001b4   0x080001b4   0x00000034   Code   RO         1028    !!!scatter          c_w.l(__scatter.o)
    0x080001e8   0x080001e8   0x0000001a   Code   RO         1030    !!handler_copy      c_w.l(__scatter_copy.o)
    0x08000202   0x08000202   0x00000002   PAD
    0x08000204   0x08000204   0x0000001c   Code   RO         1032    !!handler_zi        c_w.l(__scatter_zi.o)
    0x08000220   0x08000220   0x00000000   Code   RO          763    .ARM.Collect$$_printf_percent$$00000000  c_w.l(_printf_percent.o)
    0x08000220   0x08000220   0x00000006   Code   RO          752    .ARM.Collect$$_printf_percent$$00000001  c_w.l(_printf_n.o)
    0x08000226   0x08000226   0x00000006   Code   RO          754    .ARM.Collect$$_printf_percent$$00000002  c_w.l(_printf_p.o)
    0x0800022c   0x0800022c   0x00000006   Code   RO          759    .ARM.Collect$$_printf_percent$$00000003  c_w.l(_printf_f.o)
    0x08000232   0x08000232   0x00000006   Code   RO          760    .ARM.Collect$$_printf_percent$$00000004  c_w.l(_printf_e.o)
    0x08000238   0x08000238   0x00000006   Code   RO          761    .ARM.Collect$$_printf_percent$$00000005  c_w.l(_printf_g.o)
    0x0800023e   0x0800023e   0x00000006   Code   RO          762    .ARM.Collect$$_printf_percent$$00000006  c_w.l(_printf_a.o)
    0x08000244   0x08000244   0x0000000a   Code   RO          767    .ARM.Collect$$_printf_percent$$00000007  c_w.l(_printf_ll.o)
    0x0800024e   0x0800024e   0x00000006   Code   RO          756    .ARM.Collect$$_printf_percent$$00000008  c_w.l(_printf_i.o)
    0x08000254   0x08000254   0x00000006   Code   RO          757    .ARM.Collect$$_printf_percent$$00000009  c_w.l(_printf_d.o)
    0x0800025a   0x0800025a   0x00000006   Code   RO          758    .ARM.Collect$$_printf_percent$$0000000A  c_w.l(_printf_u.o)
    0x08000260   0x08000260   0x00000006   Code   RO          755    .ARM.Collect$$_printf_percent$$0000000B  c_w.l(_printf_o.o)
    0x08000266   0x08000266   0x00000006   Code   RO          753    .ARM.Collect$$_printf_percent$$0000000C  c_w.l(_printf_x.o)
    0x0800026c   0x0800026c   0x00000006   Code   RO          764    .ARM.Collect$$_printf_percent$$0000000D  c_w.l(_printf_lli.o)
    0x08000272   0x08000272   0x00000006   Code   RO          765    .ARM.Collect$$_printf_percent$$0000000E  c_w.l(_printf_lld.o)
    0x08000278   0x08000278   0x00000006   Code   RO          766    .ARM.Collect$$_printf_percent$$0000000F  c_w.l(_printf_llu.o)
    0x0800027e   0x0800027e   0x00000006   Code   RO          771    .ARM.Collect$$_printf_percent$$00000010  c_w.l(_printf_llo.o)
    0x08000284   0x08000284   0x00000006   Code   RO          772    .ARM.Collect$$_printf_percent$$00000011  c_w.l(_printf_llx.o)
    0x0800028a   0x0800028a   0x0000000a   Code   RO          768    .ARM.Collect$$_printf_percent$$00000012  c_w.l(_printf_l.o)
    0x08000294   0x08000294   0x00000006   Code   RO          750    .ARM.Collect$$_printf_percent$$00000013  c_w.l(_printf_c.o)
    0x0800029a   0x0800029a   0x00000006   Code   RO          751    .ARM.Collect$$_printf_percent$$00000014  c_w.l(_printf_s.o)
    0x080002a0   0x080002a0   0x00000006   Code   RO          769    .ARM.Collect$$_printf_percent$$00000015  c_w.l(_printf_lc.o)
    0x080002a6   0x080002a6   0x00000006   Code   RO          770    .ARM.Collect$$_printf_percent$$00000016  c_w.l(_printf_ls.o)
    0x080002ac   0x080002ac   0x00000004   Code   RO          815    .ARM.Collect$$_printf_percent$$00000017  c_w.l(_printf_percent_end.o)
    0x080002b0   0x080002b0   0x00000002   Code   RO          876    .ARM.Collect$$libinit$$00000000  c_w.l(libinit.o)
    0x080002b2   0x080002b2   0x00000004   Code   RO          900    .ARM.Collect$$libinit$$00000001  c_w.l(libinit2.o)
    0x080002b6   0x080002b6   0x00000000   Code   RO          903    .ARM.Collect$$libinit$$00000004  c_w.l(libinit2.o)
    0x080002b6   0x080002b6   0x00000000   Code   RO          905    .ARM.Collect$$libinit$$00000006  c_w.l(libinit2.o)
    0x080002b6   0x080002b6   0x00000000   Code   RO          908    .ARM.Collect$$libinit$$0000000C  c_w.l(libinit2.o)
    0x080002b6   0x080002b6   0x00000000   Code   RO          910    .ARM.Collect$$libinit$$0000000E  c_w.l(libinit2.o)
    0x080002b6   0x080002b6   0x00000000   Code   RO          912    .ARM.Collect$$libinit$$00000010  c_w.l(libinit2.o)
    0x080002b6   0x080002b6   0x00000006   Code   RO          913    .ARM.Collect$$libinit$$00000011  c_w.l(libinit2.o)
    0x080002bc   0x080002bc   0x00000000   Code   RO          915    .ARM.Collect$$libinit$$00000013  c_w.l(libinit2.o)
    0x080002bc   0x080002bc   0x0000000c   Code   RO          916    .ARM.Collect$$libinit$$00000014  c_w.l(libinit2.o)
    0x080002c8   0x080002c8   0x00000000   Code   RO          917    .ARM.Collect$$libinit$$00000015  c_w.l(libinit2.o)
    0x080002c8   0x080002c8   0x00000000   Code   RO          919    .ARM.Collect$$libinit$$00000017  c_w.l(libinit2.o)
    0x080002c8   0x080002c8   0x0000000a   Code   RO          920    .ARM.Collect$$libinit$$00000018  c_w.l(libinit2.o)
    0x080002d2   0x080002d2   0x00000000   Code   RO          921    .ARM.Collect$$libinit$$00000019  c_w.l(libinit2.o)
    0x080002d2   0x080002d2   0x00000000   Code   RO          923    .ARM.Collect$$libinit$$0000001B  c_w.l(libinit2.o)
    0x080002d2   0x080002d2   0x00000000   Code   RO          925    .ARM.Collect$$libinit$$0000001D  c_w.l(libinit2.o)
    0x080002d2   0x080002d2   0x00000000   Code   RO          927    .ARM.Collect$$libinit$$0000001F  c_w.l(libinit2.o)
    0x080002d2   0x080002d2   0x00000000   Code   RO          929    .ARM.Collect$$libinit$$00000021  c_w.l(libinit2.o)
    0x080002d2   0x080002d2   0x00000000   Code   RO          931    .ARM.Collect$$libinit$$00000023  c_w.l(libinit2.o)
    0x080002d2   0x080002d2   0x00000000   Code   RO          933    .ARM.Collect$$libinit$$00000025  c_w.l(libinit2.o)
    0x080002d2   0x080002d2   0x00000000   Code   RO          935    .ARM.Collect$$libinit$$00000027  c_w.l(libinit2.o)
    0x080002d2   0x080002d2   0x00000000   Code   RO          939    .ARM.Collect$$libinit$$0000002E  c_w.l(libinit2.o)
    0x080002d2   0x080002d2   0x00000000   Code   RO          941    .ARM.Collect$$libinit$$00000030  c_w.l(libinit2.o)
    0x080002d2   0x080002d2   0x00000000   Code   RO          943    .ARM.Collect$$libinit$$00000032  c_w.l(libinit2.o)
    0x080002d2   0x080002d2   0x00000000   Code   RO          945    .ARM.Collect$$libinit$$00000034  c_w.l(libinit2.o)
    0x080002d2   0x080002d2   0x00000002   Code   RO          946    .ARM.Collect$$libinit$$00000035  c_w.l(libinit2.o)
    0x080002d4   0x080002d4   0x00000002   Code   RO          983    .ARM.Collect$$libshutdown$$00000000  c_w.l(libshutdown.o)
    0x080002d6   0x080002d6   0x00000000   Code   RO         1011    .ARM.Collect$$libshutdown$$00000002  c_w.l(libshutdown2.o)
    0x080002d6   0x080002d6   0x00000000   Code   RO         1013    .ARM.Collect$$libshutdown$$00000004  c_w.l(libshutdown2.o)
    0x080002d6   0x080002d6   0x00000000   Code   RO         1016    .ARM.Collect$$libshutdown$$00000007  c_w.l(libshutdown2.o)
    0x080002d6   0x080002d6   0x00000000   Code   RO         1019    .ARM.Collect$$libshutdown$$0000000A  c_w.l(libshutdown2.o)
    0x080002d6   0x080002d6   0x00000000   Code   RO         1021    .ARM.Collect$$libshutdown$$0000000C  c_w.l(libshutdown2.o)
    0x080002d6   0x080002d6   0x00000000   Code   RO         1024    .ARM.Collect$$libshutdown$$0000000F  c_w.l(libshutdown2.o)
    0x080002d6   0x080002d6   0x00000002   Code   RO         1025    .ARM.Collect$$libshutdown$$00000010  c_w.l(libshutdown2.o)
    0x080002d8   0x080002d8   0x00000000   Code   RO          679    .ARM.Collect$$rtentry$$00000000  c_w.l(__rtentry.o)
    0x080002d8   0x080002d8   0x00000000   Code   RO          782    .ARM.Collect$$rtentry$$00000002  c_w.l(__rtentry2.o)
    0x080002d8   0x080002d8   0x00000006   Code   RO          794    .ARM.Collect$$rtentry$$00000004  c_w.l(__rtentry4.o)
    0x080002de   0x080002de   0x00000000   Code   RO          784    .ARM.Collect$$rtentry$$00000009  c_w.l(__rtentry2.o)
    0x080002de   0x080002de   0x00000004   Code   RO          785    .ARM.Collect$$rtentry$$0000000A  c_w.l(__rtentry2.o)
    0x080002e2   0x080002e2   0x00000000   Code   RO          787    .ARM.Collect$$rtentry$$0000000C  c_w.l(__rtentry2.o)
    0x080002e2   0x080002e2   0x00000008   Code   RO          788    .ARM.Collect$$rtentry$$0000000D  c_w.l(__rtentry2.o)
    0x080002ea   0x080002ea   0x00000002   Code   RO          885    .ARM.Collect$$rtexit$$00000000  c_w.l(rtexit.o)
    0x080002ec   0x080002ec   0x00000000   Code   RO          952    .ARM.Collect$$rtexit$$00000002  c_w.l(rtexit2.o)
    0x080002ec   0x080002ec   0x00000004   Code   RO          953    .ARM.Collect$$rtexit$$00000003  c_w.l(rtexit2.o)
    0x080002f0   0x080002f0   0x00000006   Code   RO          954    .ARM.Collect$$rtexit$$00000004  c_w.l(rtexit2.o)
    0x080002f6   0x080002f6   0x00000002   PAD
    0x080002f8   0x080002f8   0x00000040   Code   RO          647    .text               startup_stm32f429xx.o
    0x08000338   0x08000338   0x000000f0   Code   RO          669    .text               c_w.l(lludivv7m.o)
    0x08000428   0x08000428   0x00000018   Code   RO          671    .text               c_w.l(printf.o)
    0x08000440   0x08000440   0x0000004e   Code   RO          673    .text               c_w.l(rt_memclr_w.o)
    0x0800048e   0x0800048e   0x00000006   Code   RO          675    .text               c_w.l(heapauxi.o)
    0x08000494   0x08000494   0x0000004e   Code   RO          686    .text               c_w.l(_printf_pad.o)
    0x080004e2   0x080004e2   0x00000024   Code   RO          688    .text               c_w.l(_printf_truncate.o)
    0x08000506   0x08000506   0x00000052   Code   RO          690    .text               c_w.l(_printf_str.o)
    0x08000558   0x08000558   0x00000078   Code   RO          692    .text               c_w.l(_printf_dec.o)
    0x080005d0   0x080005d0   0x00000028   Code   RO          694    .text               c_w.l(_printf_charcount.o)
    0x080005f8   0x080005f8   0x00000024   Code   RO          696    .text               c_w.l(_printf_char_file.o)
    0x0800061c   0x0800061c   0x000000bc   Code   RO          698    .text               c_w.l(_printf_wctomb.o)
    0x080006d8   0x080006d8   0x0000007c   Code   RO          701    .text               c_w.l(_printf_longlong_dec.o)
    0x08000754   0x08000754   0x00000070   Code   RO          707    .text               c_w.l(_printf_oct_int_ll.o)
    0x080007c4   0x080007c4   0x00000094   Code   RO          727    .text               c_w.l(_printf_hex_int_ll_ptr.o)
    0x08000858   0x08000858   0x00000188   Code   RO          747    .text               c_w.l(__printf_flags_ss_wp.o)
    0x080009e0   0x080009e0   0x0000008a   Code   RO          798    .text               c_w.l(lludiv10.o)
    0x08000a6a   0x08000a6a   0x000000b2   Code   RO          800    .text               c_w.l(_printf_intcommon.o)
    0x08000b1c   0x08000b1c   0x0000041c   Code   RO          802    .text               c_w.l(_printf_fp_dec.o)
    0x08000f38   0x08000f38   0x000002fc   Code   RO          806    .text               c_w.l(_printf_fp_hex.o)
    0x08001234   0x08001234   0x00000030   Code   RO          809    .text               c_w.l(_printf_char_common.o)
    0x08001264   0x08001264   0x0000002c   Code   RO          811    .text               c_w.l(_printf_char.o)
    0x08001290   0x08001290   0x0000002c   Code   RO          813    .text               c_w.l(_printf_wchar.o)
    0x080012bc   0x080012bc   0x00000008   Code   RO          816    .text               c_w.l(ferror.o)
    0x080012c4   0x080012c4   0x00000048   Code   RO          820    .text               c_w.l(_c16rtomb.o)
    0x0800130c   0x0800130c   0x0000004a   Code   RO          822    .text               c_w.l(sys_stackheap_outer.o)
    0x08001356   0x08001356   0x00000002   PAD
    0x08001358   0x08001358   0x00000010   Code   RO          824    .text               c_w.l(rt_ctype_table.o)
    0x08001368   0x08001368   0x00000008   Code   RO          829    .text               c_w.l(rt_locale_intlibspace.o)
    0x08001370   0x08001370   0x00000080   Code   RO          831    .text               c_w.l(_printf_fp_infnan.o)
    0x080013f0   0x080013f0   0x000000e4   Code   RO          835    .text               c_w.l(bigflt0.o)
    0x080014d4   0x080014d4   0x00000012   Code   RO          865    .text               c_w.l(exit.o)
    0x080014e6   0x080014e6   0x00000002   PAD
    0x080014e8   0x080014e8   0x00000008   Code   RO          882    .text               c_w.l(libspace.o)
    0x080014f0   0x080014f0   0x0000007c   Code   RO          898    .text               c_w.l(strcmpv7em.o)
    0x0800156c   0x0800156c   0x0000000c   Code   RO          947    .text               c_w.l(sys_exit.o)
    0x08001578   0x08001578   0x00000002   Code   RO          972    .text               c_w.l(use_no_semi.o)
    0x0800157a   0x0800157a   0x00000000   Code   RO          974    .text               c_w.l(indicate_semi.o)
    0x0800157a   0x0800157a   0x00000002   PAD
    0x0800157c   0x0800157c   0x00000094   Code   RO          318    .text.FLASH_Erase_Sector  stm32f4xx_hal_flash_ex.o
    0x08001610   0x08001610   0x00000030   Code   RO          276    .text.FLASH_Program_Byte  stm32f4xx_hal_flash.o
    0x08001640   0x08001640   0x0000003c   Code   RO          282    .text.FLASH_Program_DoubleWord  stm32f4xx_hal_flash.o
    0x0800167c   0x0800167c   0x00000034   Code   RO          278    .text.FLASH_Program_HalfWord  stm32f4xx_hal_flash.o
    0x080016b0   0x080016b0   0x00000030   Code   RO          280    .text.FLASH_Program_Word  stm32f4xx_hal_flash.o
    0x080016e0   0x080016e0   0x00000124   Code   RO          288    .text.FLASH_SetErrorCode  stm32f4xx_hal_flash.o
    0x08001804   0x08001804   0x000000a4   Code   RO          274    .text.FLASH_WaitForLastOperation  stm32f4xx_hal_flash.o
    0x080018a8   0x080018a8   0x00000042   Code   RO          100    .text.HAL_Delay     stm32f4xx_hal.o
    0x080018ea   0x080018ea   0x00000002   PAD
    0x080018ec   0x080018ec   0x00000014   Code   RO          296    .text.HAL_FLASH_Lock  stm32f4xx_hal_flash.o
    0x08001900   0x08001900   0x000000d8   Code   RO          272    .text.HAL_FLASH_Program  stm32f4xx_hal_flash.o
    0x080019d8   0x080019d8   0x00000056   Code   RO          294    .text.HAL_FLASH_Unlock  stm32f4xx_hal_flash.o
    0x08001a2e   0x08001a2e   0x00000002   PAD
    0x08001a30   0x08001a30   0x000003ee   Code   RO          369    .text.HAL_GPIO_Init  stm32f4xx_hal_gpio.o
    0x08001e1e   0x08001e1e   0x00000002   PAD
    0x08001e20   0x08001e20   0x0000002e   Code   RO          373    .text.HAL_GPIO_ReadPin  stm32f4xx_hal_gpio.o
    0x08001e4e   0x08001e4e   0x00000002   PAD
    0x08001e50   0x08001e50   0x00000026   Code   RO          377    .text.HAL_GPIO_TogglePin  stm32f4xx_hal_gpio.o
    0x08001e76   0x08001e76   0x00000002   PAD
    0x08001e78   0x08001e78   0x0000002e   Code   RO          375    .text.HAL_GPIO_WritePin  stm32f4xx_hal_gpio.o
    0x08001ea6   0x08001ea6   0x00000002   PAD
    0x08001ea8   0x08001ea8   0x0000000c   Code   RO           92    .text.HAL_GetTick   stm32f4xx_hal.o
    0x08001eb4   0x08001eb4   0x0000001a   Code   RO           90    .text.HAL_IncTick   stm32f4xx_hal.o
    0x08001ece   0x08001ece   0x00000002   PAD
    0x08001ed0   0x08001ed0   0x0000002e   Code   RO           80    .text.HAL_Init      stm32f4xx_hal.o
    0x08001efe   0x08001efe   0x00000002   PAD
    0x08001f00   0x08001f00   0x00000070   Code   RO           82    .text.HAL_InitTick  stm32f4xx_hal.o
    0x08001f70   0x08001f70   0x00000002   Code   RO           84    .text.HAL_MspInit   stm32f4xx_hal.o
    0x08001f72   0x08001f72   0x00000002   PAD
    0x08001f74   0x08001f74   0x00000032   Code   RO          152    .text.HAL_NVIC_SetPriority  stm32f4xx_hal_cortex.o
    0x08001fa6   0x08001fa6   0x00000002   PAD
    0x08001fa8   0x08001fa8   0x00000010   Code   RO          148    .text.HAL_NVIC_SetPriorityGrouping  stm32f4xx_hal_cortex.o
    0x08001fb8   0x08001fb8   0x00000262   Code   RO          462    .text.HAL_RCC_ClockConfig  stm32f4xx_hal_rcc.o
    0x0800221a   0x0800221a   0x00000002   PAD
    0x0800221c   0x0800221c   0x0000000c   Code   RO          472    .text.HAL_RCC_GetHCLKFreq  stm32f4xx_hal_rcc.o
    0x08002228   0x08002228   0x00000022   Code   RO          474    .text.HAL_RCC_GetPCLK1Freq  stm32f4xx_hal_rcc.o
    0x0800224a   0x0800224a   0x00000002   PAD
    0x0800224c   0x0800224c   0x00000022   Code   RO          476    .text.HAL_RCC_GetPCLK2Freq  stm32f4xx_hal_rcc.o
    0x0800226e   0x0800226e   0x00000002   PAD
    0x08002270   0x08002270   0x000000e6   Code   RO          464    .text.HAL_RCC_GetSysClockFreq  stm32f4xx_hal_rcc.o
    0x08002356   0x08002356   0x00000002   PAD
    0x08002358   0x08002358   0x000006be   Code   RO          460    .text.HAL_RCC_OscConfig  stm32f4xx_hal_rcc.o
    0x08002a16   0x08002a16   0x00000002   PAD
    0x08002a18   0x08002a18   0x00000010   Code   RO          172    .text.HAL_SYSTICK_Config  stm32f4xx_hal_cortex.o
    0x08002a28   0x08002a28   0x0000009a   Code   RO          516    .text.HAL_UART_Init  stm32f4xx_hal_uart.o
    0x08002ac2   0x08002ac2   0x00000002   PAD
    0x08002ac4   0x08002ac4   0x00000008   Code   RO          518    .text.HAL_UART_MspInit  stm32f4xx_hal_uart.o
    0x08002acc   0x08002acc   0x00000164   Code   RO          536    .text.HAL_UART_Receive  stm32f4xx_hal_uart.o
    0x08002c30   0x08002c30   0x0000014e   Code   RO          532    .text.HAL_UART_Transmit  stm32f4xx_hal_uart.o
    0x08002d7e   0x08002d7e   0x00000002   PAD
    0x08002d80   0x08002d80   0x0000000e   Code   RO           67    .text.MY_FLASH_CloseStreamWriteN  my_flash.o
    0x08002d8e   0x08002d8e   0x00000002   PAD
    0x08002d90   0x08002d90   0x0000004e   Code   RO           61    .text.MY_FLASH_EraseSector  my_flash.o
    0x08002dde   0x08002dde   0x00000002   PAD
    0x08002de0   0x08002de0   0x000000c4   Code   RO           63    .text.MY_FLASH_ReadN  my_flash.o
    0x08002ea4   0x08002ea4   0x00000038   Code   RO           57    .text.MY_FLASH_SetSectorAddrs  my_flash.o
    0x08002edc   0x08002edc   0x00000102   Code   RO           65    .text.MY_FLASH_StreamWriteN  my_flash.o
    0x08002fde   0x08002fde   0x00000002   PAD
    0x08002fe0   0x08002fe0   0x0000006c   Code   RO          158    .text.NVIC_EncodePriority  stm32f4xx_hal_cortex.o
    0x0800304c   0x0800304c   0x00000052   Code   RO          174    .text.SysTick_Config  stm32f4xx_hal_cortex.o
    0x0800309e   0x0800309e   0x00000002   PAD
    0x080030a0   0x080030a0   0x00000008   Code   RO           14    .text.SysTick_Handler  main.o
    0x080030a8   0x080030a8   0x00000012   Code   RO          654    .text.SystemInit    system_stm32f4xx.o
    0x080030ba   0x080030ba   0x00000002   PAD
    0x080030bc   0x080030bc   0x0000013a   Code   RO          520    .text.UART_SetConfig  stm32f4xx_hal_uart.o
    0x080031f6   0x080031f6   0x00000002   PAD
    0x080031f8   0x080031f8   0x000000d2   Code   RO          534    .text.UART_WaitOnFlagUntilTimeout  stm32f4xx_hal_uart.o
    0x080032ca   0x080032ca   0x00000002   PAD
    0x080032cc   0x080032cc   0x00000022   Code   RO           44    .text.XMODEM_GetChar  xmodem.o
    0x080032ee   0x080032ee   0x00000002   PAD
    0x080032f0   0x080032f0   0x0000006c   Code   RO           46    .text.XMODEM_GetCrc  xmodem.o
    0x0800335c   0x0800335c   0x000000b2   Code   RO           40    .text.XMODEM_GetPacket  xmodem.o
    0x0800340e   0x0800340e   0x00000002   PAD
    0x08003410   0x08003410   0x00000072   Code   RO           42    .text.XMODEM_Getbytes  xmodem.o
    0x08003482   0x08003482   0x00000002   PAD
    0x08003484   0x08003484   0x00000022   Code   RO           38    .text.XMODEM_PutChar  xmodem.o
    0x080034a6   0x080034a6   0x00000002   PAD
    0x080034a8   0x080034a8   0x000001d8   Code   RO           36    .text.XMODEM_ReceiveFileInPackages  xmodem.o
    0x08003680   0x08003680   0x00000010   Code   RO          154    .text.__NVIC_GetPriorityGrouping  stm32f4xx_hal_cortex.o
    0x08003690   0x08003690   0x00000042   Code   RO          156    .text.__NVIC_SetPriority  stm32f4xx_hal_cortex.o
    0x080036d2   0x080036d2   0x00000002   PAD
    0x080036d4   0x080036d4   0x0000003c   Code   RO          150    .text.__NVIC_SetPriorityGrouping  stm32f4xx_hal_cortex.o
    0x08003710   0x08003710   0x00000022   Code   RO           10    .text.fputc         main.o
    0x08003732   0x08003732   0x00000002   PAD
    0x08003734   0x08003734   0x0000027e   Code   RO            2    .text.main          main.o
    0x080039b2   0x080039b2   0x00000002   PAD
    0x080039b4   0x080039b4   0x000000a0   Code   RO            4    .text.vClockConfig  main.o
    0x08003a54   0x08003a54   0x000000c0   Code   RO            6    .text.vGpioConfig   main.o
    0x08003b14   0x08003b14   0x00000070   Code   RO            8    .text.vUartInit     main.o
    0x08003b84   0x08003b84   0x0000003e   Code   RO          838    CL$$btod_d2e        c_w.l(btod.o)
    0x08003bc2   0x08003bc2   0x00000046   Code   RO          840    CL$$btod_d2e_denorm_low  c_w.l(btod.o)
    0x08003c08   0x08003c08   0x00000060   Code   RO          839    CL$$btod_d2e_norm_op1  c_w.l(btod.o)
    0x08003c68   0x08003c68   0x00000338   Code   RO          848    CL$$btod_div_common  c_w.l(btod.o)
    0x08003fa0   0x08003fa0   0x000000dc   Code   RO          845    CL$$btod_e2e        c_w.l(btod.o)
    0x0800407c   0x0800407c   0x0000002a   Code   RO          842    CL$$btod_ediv       c_w.l(btod.o)
    0x080040a6   0x080040a6   0x0000002a   Code   RO          841    CL$$btod_emul       c_w.l(btod.o)
    0x080040d0   0x080040d0   0x00000244   Code   RO          847    CL$$btod_mult_common  c_w.l(btod.o)
    0x08004314   0x08004314   0x00000030   Code   RO          880    i.__ARM_fpclassify  m_wm.l(fpclassify.o)
    0x08004344   0x08004344   0x0000000e   Code   RO          740    i._is_digit         c_w.l(__printf_wp.o)
    0x08004352   0x08004352   0x00000002   PAD
    0x08004354   0x08004354   0x0000002c   Code   RO          863    locale$$code        c_w.l(lc_numeric_c.o)
    0x08004380   0x08004380   0x0000002c   Code   RO          892    locale$$code        c_w.l(lc_ctype_c.o)
    0x080043ac   0x080043ac   0x0000001a   Code   RO          966    x$fpl$fpinit        fz_wm.l(fpinit.o)
    0x080043c6   0x080043c6   0x00000004   Code   RO          773    x$fpl$printf1       fz_wm.l(printf1.o)
    0x080043ca   0x080043ca   0x00000004   Code   RO          775    x$fpl$printf2       fz_wm.l(printf2.o)
    0x080043ce   0x080043ce   0x00000000   Code   RO          879    x$fpl$usenofp       fz_wm.l(usenofp.o)
    0x080043ce   0x080043ce   0x00000002   PAD
    0x080043d0   0x080043d0   0x00000008   Data   RO          699    .constdata          c_w.l(_printf_wctomb.o)
    0x080043d8   0x080043d8   0x00000028   Data   RO          728    .constdata          c_w.l(_printf_hex_int_ll_ptr.o)
    0x08004400   0x08004400   0x00000011   Data   RO          748    .constdata          c_w.l(__printf_flags_ss_wp.o)
    0x08004411   0x08004411   0x00000026   Data   RO          807    .constdata          c_w.l(_printf_fp_hex.o)
    0x08004437   0x08004437   0x00000001   PAD
    0x08004438   0x08004438   0x00000094   Data   RO          836    .constdata          c_w.l(bigflt0.o)
    0x080044cc   0x080044cc   0x00000010   Data   RO          659    .rodata.AHBPrescTable  system_stm32f4xx.o
    0x080044dc   0x080044dc   0x00000008   Data   RO          660    .rodata.APBPrescTable  system_stm32f4xx.o
    0x080044e4   0x080044e4   0x000000e5   Data   RO           18    .rodata.str1.1      main.o
    0x080045c9   0x080045c9   0x00000003   PAD
    0x080045cc   0x080045cc   0x00000020   Data   RO         1027    Region$$Table       anon$$obj.o
    0x080045ec   0x080045ec   0x0000001c   Data   RO          862    locale$$data        c_w.l(lc_numeric_c.o)
    0x08004608   0x08004608   0x00000110   Data   RO          891    locale$$data        c_w.l(lc_ctype_c.o)


    Execution Region RW_IRAM2 (Exec base: 0x10000000, Load base: 0x08004728, Size: 0x00000000, Max: 0x00010000, ABSOLUTE)

    **** No section assigned to this execution region ****


    Execution Region RW_IRAM1 (Exec base: 0x20000000, Load base: 0x08004718, Size: 0x00000810, Max: 0x00030000, ABSOLUTE)

    Exec Addr    Load Addr    Size         Type   Attr      Idx    E Section Name        Object

    0x20000000   0x08004718   0x00000004   Data   RW          658    .data.SystemCoreClock  system_stm32f4xx.o
    0x20000004   0x0800471c   0x00000001   Data   RW           48    .data.u8PackageNumber  xmodem.o
    0x20000005   0x0800471d   0x00000001   Data   RW          139    .data.uwTickFreq    stm32f4xx_hal.o
    0x20000006   0x0800471e   0x00000002   PAD
    0x20000008   0x08004720   0x00000004   Data   RW          138    .data.uwTickPrio    stm32f4xx_hal.o
    0x2000000c   0x08004724   0x00000004   PAD
    0x20000010        -       0x00000060   Zero   RW          883    .bss                c_w.l(libspace.o)
    0x20000070        -       0x00000004   Zero   RW           71    .bss.MY_SectorAddrs  my_flash.o
    0x20000074        -       0x00000001   Zero   RW           70    .bss.MY_SectorNbr   my_flash.o
    0x20000075        -       0x00000001   Zero   RW           69    .bss.MY_SectorNum   my_flash.o
    0x20000076   0x08004724   0x00000002   PAD
    0x20000078        -       0x00000054   Zero   RW           26    .bss.__stdout       main.o
    0x200000cc        -       0x00000001   Zero   RW           72    .bss.bIsStreamWritingToFlashStarted  my_flash.o
    0x200000cd        -       0x00000001   Zero   RW           17    .bss.bStop          main.o
    0x200000ce        -       0x00000001   Zero   RW           49    .bss.cRrror         xmodem.o
    0x200000cf   0x08004724   0x00000001   PAD
    0x200000d0        -       0x00000044   Zero   RW           22    .bss.huart1         main.o
    0x20000114        -       0x000000c8   Zero   RW           20    .bss.pBuffer        main.o
    0x200001dc        -       0x00000020   Zero   RW          306    .bss.pFlash         stm32f4xx_hal_flash.o
    0x200001fc        -       0x00000002   Zero   RW           21    .bss.u16ReceivedBytes  main.o
    0x200001fe   0x08004724   0x00000002   PAD
    0x20000200        -       0x00000004   Zero   RW           16    .bss.u32ApplicationFlashMemoryIndex  main.o
    0x20000204        -       0x00000001   Zero   RW           19    .bss.u8FmkDownloadButtonTimeout_100ms  main.o
    0x20000205   0x08004724   0x00000003   PAD
    0x20000208        -       0x00000004   Zero   RW          140    .bss.uwTick         stm32f4xx_hal.o
    0x2000020c   0x08004724   0x00000004   PAD
    0x20000210        -       0x00000200   Zero   RW          645    HEAP                startup_stm32f429xx.o
    0x20000410        -       0x00000400   Zero   RW          644    STACK               startup_stm32f429xx.o


==============================================================================

Image component sizes


      Code (inc. data)   RO Data    RW Data    ZI Data      Debug   Object Name

      1144          6        229          0        360       7415   main.o
       602          0          0          0          7       2711   my_flash.o
        64         26        428          0       1536        908   startup_stm32f429xx.o
       264          0          0          5          4       7809   stm32f4xx_hal.o
       414          0          0          0          0       9892   stm32f4xx_hal_cortex.o
       986          0          0          0         32       5097   stm32f4xx_hal_flash.o
       148          0          0          0          0       7180   stm32f4xx_hal_flash_ex.o
      1136          0          0          0          0       5420   stm32f4xx_hal_gpio.o
      2646          0          0          0          0       7868   stm32f4xx_hal_rcc.o
      1376          0          0          0          0      20362   stm32f4xx_hal_uart.o
        18          0         24          4          0       2710   system_stm32f4xx.o
       940         28          0          1          1       3123   xmodem.o

    ----------------------------------------------------------------------
      9800         60        716         12       1956      80495   Object Totals
         0          0         32          0          0          0   (incl. Generated)
        62          0          3          2         16          0   (incl. Padding)

    ----------------------------------------------------------------------

      Code (inc. data)   RO Data    RW Data    ZI Data      Debug   Library Member Name

         8          0          0          0          0         68   __main.o
       392          4         17          0          0         92   __printf_flags_ss_wp.o
        14          0          0          0          0         68   __printf_wp.o
         0          0          0          0          0          0   __rtentry.o
        12          0          0          0          0          0   __rtentry2.o
         6          0          0          0          0          0   __rtentry4.o
        52          8          0          0          0          0   __scatter.o
        26          0          0          0          0          0   __scatter_copy.o
        28          0          0          0          0          0   __scatter_zi.o
        72          0          0          0          0         96   _c16rtomb.o
         6          0          0          0          0          0   _printf_a.o
         6          0          0          0          0          0   _printf_c.o
        44          0          0          0          0        108   _printf_char.o
        48          6          0          0          0         96   _printf_char_common.o
        36          4          0          0          0         80   _printf_char_file.o
        40          0          0          0          0         68   _printf_charcount.o
         6          0          0          0          0          0   _printf_d.o
       120         16          0          0          0         92   _printf_dec.o
         6          0          0          0          0          0   _printf_e.o
         6          0          0          0          0          0   _printf_f.o
      1052          0          0          0          0        148   _printf_fp_dec.o
       764          8         38          0          0        100   _printf_fp_hex.o
       128         16          0          0          0         84   _printf_fp_infnan.o
         6          0          0          0          0          0   _printf_g.o
       148          4         40          0          0        160   _printf_hex_int_ll_ptr.o
         6          0          0          0          0          0   _printf_i.o
       178          0          0          0          0         88   _printf_intcommon.o
        10          0          0          0          0          0   _printf_l.o
         6          0          0          0          0          0   _printf_lc.o
        10          0          0          0          0          0   _printf_ll.o
         6          0          0          0          0          0   _printf_lld.o
         6          0          0          0          0          0   _printf_lli.o
         6          0          0          0          0          0   _printf_llo.o
         6          0          0          0          0          0   _printf_llu.o
         6          0          0          0          0          0   _printf_llx.o
       124         16          0          0          0         92   _printf_longlong_dec.o
         6          0          0          0          0          0   _printf_ls.o
         6          0          0          0          0          0   _printf_n.o
         6          0          0          0          0          0   _printf_o.o
       112          8          0          0          0        124   _printf_oct_int_ll.o
         6          0          0          0          0          0   _printf_p.o
        78          0          0          0          0        108   _printf_pad.o
         0          0          0          0          0          0   _printf_percent.o
         4          0          0          0          0          0   _printf_percent_end.o
         6          0          0          0          0          0   _printf_s.o
        82          0          0          0          0         80   _printf_str.o
        36          0          0          0          0         84   _printf_truncate.o
         6          0          0          0          0          0   _printf_u.o
        44          0          0          0          0        108   _printf_wchar.o
       188          6          8          0          0         92   _printf_wctomb.o
         6          0          0          0          0          0   _printf_x.o
       228          4        148          0          0         96   bigflt0.o
      1936        128          0          0          0        668   btod.o
        18          0          0          0          0         80   exit.o
         8          0          0          0          0         68   ferror.o
         6          0          0          0          0        152   heapauxi.o
         0          0          0          0          0          0   indicate_semi.o
        44         10        272          0          0         76   lc_ctype_c.o
        44         10         28          0          0         76   lc_numeric_c.o
         2          0          0          0          0          0   libinit.o
        34          0          0          0          0          0   libinit2.o
         2          0          0          0          0          0   libshutdown.o
         2          0          0          0          0          0   libshutdown2.o
         8          4          0          0         96         68   libspace.o
       138          0          0          0          0         80   lludiv10.o
       240          0          0          0          0        100   lludivv7m.o
        24          4          0          0          0         84   printf.o
        16          4          0          0          0         76   rt_ctype_table.o
         8          4          0          0          0         68   rt_locale_intlibspace.o
        78          0          0          0          0         80   rt_memclr_w.o
         2          0          0          0          0          0   rtexit.o
        10          0          0          0          0          0   rtexit2.o
       124          0          0          0          0         88   strcmpv7em.o
        12          4          0          0          0         68   sys_exit.o
        74          0          0          0          0         80   sys_stackheap_outer.o
         2          0          0          0          0         68   use_no_semi.o
        26          0          0          0          0        116   fpinit.o
         4          0          0          0          0        116   printf1.o
         4          0          0          0          0        116   printf2.o
         0          0          0          0          0          0   usenofp.o
        48          0          0          0          0        124   fpclassify.o

    ----------------------------------------------------------------------
      7132        268        552          0         96       4584   Library Totals
        14          0          1          0          0          0   (incl. Padding)

    ----------------------------------------------------------------------

      Code (inc. data)   RO Data    RW Data    ZI Data      Debug   Library Name

      7036        268        551          0         96       4112   c_w.l
        34          0          0          0          0        348   fz_wm.l
        48          0          0          0          0        124   m_wm.l

    ----------------------------------------------------------------------
      7132        268        552          0         96       4584   Library Totals

    ----------------------------------------------------------------------

==============================================================================


      Code (inc. data)   RO Data    RW Data    ZI Data      Debug   

     16932        328       1268         12       2052      82495   Grand Totals
     16932        328       1268         12       2052      82495   ELF Image Totals
     16932        328       1268         12          0          0   ROM Totals

==============================================================================

    Total RO  Size (Code + RO Data)                18200 (  17.77kB)
    Total RW  Size (RW Data + ZI Data)              2064 (   2.02kB)
    Total ROM Size (Code + RO Data + RW Data)      18212 (  17.79kB)

==============================================================================

