Component: Arm Compiler for Embedded 6.19 Tool: armlink [5e73cb00]

==============================================================================

Section Cross References

    startup_stm32f429xx.o(STACK) refers (Special) to heapauxi.o(.text) for __use_two_region_memory
    startup_stm32f429xx.o(HEAP) refers (Special) to heapauxi.o(.text) for __use_two_region_memory
    startup_stm32f429xx.o(RESET) refers (Special) to heapauxi.o(.text) for __use_two_region_memory
    startup_stm32f429xx.o(RESET) refers to startup_stm32f429xx.o(STACK) for __initial_sp
    startup_stm32f429xx.o(RESET) refers to startup_stm32f429xx.o(.text) for Reset_Handler
    startup_stm32f429xx.o(RESET) refers to stm32f4xx_it.o(.text.NMI_Handler) for NMI_Handler
    startup_stm32f429xx.o(RESET) refers to stm32f4xx_it.o(.text.HardFault_Handler) for HardFault_Handler
    startup_stm32f429xx.o(RESET) refers to stm32f4xx_it.o(.text.MemManage_Handler) for MemManage_Handler
    startup_stm32f429xx.o(RESET) refers to stm32f4xx_it.o(.text.BusFault_Handler) for BusFault_Handler
    startup_stm32f429xx.o(RESET) refers to stm32f4xx_it.o(.text.UsageFault_Handler) for UsageFault_Handler
    startup_stm32f429xx.o(RESET) refers to stm32f4xx_it.o(.text.SVC_Handler) for SVC_Handler
    startup_stm32f429xx.o(RESET) refers to stm32f4xx_it.o(.text.DebugMon_Handler) for DebugMon_Handler
    startup_stm32f429xx.o(RESET) refers to stm32f4xx_it.o(.text.PendSV_Handler) for PendSV_Handler
    startup_stm32f429xx.o(RESET) refers to stm32f4xx_it.o(.text.SysTick_Handler) for SysTick_Handler
    startup_stm32f429xx.o(RESET) refers to main.o(.text.EXTI15_10_IRQHandler) for EXTI15_10_IRQHandler
    startup_stm32f429xx.o(.text) refers (Special) to heapauxi.o(.text) for __use_two_region_memory
    startup_stm32f429xx.o(.text) refers to system_stm32f4xx_1.o(.text.SystemInit) for SystemInit
    startup_stm32f429xx.o(.text) refers to __main.o(!!!main) for __main
    startup_stm32f429xx.o(.text) refers to startup_stm32f429xx.o(HEAP) for Heap_Mem
    startup_stm32f429xx.o(.text) refers to startup_stm32f429xx.o(STACK) for Stack_Mem
    main.o(.text) refers (Special) to _printf_percent.o(.ARM.Collect$$_printf_percent$$00000000) for _printf_percent
    main.o(.text) refers (Special) to _printf_pad.o(.text) for _printf_pre_padding
    main.o(.text) refers (Special) to _printf_s.o(.ARM.Collect$$_printf_percent$$00000014) for _printf_s
    main.o(.text) refers (Special) to _printf_n.o(.ARM.Collect$$_printf_percent$$00000001) for _printf_n
    main.o(.text) refers (Special) to _printf_charcount.o(.text) for _printf_charcount
    main.o(.text) refers (Special) to _printf_p.o(.ARM.Collect$$_printf_percent$$00000002) for _printf_p
    main.o(.text) refers (Special) to _printf_d.o(.ARM.Collect$$_printf_percent$$00000009) for _printf_d
    main.o(.text) refers (Special) to _printf_u.o(.ARM.Collect$$_printf_percent$$0000000A) for _printf_u
    main.o(.text) refers (Special) to _printf_f.o(.ARM.Collect$$_printf_percent$$00000003) for _printf_f
    main.o(.text) refers (Special) to _printf_ls.o(.ARM.Collect$$_printf_percent$$00000016) for _printf_ls
    main.o(.text) refers (Special) to _printf_dec.o(.text) for _printf_int_dec
    main.o(.text) refers (Special) to _printf_hex_int_ptr.o(.text) for _printf_longlong_hex
    main.o(.text) refers (Special) to printf1.o(x$fpl$printf1) for _printf_fp_dec
    main.o(.text) refers (Special) to _printf_str.o(.text) for _printf_str
    main.o(.text) refers (Special) to _printf_wctomb.o(.text) for _printf_wctomb
    main.o(.text) refers (Special) to _scanf_int.o(.text) for _scanf_int
    main.o(.text.main) refers (Special) to _printf_percent.o(.ARM.Collect$$_printf_percent$$00000000) for _printf_percent
    main.o(.text.main) refers (Special) to _printf_pad.o(.text) for _printf_pre_padding
    main.o(.text.main) refers (Special) to _printf_s.o(.ARM.Collect$$_printf_percent$$00000014) for _printf_s
    main.o(.text.main) refers (Special) to _printf_n.o(.ARM.Collect$$_printf_percent$$00000001) for _printf_n
    main.o(.text.main) refers (Special) to _printf_charcount.o(.text) for _printf_charcount
    main.o(.text.main) refers (Special) to _printf_p.o(.ARM.Collect$$_printf_percent$$00000002) for _printf_p
    main.o(.text.main) refers (Special) to _printf_d.o(.ARM.Collect$$_printf_percent$$00000009) for _printf_d
    main.o(.text.main) refers (Special) to _printf_u.o(.ARM.Collect$$_printf_percent$$0000000A) for _printf_u
    main.o(.text.main) refers (Special) to _printf_f.o(.ARM.Collect$$_printf_percent$$00000003) for _printf_f
    main.o(.text.main) refers (Special) to _printf_ls.o(.ARM.Collect$$_printf_percent$$00000016) for _printf_ls
    main.o(.text.main) refers (Special) to _printf_dec.o(.text) for _printf_int_dec
    main.o(.text.main) refers (Special) to _printf_hex_int_ptr.o(.text) for _printf_longlong_hex
    main.o(.text.main) refers (Special) to printf1.o(x$fpl$printf1) for _printf_fp_dec
[...]
    __rt_lib_init_alloca_1                   0x08000299   Thumb Code     0  libinit2.o(.ARM.Collect$$libinit$$00000030)
    __rt_lib_init_argv_1                     0x08000299   Thumb Code     0  libinit2.o(.ARM.Collect$$libinit$$0000002E)
    __rt_lib_init_atexit_1                   0x08000299   Thumb Code     0  libinit2.o(.ARM.Collect$$libinit$$0000001D)
    __rt_lib_init_clock_1                    0x08000299   Thumb Code     0  libinit2.o(.ARM.Collect$$libinit$$00000023)
    __rt_lib_init_cpp_1                      0x08000299   Thumb Code     0  libinit2.o(.ARM.Collect$$libinit$$00000034)
    __rt_lib_init_exceptions_1               0x08000299   Thumb Code     0  libinit2.o(.ARM.Collect$$libinit$$00000032)
    __rt_lib_init_fp_trap_1                  0x08000299   Thumb Code     0  libinit2.o(.ARM.Collect$$libinit$$00000021)
    __rt_lib_init_getenv_1                   0x08000299   Thumb Code     0  libinit2.o(.ARM.Collect$$libinit$$00000025)
    __rt_lib_init_lc_numeric_1               0x08000299   Thumb Code     0  libinit2.o(.ARM.Collect$$libinit$$00000019)
    __rt_lib_init_lc_time_1                  0x08000299   Thumb Code     0  libinit2.o(.ARM.Collect$$libinit$$0000001B)
    __rt_lib_init_return                     0x08000299   Thumb Code     0  libinit2.o(.ARM.Collect$$libinit$$00000035)
    __rt_lib_init_signal_1                   0x08000299   Thumb Code     0  libinit2.o(.ARM.Collect$$libinit$$0000001F)
    __rt_lib_init_stdio_1                    0x08000299   Thumb Code     0  libinit2.o(.ARM.Collect$$libinit$$00000027)
    __rt_lib_shutdown                        0x0800029b   Thumb Code     0  libshutdown.o(.ARM.Collect$$libshutdown$$00000000)
    __rt_lib_shutdown_cpp_1                  0x0800029d   Thumb Code     0  libshutdown2.o(.ARM.Collect$$libshutdown$$00000002)
    __rt_lib_shutdown_fp_trap_1              0x0800029d   Thumb Code     0  libshutdown2.o(.ARM.Collect$$libshutdown$$00000007)
    __rt_lib_shutdown_heap_1                 0x0800029d   Thumb Code     0  libshutdown2.o(.ARM.Collect$$libshutdown$$0000000F)
    __rt_lib_shutdown_return                 0x0800029d   Thumb Code     0  libshutdown2.o(.ARM.Collect$$libshutdown$$00000010)
    __rt_lib_shutdown_signal_1               0x0800029d   Thumb Code     0  libshutdown2.o(.ARM.Collect$$libshutdown$$0000000A)
    __rt_lib_shutdown_stdio_1                0x0800029d   Thumb Code     0  libshutdown2.o(.ARM.Collect$$libshutdown$$00000004)
    __rt_lib_shutdown_user_alloc_1           0x0800029d   Thumb Code     0  libshutdown2.o(.ARM.Collect$$libshutdown$$0000000C)
    __rt_entry                               0x0800029f   Thumb Code     0  __rtentry.o(.ARM.Collect$$rtentry$$00000000)
    __rt_entry_presh_1                       0x0800029f   Thumb Code     0  __rtentry2.o(.ARM.Collect$$rtentry$$00000002)
    __rt_entry_sh                            0x0800029f   Thumb Code     0  __rtentry4.o(.ARM.Collect$$rtentry$$00000004)
    __rt_entry_li                            0x080002a5   Thumb Code     0  __rtentry2.o(.ARM.Collect$$rtentry$$0000000A)
    __rt_entry_postsh_1                      0x080002a5   Thumb Code     0  __rtentry2.o(.ARM.Collect$$rtentry$$00000009)
    __rt_entry_main                          0x080002a9   Thumb Code     0  __rtentry2.o(.ARM.Collect$$rtentry$$0000000D)
    __rt_entry_postli_1                      0x080002a9   Thumb Code     0  __rtentry2.o(.ARM.Collect$$rtentry$$0000000C)
    __rt_exit                                0x080002b1   Thumb Code     0  rtexit.o(.ARM.Collect$$rtexit$$00000000)
    __rt_exit_ls                             0x080002b3   Thumb Code     0  rtexit2.o(.ARM.Collect$$rtexit$$00000003)
    __rt_exit_prels_1                        0x080002b3   Thumb Code     0  rtexit2.o(.ARM.Collect$$rtexit$$00000002)
    __rt_exit_exit                           0x080002b7   Thumb Code     0  rtexit2.o(.ARM.Collect$$rtexit$$00000004)
    Reset_Handler                            0x080002bd   Thumb Code     8  startup_stm32f429xx.o(.text)
    ADC_IRQHandler                           0x080002d7   Thumb Code     0  startup_stm32f429xx.o(.text)
    CAN1_RX0_IRQHandler                      0x080002d7   Thumb Code     0  startup_stm32f429xx.o(.text)
    CAN1_RX1_IRQHandler                      0x080002d7   Thumb Code     0  startup_stm32f429xx.o(.text)
    CAN1_SCE_IRQHandler                      0x080002d7   Thumb Code     0  startup_stm32f429xx.o(.text)
    CAN1_TX_IRQHandler                       0x080002d7   Thumb Code     0  startup_stm32f429xx.o(.text)
    CAN2_RX0_IRQHandler                      0x080002d7   Thumb Code     0  startup_stm32f429xx.o(.text)
    CAN2_RX1_IRQHandler                      0x080002d7   Thumb Code     0  startup_stm32f429xx.o(.text)
    CAN2_SCE_IRQHandler                      0x080002d7   Thumb Code     0  startup_stm32f429xx.o(.text)
    CAN2_TX_IRQHandler                       0x080002d7   Thumb Code     0  startup_stm32f429xx.o(.text)
    DCMI_IRQHandler                          0x080002d7   Thumb Code     0  startup_stm32f429xx.o(.text)
    DMA1_Stream0_IRQHandler                  0x080002d7   Thumb Code     0  startup_stm32f429xx.o(.text)
    DMA1_Stream1_IRQHandler                  0x080002d7   Thumb Code     0  startup_stm32f429xx.o(.text)
    DMA1_Stream2_IRQHandler                  0x080002d7   Thumb Code     0  startup_stm32f429xx.o(.text)
    DMA1_Stream3_IRQHandler                  0x080002d7   Thumb Code     0  startup_stm32f429xx.o(.text)
    DMA1_Stream4_IRQHandler                  0x080002d7   Thumb Code     0  startup_stm32f429xx.o(.text)
    DMA1_Stream5_IRQHandler                  0x080002d7   Thumb Code     0  startup_stm32f429xx.o(.text)
    DMA1_Stream6_IRQHandler                  0x080002d7   Thumb Code     0  startup_stm32f429xx.o(.text)
    DMA1_Stream7_IRQHandler                  0x080002d7   Thumb Code     0  startup_stm32f429xx.o(.text)
    DMA2D_IRQHandler                         0x080002d7   Thumb Code     0  startup_stm32f429xx.o(.text)
    DMA2_Stream0_IRQHandler                  0x080002d7   Thumb Code     0  startup_stm32f429xx.o(.text)
    DMA2_Stream1_IRQHandler                  0x080002d7   Thumb Code     0  startup_stm32f429xx.o(.text)
    DMA2_Stream2_IRQHandler                  0x080002d7   Thumb Code     0  startup_stm32f429xx.o(.text)
    DMA2_Stream3_IRQHandler                  0x080002d7   Thumb Code     0  startup_stm32f429xx.o(.text)
    DMA2_Stream4_IRQHandler                  0x080002d7   Thumb Code     0  startup_stm32f429xx.o(.text)
    DMA2_Stream5_IRQHandler                  0x080002d7   Thumb Code     0  startup_stm32f429xx.o(.text)
    DMA2_Stream6_IRQHandler                  0x080002d7   Thumb Code     0  startup_stm32f429xx.o(.text)
    DMA2_Stream7_IRQHandler                  0x080002d7   Thumb Code     0  startup_stm32f429xx.o(.text)
    ETH_IRQHandler                           0x080002d7   Thumb Code     0  startup_stm32f429xx.o(.text)
    ETH_WKUP_IRQHandler                      0x080002d7   Thumb Code     0  startup_stm32f429xx.o(.text)
    EXTI0_IRQHandler                         0x080002d7   Thumb Code     0  startup_stm32f429xx.o(.text)
    EXTI1_IRQHandler                         0x080002d7   Thumb Code     0  startup_stm32f429xx.o(.text)
    EXTI2_IRQHandler                         0x080002d7   Thumb Code     0  startup_stm32f429xx.o(.text)
    EXTI3_IRQHandler                         0x080002d7   Thumb Code     0  startup_stm32f429xx.o(.text)
    EXTI4_IRQHandler                         0x080002d7   Thumb Code     0  startup_stm32f429xx.o(.text)
    EXTI9_5_IRQHandler                       0x080002d7   Thumb Code     0  startup_stm32f429xx.o(.text)
    FLASH_IRQHandler                         0x080002d7   Thumb Code     0  startup_stm32f429xx.o(.text)
    FMC_IRQHandler                           0x080002d7   Thumb Code     0  startup_stm32f429xx.o(.text)
    FPU_IRQHandler                           0x080002d7   Thumb Code     0  startup_stm32f429xx.o(.text)
    HASH_RNG_IRQHandler                      0x080002d7   Thumb Code     0  startup_stm32f429xx.o(.text)
    I2C1_ER_IRQHandler                       0x080002d7   Thumb Code     0  startup_stm32f429xx.o(.text)
    I2C1_EV_IRQHandler                       0x080002d7   Thumb Code     0  startup_stm32f429xx.o(.text)
    I2C2_ER_IRQHandler                       0x080002d7   Thumb Code     0  startup_stm32f429xx.o(.text)
    I2C2_EV_IRQHandler                       0x080002d7   Thumb Code     0  startup_stm32f429xx.o(.text)
    I2C3_ER_IRQHandler                       0x080002d7   Thumb Code     0  startup_stm32f429xx.o(.text)
    I2C3_EV_IRQHandler                       0x080002d7   Thumb Code     0  startup_stm32f429xx.o(.text)
    LTDC_ER_IRQHandler                       0x080002d7   Thumb Code     0  startup_stm32f429xx.o(.text)
    LTDC_IRQHandler                          0x080002d7   Thumb Code     0  startup_stm32f429xx.o(.text)
    OTG_FS_IRQHandler                        0x080002d7   Thumb Code     0  startup_stm32f429xx.o(.text)
    OTG_FS_WKUP_IRQHandler                   0x080002d7   Thumb Code     0  startup_stm32f429xx.o(.text)
    OTG_HS_EP1_IN_IRQHandler                 0x080002d7   Thumb Code     0  startup_stm32f429xx.o(.text)
    OTG_HS_EP1_OUT_IRQHandler                0x080002d7   Thumb Code     0  startup_stm32f429xx.o(.text)
    OTG_HS_IRQHandler                        0x080002d7   Thumb Code     0  startup_stm32f429xx.o(.text)
    OTG_HS_WKUP_IRQHandler                   0x080002d7   Thumb Code     0  startup_stm32f429xx.o(.text)
    PVD_IRQHandler                           0x080002d7   Thumb Code     0  startup_stm32f429xx.o(.text)
    RCC_IRQHandler                           0x080002d7   Thumb Code     0  startup_stm32f429xx.o(.text)
    RTC_Alarm_IRQHandler                     0x080002d7   Thumb Code     0  startup_stm32f429xx.o(.text)
    RTC_WKUP_IRQHandler                      0x080002d7   Thumb Code     0  startup_stm32f429xx.o(.text)
    SAI1_IRQHandler                          0x080002d7   Thumb Code     0  startup_stm32f429xx.o(.text)
    SDIO_IRQHandler                          0x080002d7   Thumb Code     0  startup_stm32f429xx.o(.text)
    SPI1_IRQHandler                          0x080002d7   Thumb Code     0  startup_stm32f429xx.o(.text)
    SPI2_IRQHandler                          0x080002d7   Thumb Code     0  startup_stm32f429xx.o(.text)
    SPI3_IRQHandler                          0x080002d7   Thumb Code     0  startup_stm32f429xx.o(.text)
    SPI4_IRQHandler                          0x080002d7   Thumb Code     0  startup_stm32f429xx.o(.text)
    SPI5_IRQHandler                          0x080002d7   Thumb Code     0  startup_stm32f429xx.o(.text)
    SPI6_IRQHandler                          0x080002d7   Thumb Code     0  startup_stm32f429xx.o(.text)
    TAMP_STAMP_IRQHandler                    0x080002d7   Thumb Code     0  startup_stm32f429xx.o(.text)
    TIM1_BRK_TIM9_IRQHandler                 0x080002d7   Thumb Code     0  startup_stm32f429xx.o(.text)
    TIM1_CC_IRQHandler                       0x080002d7   Thumb Code     0  startup_stm32f429xx.o(.text)
    TIM1_TRG_COM_TIM11_IRQHandler            0x080002d7   Thumb Code     0  startup_stm32f429xx.o(.text)
    TIM1_UP_TIM10_IRQHandler                 0x080002d7   Thumb Code     0  startup_stm32f429xx.o(.text)
    TIM2_IRQHandler                          0x080002d7   Thumb Code     0  startup_stm32f429xx.o(.text)
    TIM3_IRQHandler                          0x080002d7   Thumb Code     0  startup_stm32f429xx.o(.text)
    TIM4_IRQHandler                          0x080002d7   Thumb Code     0  startup_stm32f429xx.o(.text)
    TIM5_IRQHandler                          0x080002d7   Thumb Code     0  startup_stm32f429xx.o(.text)
    TIM6_DAC_IRQHandler                      0x080002d7   Thumb Code     0  startup_stm32f429xx.o(.text)
    TIM7_IRQHandler                          0x080002d7   Thumb Code     0  startup_stm32f429xx.o(.text)
    TIM8_BRK_TIM12_IRQHandler                0x080002d7   Thumb Code     0  startup_stm32f429xx.o(.text)
    TIM8_CC_IRQHandler                       0x080002d7   Thumb Code     0  startup_stm32f429xx.o(.text)
    TIM8_TRG_COM_TIM14_IRQHandler            0x080002d7   Thumb Code     0  startup_stm32f429xx.o(.text)
    TIM8_UP_TIM13_IRQHandler                 0x080002d7   Thumb Code     0  startup_stm32f429xx.o(.text)
    UART4_IRQHandler                         0x080002d7   Thumb Code     0  startup_stm32f429xx.o(.text)
    UART5_IRQHandler                         0x080002d7   Thumb Code     0  startup_stm32f429xx.o(.text)
    UART7_IRQHandler                         0x080002d7   Thumb Code     0  startup_stm32f429xx.o(.text)
    UART8_IRQHandler                         0x080002d7   Thumb Code     0  startup_stm32f429xx.o(.text)
    USART1_IRQHandler                        0x080002d7   Thumb Code     0  startup_stm32f429xx.o(.text)
    USART2_IRQHandler                        0x080002d7   Thumb Code     0  startup_stm32f429xx.o(.text)
    USART3_IRQHandler                        0x080002d7   Thumb Code     0  startup_stm32f429xx.o(.text)
    USART6_IRQHandler                        0x080002d7   Thumb Code     0  startup_stm32f429xx.o(.text)
    WWDG_IRQHandler                          0x080002d7   Thumb Code     0  startup_stm32f429xx.o(.text)
    __user_initial_stackheap                 0x080002d9   Thumb Code     0  startup_stm32f429xx.o(.text)
    __aeabi_uldivmod                         0x080002fd   Thumb Code     0  lludivv7m.o(.text)
    _ll_udiv                                 0x080002fd   Thumb Code   240  lludivv7m.o(.text)
    __2printf                                0x080003ed   Thumb Code    20  noretval__2printf.o(.text)
    __2sprintf                               0x08000405   Thumb Code    34  noretval__2sprintf.o(.text)
    _printf_pre_padding                      0x0800042d   Thumb Code    44  _printf_pad.o(.text)
    _printf_post_padding                     0x08000459   Thumb Code    34  _printf_pad.o(.text)
    _printf_truncate_signed                  0x0800047b   Thumb Code    18  _printf_truncate.o(.text)
    _printf_truncate_unsigned                0x0800048d   Thumb Code    18  _printf_truncate.o(.text)
    _printf_str                              0x0800049f   Thumb Code    82  _printf_str.o(.text)
    _printf_int_dec                          0x080004f1   Thumb Code   104  _printf_dec.o(.text)
    _printf_charcount                        0x08000569   Thumb Code    40  _printf_charcount.o(.text)
    _printf_wctomb                           0x08000591   Thumb Code   182  _printf_wctomb.o(.text)
    _printf_int_oct                          0x0800064d   Thumb Code    74  _printf_oct_int.o(.text)
    _printf_longlong_oct                     0x0800064d   Thumb Code     0  _printf_oct_int.o(.text)
    _printf_longlong_hex                     0x080006a1   Thumb Code    78  _printf_hex_int_ptr.o(.text)
    _printf_int_hex                          0x080006ef   Thumb Code    26  _printf_hex_int_ptr.o(.text)
    _printf_hex_ptr                          0x08000709   Thumb Code    16  _printf_hex_int_ptr.o(.text)
    __printf                                 0x0800071d   Thumb Code   388  __printf_flags_ss_wp.o(.text)
    __0scanf                                 0x080008a5   Thumb Code    26  __0scanf.o(.text)
    _scanf_int                               0x080008c5   Thumb Code   332  _scanf_int.o(.text)
    puts                                     0x08000a11   Thumb Code    40  puts.o(.text)
    __aeabi_memcpy                           0x08000a3d   Thumb Code     0  rt_memcpy_v6.o(.text)
    __rt_memcpy                              0x08000a3d   Thumb Code   138  rt_memcpy_v6.o(.text)
    _memcpy_lastbytes                        0x08000aa3   Thumb Code     0  rt_memcpy_v6.o(.text)
    __aeabi_memclr                           0x08000ac7   Thumb Code     0  rt_memclr.o(.text)
    __rt_memclr                              0x08000ac7   Thumb Code     0  rt_memclr.o(.text)
    _memset                                  0x08000acb   Thumb Code    64  rt_memclr.o(.text)
    __aeabi_memclr4                          0x08000b0b   Thumb Code     0  rt_memclr_w.o(.text)
    __aeabi_memclr8                          0x08000b0b   Thumb Code     0  rt_memclr_w.o(.text)
    __rt_memclr_w                            0x08000b0b   Thumb Code     0  rt_memclr_w.o(.text)
    _memset_w                                0x08000b0f   Thumb Code    74  rt_memclr_w.o(.text)
    __use_two_region_memory                  0x08000b59   Thumb Code     2  heapauxi.o(.text)
    __rt_heap_escrow$2region                 0x08000b5b   Thumb Code     2  heapauxi.o(.text)
    __rt_heap_expand$2region                 0x08000b5d   Thumb Code     2  heapauxi.o(.text)
    _printf_int_common                       0x08000b5f   Thumb Code   178  _printf_intcommon.o(.text)
    _printf_fp_dec_real                      0x08000dc1   Thumb Code   620  _printf_fp_dec.o(.text)
    _printf_char_common                      0x08001037   Thumb Code    32  _printf_char_common.o(.text)
    _sputc                                   0x0800105d   Thumb Code    10  _sputc.o(.text)
    _printf_cs_common                        0x08001067   Thumb Code    20  _printf_char.o(.text)
    _printf_char                             0x0800107b   Thumb Code    16  _printf_char.o(.text)
    _printf_string                           0x0800108b   Thumb Code     8  _printf_char.o(.text)
    _printf_char_file                        0x08001095   Thumb Code    32  _printf_char_file.o(.text)
    _printf_lcs_common                       0x080010b9   Thumb Code    20  _printf_wchar.o(.text)
    _printf_wchar                            0x080010cd   Thumb Code    16  _printf_wchar.o(.text)
    _printf_wstring                          0x080010dd   Thumb Code     8  _printf_wchar.o(.text)
    _chval                                   0x080010e5   Thumb Code    28  _chval.o(.text)
    __vfscanf_char_file                      0x08001101   Thumb Code    16  scanf_char_file.o(.text)
    _c16rtomb                                0x08001119   Thumb Code    72  _c16rtomb.o(.text)
    _wcrtomb                                 0x08001119   Thumb Code     0  _c16rtomb.o(.text)
    __aeabi_memcpy4                          0x08001161   Thumb Code     0  rt_memcpy_w.o(.text)
    __aeabi_memcpy8                          0x08001161   Thumb Code     0  rt_memcpy_w.o(.text)
    __rt_memcpy_w                            0x08001161   Thumb Code   100  rt_memcpy_w.o(.text)
    _memcpy_lastbytes_aligned                0x080011a9   Thumb Code     0  rt_memcpy_w.o(.text)
    __rt_ctype_table                         0x080011c5   Thumb Code    16  rt_ctype_table.o(.text)
    __rt_locale                              0x080011d5   Thumb Code     8  rt_locale_intlibspace.o(.text)
    _ll_udiv10                               0x080011dd   Thumb Code   138  lludiv10.o(.text)
    _printf_fp_infnan                        0x08001269   Thumb Code   112  _printf_fp_infnan.o(.text)
    __vfscanf_char                           0x080012f5   Thumb Code    24  scanf_char.o(.text)
    _btod_etento                             0x08001315   Thumb Code   224  bigflt0.o(.text)
    ___backspace$unlocked                    0x080013f9   Thumb Code     2  backspace.o(.text)
    __backspace                              0x080013fb   Thumb Code    70  backspace.o(.text)
    ferror                                   0x08001441   Thumb Code     8  ferror.o(.text)
    __user_libspace                          0x08001449   Thumb Code     8  libspace.o(.text)
    __user_perproc_libspace                  0x08001449   Thumb Code     0  libspace.o(.text)
    __user_perthread_libspace                0x08001449   Thumb Code     0  libspace.o(.text)
    __user_setup_stackheap                   0x08001451   Thumb Code    74  sys_stackheap_outer.o(.text)
    isspace                                  0x0800149b   Thumb Code    18  isspace.o(.text)
    __vfscanf                                0x080014ad   Thumb Code   878  _scanf.o(.text)
    _ungetc_internal                         0x08001821   Thumb Code    60  ungetc.o(.text)
    ungetc                                   0x08001821   Thumb Code     0  ungetc.o(.text)
    exit                                     0x08001869   Thumb Code    18  exit.o(.text)
    strcmp                                   0x08001881   Thumb Code   124  strcmpv7em.o(.text)
    _sys_exit                                0x080018fd   Thumb Code     8  sys_exit.o(.text)
    __I$use$semihosting                      0x08001909   Thumb Code     0  use_no_semi.o(.text)
    __use_no_semihosting_swi                 0x08001909   Thumb Code     2  use_no_semi.o(.text)
    BusFault_Handler                         0x0800190b   Thumb Code     2  stm32f4xx_it.o(.text.BusFault_Handler)
    __semihosting_library_function           0x0800190b   Thumb Code     0  indicate_semi.o(.text)
    DebugMon_Handler                         0x0800190d   Thumb Code     2  stm32f4xx_it.o(.text.DebugMon_Handler)
    EXTI15_10_IRQHandler                     0x0800190f   Thumb Code     8  main.o(.text.EXTI15_10_IRQHandler)
    FATFS_LinkDriver                         0x08001917   Thumb Code     6  ff_gen_drv.o(.text.FATFS_LinkDriver)
    FATFS_LinkDriverEx                       0x0800191d   Thumb Code    56  ff_gen_drv.o(.text.FATFS_LinkDriverEx)
    HAL_Delay                                0x08001959   Thumb Code    32  stm32f4xx_hal.o(.text.HAL_Delay)
    HAL_GPIO_EXTI_Callback                   0x0800197d   Thumb Code    36  main.o(.text.HAL_GPIO_EXTI_Callback)
    HAL_GPIO_EXTI_IRQHandler                 0x080019a9   Thumb Code    16  stm32f4xx_hal_gpio.o(.text.HAL_GPIO_EXTI_IRQHandler)
    HAL_GPIO_Init                            0x080019bd   Thumb Code   380  stm32f4xx_hal_gpio.o(.text.HAL_GPIO_Init)
    HAL_GPIO_ReadPin                         0x08001b51   Thumb Code    10  stm32f4xx_hal_gpio.o(.text.HAL_GPIO_ReadPin)
    HAL_GPIO_TogglePin                       0x08001b5b   Thumb Code    16  stm32f4xx_hal_gpio.o(.text.HAL_GPIO_TogglePin)
    HAL_GPIO_WritePin                        0x08001b6b   Thumb Code    10  stm32f4xx_hal_gpio.o(.text.HAL_GPIO_WritePin)
    HAL_GetTick                              0x08001b75   Thumb Code     8  stm32f4xx_hal.o(.text.HAL_GetTick)
    HAL_I2C_Init                             0x08001b81   Thumb Code   284  stm32f4xx_hal_i2c.o(.text.HAL_I2C_Init)
    HAL_I2C_Master_Receive                   0x08001cb1   Thumb Code   504  stm32f4xx_hal_i2c.o(.text.HAL_I2C_Master_Receive)
    HAL_I2C_Master_Transmit                  0x08001ea9   Thumb Code   324  stm32f4xx_hal_i2c.o(.text.HAL_I2C_Master_Transmit)
    HAL_I2C_Mem_Read                         0x08001ff1   Thumb Code   272  stm32f4xx_hal_i2c.o(.text.HAL_I2C_Mem_Read)
    HAL_I2C_Mem_Write                        0x08002105   Thumb Code   220  stm32f4xx_hal_i2c.o(.text.HAL_I2C_Mem_Write)
    HAL_I2C_MspInit                          0x080021e9   Thumb Code     2  stm32f4xx_hal_i2c.o(.text.HAL_I2C_MspInit)
    HAL_IncTick                              0x080021ed   Thumb Code    16  stm32f4xx_hal.o(.text.HAL_IncTick)
    HAL_Init                                 0x08002201   Thumb Code    48  stm32f4xx_hal.o(.text.HAL_Init)
    HAL_InitTick                             0x08002235   Thumb Code    56  stm32f4xx_hal.o(.text.HAL_InitTick)
    HAL_MspInit                              0x08002271   Thumb Code    56  stm32f4xx_hal_msp.o(.text.HAL_MspInit)
    HAL_NVIC_EnableIRQ                       0x080022ad   Thumb Code    28  stm32f4xx_hal_cortex.o(.text.HAL_NVIC_EnableIRQ)
    HAL_NVIC_SetPriority                     0x080022cd   Thumb Code    72  stm32f4xx_hal_cortex.o(.text.HAL_NVIC_SetPriority)
    HAL_NVIC_SetPriorityGrouping             0x08002319   Thumb Code    24  stm32f4xx_hal_cortex.o(.text.HAL_NVIC_SetPriorityGrouping)
    HAL_RCC_ClockConfig                      0x08002339   Thumb Code   264  stm32f4xx_hal_rcc.o(.text.HAL_RCC_ClockConfig)
    HAL_RCC_GetPCLK1Freq                     0x0800244d   Thumb Code    20  stm32f4xx_hal_rcc.o(.text.HAL_RCC_GetPCLK1Freq)
    HAL_RCC_GetPCLK2Freq                     0x08002461   Thumb Code    20  stm32f4xx_hal_rcc.o(.text.HAL_RCC_GetPCLK2Freq)
    HAL_RCC_GetSysClockFreq                  0x08002481   Thumb Code    80  stm32f4xx_hal_rcc.o(.text.HAL_RCC_GetSysClockFreq)
    HAL_RCC_OscConfig                        0x080024dd   Thumb Code   796  stm32f4xx_hal_rcc.o(.text.HAL_RCC_OscConfig)
    HAL_SPI_Init                             0x08002805   Thumb Code   180  stm32f4xx_hal_spi.o(.text.HAL_SPI_Init)
    HAL_SPI_MspInit                          0x080028b9   Thumb Code     2  stm32f4xx_hal_spi.o(.text.HAL_SPI_MspInit)
    HAL_SPI_Transmit                         0x080028bb   Thumb Code   282  stm32f4xx_hal_spi.o(.text.HAL_SPI_Transmit)
    HAL_SPI_TransmitReceive                  0x080029d5   Thumb Code   404  stm32f4xx_hal_spi.o(.text.HAL_SPI_TransmitReceive)
    HAL_SYSTICK_Config                       0x08002b69   Thumb Code    32  stm32f4xx_hal_cortex.o(.text.HAL_SYSTICK_Config)
    HAL_UART_Init                            0x08002b91   Thumb Code    44  stm32f4xx_hal_uart.o(.text.HAL_UART_Init)
    HAL_UART_MspInit                         0x08002bbd   Thumb Code     2  stm32f4xx_hal_uart.o(.text.HAL_UART_MspInit)
    HAL_UART_Receive                         0x08002bbf   Thumb Code   190  stm32f4xx_hal_uart.o(.text.HAL_UART_Receive)
    HAL_UART_Transmit                        0x08002c7d   Thumb Code   172  stm32f4xx_hal_uart.o(.text.HAL_UART_Transmit)
    HardFault_Handler                        0x08002d29   Thumb Code     2  stm32f4xx_it.o(.text.HardFault_Handler)
    MX_FATFS_Init                            0x08003055   Thumb Code    16  fatfs.o(.text.MX_FATFS_Init)
    MemManage_Handler                        0x0800306d   Thumb Code     2  stm32f4xx_it.o(.text.MemManage_Handler)
    NMI_Handler                              0x0800306f   Thumb Code     2  stm32f4xx_it.o(.text.NMI_Handler)
    PendSV_Handler                           0x0800349b   Thumb Code     2  stm32f4xx_it.o(.text.PendSV_Handler)
    SPI_Timer_On                             0x080034f1   Thumb Code    16  user_diskio_spi.o(.text.SPI_Timer_On)
    SPI_Timer_Status                         0x08003501   Thumb Code    24  user_diskio_spi.o(.text.SPI_Timer_Status)
    SVC_Handler                              0x080035d1   Thumb Code     2  stm32f4xx_it.o(.text.SVC_Handler)
    SysTick_Handler                          0x080035d3   Thumb Code     4  stm32f4xx_it.o(.text.SysTick_Handler)
    SystemClock_Config                       0x080035d9   Thumb Code   136  main.o(.text.SystemClock_Config)
    SystemInit                               0x08003669   Thumb Code    12  system_stm32f4xx_1.o(.text.SystemInit)
    USER_SPI_initialize                      0x0800379d   Thumb Code   284  user_diskio_spi.o(.text.USER_SPI_initialize)
    USER_SPI_ioctl                           0x080038bd   Thumb Code   436  user_diskio_spi.o(.text.USER_SPI_ioctl)
    USER_SPI_read                            0x08003a71   Thumb Code   116  user_diskio_spi.o(.text.USER_SPI_read)
    USER_SPI_status                          0x08003ae5   Thumb Code    12  user_diskio_spi.o(.text.USER_SPI_status)
    USER_SPI_write                           0x08003af5   Thumb Code   164  user_diskio_spi.o(.text.USER_SPI_write)
    USER_initialize                          0x08003ba1   Thumb Code     4  user_diskio.o(.text.USER_initialize)
    USER_ioctl                               0x08003ba5   Thumb Code     4  user_diskio.o(.text.USER_ioctl)
    USER_read                                0x08003ba9   Thumb Code     4  user_diskio.o(.text.USER_read)
    USER_status                              0x08003bad   Thumb Code     4  user_diskio.o(.text.USER_status)
    USER_write                               0x08003bb1   Thumb Code     4  user_diskio.o(.text.USER_write)
    UsageFault_Handler                       0x08003bb5   Thumb Code     2  stm32f4xx_it.o(.text.UsageFault_Handler)
    bSht35GetTemperature                     0x08003c11   Thumb Code   144  sht35.o(.text.bSht35GetTemperature)
    bSht35Init                               0x08003cc5   Thumb Code    30  sht35.o(.text.bSht35Init)
    disk_initialize                          0x080040a9   Thumb Code    32  diskio.o(.text.disk_initialize)
    disk_ioctl                               0x080040c9   Thumb Code    28  diskio.o(.text.disk_ioctl)
    disk_read                                0x080040e5   Thumb Code    28  diskio.o(.text.disk_read)
    disk_status                              0x08004101   Thumb Code    20  diskio.o(.text.disk_status)
    disk_write                               0x08004115   Thumb Code    28  diskio.o(.text.disk_write)
    f_getfree                                0x08004135   Thumb Code   240  ff.o(.text.f_getfree)
    f_gets                                   0x08004225   Thumb Code    88  ff.o(.text.f_gets)
    f_lseek                                  0x0800427d   Thumb Code   538  ff.o(.text.f_lseek)
    f_mount                                  0x08004499   Thumb Code    72  ff.o(.text.f_mount)
    f_open                                   0x080044e5   Thumb Code   552  ff.o(.text.f_open)
    f_puts                                   0x08004711   Thumb Code    40  ff.o(.text.f_puts)
    f_read                                   0x08004739   Thumb Code   338  ff.o(.text.f_read)
    f_sync                                   0x0800488b   Thumb Code   140  ff.o(.text.f_sync)
    f_write                                  0x08004917   Thumb Code   376  ff.o(.text.f_write)
    fgetc                                    0x08004a91   Thumb Code    28  main.o(.text.fgetc)
    fputc                                    0x08004e9d   Thumb Code    24  main.o(.text.fputc)
    get_fattime                              0x08004f5b   Thumb Code     4  fatfs.o(.text.get_fattime)
    iRtcClearAlarm1InteeruptionFlag          0x08004f9d   Thumb Code    32  rtcdriver.o(.text.iRtcClearAlarm1InteeruptionFlag)
    iRtcClearAlarm2InteeruptionFlag          0x08004fbd   Thumb Code    32  rtcdriver.o(.text.iRtcClearAlarm2InteeruptionFlag)
    iRtcDisableAlarm1                        0x08004fdd   Thumb Code    30  rtcdriver.o(.text.iRtcDisableAlarm1)
    iRtcDisableAlarm2                        0x08004ffb   Thumb Code    30  rtcdriver.o(.text.iRtcDisableAlarm2)
    iRtcEnableAlarm1                         0x08005019   Thumb Code    30  rtcdriver.o(.text.iRtcEnableAlarm1)
    iRtcGetCurrentDateTime                   0x08005037   Thumb Code   176  rtcdriver.o(.text.iRtcGetCurrentDateTime)
    iRtcSetAlarm                             0x080050e7   Thumb Code    98  rtcdriver.o(.text.iRtcSetAlarm)
    iRtcSetDateTime                          0x08005149   Thumb Code   156  rtcdriver.o(.text.iRtcSetDateTime)
    iRtcSetInerruptionMode                   0x080051f9   Thumb Code    26  rtcdriver.o(.text.iRtcSetInerruptionMode)
    main                                     0x0800535d   Thumb Code  1704  main.o(.text.main)
    vRtcDriverConfig                         0x08005f11   Thumb Code     8  rtcdriver.o(.text.vRtcDriverConfig)
    vSht35Config                             0x08005f1d   Thumb Code    36  sht35.o(.text.vSht35Config)
    _btod_d2e                                0x08006015   Thumb Code    62  btod.o(CL$$btod_d2e)
    _d2e_denorm_low                          0x08006053   Thumb Code    70  btod.o(CL$$btod_d2e_denorm_low)
    _d2e_norm_op1                            0x08006099   Thumb Code    96  btod.o(CL$$btod_d2e_norm_op1)
    __btod_div_common                        0x080060f9   Thumb Code   696  btod.o(CL$$btod_div_common)
    _e2e                                     0x08006431   Thumb Code   220  btod.o(CL$$btod_e2e)
    _btod_ediv                               0x0800650d   Thumb Code    42  btod.o(CL$$btod_ediv)
    _btod_emul                               0x08006537   Thumb Code    42  btod.o(CL$$btod_emul)
    __btod_mult_common                       0x08006561   Thumb Code   580  btod.o(CL$$btod_mult_common)
    __ARM_fpclassify                         0x080067a5   Thumb Code    48  fpclassify.o(i.__ARM_fpclassify)
    _is_digit                                0x080067d5   Thumb Code    14  __printf_wp.o(i._is_digit)
    _get_lc_numeric                          0x080067e5   Thumb Code    44  lc_numeric_c.o(locale$$code)
    _get_lc_ctype                            0x08006811   Thumb Code    44  lc_ctype_c.o(locale$$code)
    __aeabi_d2f                              0x0800683d   Thumb Code     0  d2f.o(x$fpl$d2f)
    _d2f                                     0x0800683d   Thumb Code    98  d2f.o(x$fpl$d2f)
    __aeabi_dadd                             0x080068a1   Thumb Code     0  daddsub_clz.o(x$fpl$dadd)
    _dadd                                    0x080068a1   Thumb Code   332  daddsub_clz.o(x$fpl$dadd)
    __aeabi_i2d                              0x080069f1   Thumb Code     0  dflt_clz.o(x$fpl$dflt)
    _dflt                                    0x080069f1   Thumb Code    46  dflt_clz.o(x$fpl$dflt)
    __aeabi_dmul                             0x08006a21   Thumb Code     0  dmul.o(x$fpl$dmul)
    _dmul                                    0x08006a21   Thumb Code   332  dmul.o(x$fpl$dmul)
    __fpl_dnaninf                            0x08006b75   Thumb Code   156  dnaninf.o(x$fpl$dnaninf)
    __fpl_dretinf                            0x08006c11   Thumb Code    12  dretinf.o(x$fpl$dretinf)
    __aeabi_dsub                             0x08006c1d   Thumb Code     0  daddsub_clz.o(x$fpl$dsub)
    _dsub                                    0x08006c1d   Thumb Code   472  daddsub_clz.o(x$fpl$dsub)
    __aeabi_f2d                              0x08006df9   Thumb Code     0  f2d.o(x$fpl$f2d)
    _f2d                                     0x08006df9   Thumb Code    86  f2d.o(x$fpl$f2d)
    __fpl_fnaninf                            0x08006e4f   Thumb Code   140  fnaninf.o(x$fpl$fnaninf)
    _fp_init                                 0x08006edb   Thumb Code    26  fpinit.o(x$fpl$fpinit)
    __fplib_config_fpu_vfp                   0x08006ef3   Thumb Code     0  fpinit.o(x$fpl$fpinit)
    __fplib_config_pureend_doubles           0x08006ef3   Thumb Code     0  fpinit.o(x$fpl$fpinit)
    __fpl_fretinf                            0x08006ef5   Thumb Code    10  fretinf.o(x$fpl$fretinf)
    _printf_fp_dec                           0x08006eff   Thumb Code     4  printf1.o(x$fpl$printf1)
    __I$use$fp                               0x08006f02   Number         0  usenofp.o(x$fpl$usenofp)
    AHBPrescTable                            0x08006fdc   Data          16  system_stm32f4xx_1.o(.rodata.AHBPrescTable)
    APBPrescTable                            0x08006fec   Data           8  system_stm32f4xx_1.o(.rodata.APBPrescTable)
    pcFILE_NAME                              0x08007074   Data          11  main.o(.rodata.pcFILE_NAME)
    Region$$Table$$Base                      0x080073f8   Number         0  anon$$obj.o(Region$$Table)
    Region$$Table$$Limit                     0x08007418   Number         0  anon$$obj.o(Region$$Table)
    __ctype                                  0x08007441   Data           0  lc_ctype_c.o(locale$$data)
    uwTickFreq                               0x20000000   Data           1  stm32f4xx_hal.o(.data..L_MergedGlobals)
    uwTickPrio                               0x20000004   Data           4  stm32f4xx_hal.o(.data..L_MergedGlobals)
    SystemCoreClock                          0x2000000c   Data           4  system_stm32f4xx_1.o(.data.SystemCoreClock)
    USER_Driver                              0x20000010   Data          20  user_diskio.o(.data.USER_Driver)
    __libspace_start                         0x20000028   Data          96  libspace.o(.bss)
    __temporary_stack_top$libspace           0x20000088   Data           0  libspace.o(.bss)
    bRtcAlarmFlag                            0x20000088   Data           1  main.o(.bss..L_MergedGlobals)
    xHUart1                                  0x2000008c   Data          68  main.o(.bss..L_MergedGlobals)
    retUSER                                  0x200000d8   Data           1  fatfs.o(.bss..L_MergedGlobals)
    USERPath                                 0x200000d9   Data           4  fatfs.o(.bss..L_MergedGlobals)
    spiTimerTickStart                        0x200000e0   Data           4  user_diskio_spi.o(.bss..L_MergedGlobals)
    spiTimerTickDelay                        0x200000e4   Data           4  user_diskio_spi.o(.bss..L_MergedGlobals)
    __stdin                                  0x20000134   Data          84  main.o(.bss.__stdin)
    __stdout                                 0x20000188   Data          84  main.o(.bss.__stdout)
    disk                                     0x200001dc   Data          12  ff_gen_drv.o(.bss.disk)
    hspi4                                    0x200001ec   Data          88  main.o(.bss.hspi4)
    uwTick                                   0x20000244   Data           4  stm32f4xx_hal.o(.bss.uwTick)
    xHI2c3                                   0x20000248   Data          84  main.o(.bss.xHI2c3)



==============================================================================

Memory Map of the image

  Image Entry point : 0x080001ad

  Load Region LR_IROM1 (Base: 0x08000000, Size: 0x00007570, Max: 0x00200000, ABSOLUTE)

    Execution Region ER_IROM1 (Exec base: 0x08000000, Load base: 0x08000000, Size: 0x00007544, Max: 0x00200000, ABSOLUTE)

    Exec Addr    Load Addr    Size         Type   Attr      Idx    E Section Name        Object

    0x08000000   0x08000000   0x000001ac   Data   RO            3    RESET               startup_stm32f429xx.o
    0x080001ac   0x080001ac   0x00000008   Code   RO         1656  * !!!main             c_w.l(__main.o)
    0x080001b4   0x080001b4   0x00000034   Code   RO         1958    !!!scatter          c_w.l(__scatter.o)
    0x080001e8   0x080001e8   0x0000001a   Code   RO         1960    !!handler_copy      c_w.l(__scatter_copy.o)
    0x08000202   0x08000202   0x00000002   PAD
    0x08000204   0x08000204   0x0000001c   Code   RO         1962    !!handler_zi        c_w.l(__scatter_zi.o)
    0x08000220   0x08000220   0x00000000   Code   RO         1637    .ARM.Collect$$_printf_percent$$00000000  c_w.l(_printf_percent.o)
    0x08000220   0x08000220   0x00000006   Code   RO         1629    .ARM.Collect$$_printf_percent$$00000001  c_w.l(_printf_n.o)
    0x08000226   0x08000226   0x00000006   Code   RO         1631    .ARM.Collect$$_printf_percent$$00000002  c_w.l(_printf_p.o)
    0x0800022c   0x0800022c   0x00000006   Code   RO         1636    .ARM.Collect$$_printf_percent$$00000003  c_w.l(_printf_f.o)
    0x08000232   0x08000232   0x00000006   Code   RO         1633    .ARM.Collect$$_printf_percent$$00000008  c_w.l(_printf_i.o)
    0x08000238   0x08000238   0x00000006   Code   RO         1634    .ARM.Collect$$_printf_percent$$00000009  c_w.l(_printf_d.o)
    0x0800023e   0x0800023e   0x00000006   Code   RO         1635    .ARM.Collect$$_printf_percent$$0000000A  c_w.l(_printf_u.o)
    0x08000244   0x08000244   0x00000006   Code   RO         1632    .ARM.Collect$$_printf_percent$$0000000B  c_w.l(_printf_o.o)
    0x0800024a   0x0800024a   0x00000006   Code   RO         1630    .ARM.Collect$$_printf_percent$$0000000C  c_w.l(_printf_x.o)
    0x08000250   0x08000250   0x0000000a   Code   RO         1700    .ARM.Collect$$_printf_percent$$00000012  c_w.l(_printf_l.o)
    0x0800025a   0x0800025a   0x00000006   Code   RO         1627    .ARM.Collect$$_printf_percent$$00000013  c_w.l(_printf_c.o)
    0x08000260   0x08000260   0x00000006   Code   RO         1628    .ARM.Collect$$_printf_percent$$00000014  c_w.l(_printf_s.o)
    0x08000266   0x08000266   0x00000006   Code   RO         1638    .ARM.Collect$$_printf_percent$$00000015  c_w.l(_printf_lc.o)
    0x0800026c   0x0800026c   0x00000006   Code   RO         1639    .ARM.Collect$$_printf_percent$$00000016  c_w.l(_printf_ls.o)
    0x08000272   0x08000272   0x00000004   Code   RO         1699    .ARM.Collect$$_printf_percent$$00000017  c_w.l(_printf_percent_end.o)
    0x08000276   0x08000276   0x00000002   Code   RO         1821    .ARM.Collect$$libinit$$00000000  c_w.l(libinit.o)
    0x08000278   0x08000278   0x00000004   Code   RO         1822    .ARM.Collect$$libinit$$00000001  c_w.l(libinit2.o)
    0x0800027c   0x0800027c   0x00000000   Code   RO         1825    .ARM.Collect$$libinit$$00000004  c_w.l(libinit2.o)
    0x0800027c   0x0800027c   0x00000000   Code   RO         1827    .ARM.Collect$$libinit$$00000006  c_w.l(libinit2.o)
    0x0800027c   0x0800027c   0x00000000   Code   RO         1830    .ARM.Collect$$libinit$$0000000C  c_w.l(libinit2.o)
    0x0800027c   0x0800027c   0x00000000   Code   RO         1832    .ARM.Collect$$libinit$$0000000E  c_w.l(libinit2.o)
    0x0800027c   0x0800027c   0x00000000   Code   RO         1834    .ARM.Collect$$libinit$$00000010  c_w.l(libinit2.o)
    0x0800027c   0x0800027c   0x00000006   Code   RO         1835    .ARM.Collect$$libinit$$00000011  c_w.l(libinit2.o)
    0x08000282   0x08000282   0x00000000   Code   RO         1837    .ARM.Collect$$libinit$$00000013  c_w.l(libinit2.o)
    0x08000282   0x08000282   0x0000000c   Code   RO         1838    .ARM.Collect$$libinit$$00000014  c_w.l(libinit2.o)
    0x0800028e   0x0800028e   0x00000000   Code   RO         1839    .ARM.Collect$$libinit$$00000015  c_w.l(libinit2.o)
    0x0800028e   0x0800028e   0x00000000   Code   RO         1841    .ARM.Collect$$libinit$$00000017  c_w.l(libinit2.o)
    0x0800028e   0x0800028e   0x0000000a   Code   RO         1842    .ARM.Collect$$libinit$$00000018  c_w.l(libinit2.o)
    0x08000298   0x08000298   0x00000000   Code   RO         1843    .ARM.Collect$$libinit$$00000019  c_w.l(libinit2.o)
    0x08000298   0x08000298   0x00000000   Code   RO         1845    .ARM.Collect$$libinit$$0000001B  c_w.l(libinit2.o)
    0x08000298   0x08000298   0x00000000   Code   RO         1847    .ARM.Collect$$libinit$$0000001D  c_w.l(libinit2.o)
    0x08000298   0x08000298   0x00000000   Code   RO         1849    .ARM.Collect$$libinit$$0000001F  c_w.l(libinit2.o)
    0x08000298   0x08000298   0x00000000   Code   RO         1851    .ARM.Collect$$libinit$$00000021  c_w.l(libinit2.o)
    0x08000298   0x08000298   0x00000000   Code   RO         1853    .ARM.Collect$$libinit$$00000023  c_w.l(libinit2.o)
    0x08000298   0x08000298   0x00000000   Code   RO         1855    .ARM.Collect$$libinit$$00000025  c_w.l(libinit2.o)
    0x08000298   0x08000298   0x00000000   Code   RO         1857    .ARM.Collect$$libinit$$00000027  c_w.l(libinit2.o)
    0x08000298   0x08000298   0x00000000   Code   RO         1861    .ARM.Collect$$libinit$$0000002E  c_w.l(libinit2.o)
    0x08000298   0x08000298   0x00000000   Code   RO         1863    .ARM.Collect$$libinit$$00000030  c_w.l(libinit2.o)
    0x08000298   0x08000298   0x00000000   Code   RO         1865    .ARM.Collect$$libinit$$00000032  c_w.l(libinit2.o)
    0x08000298   0x08000298   0x00000000   Code   RO         1867    .ARM.Collect$$libinit$$00000034  c_w.l(libinit2.o)
    0x08000298   0x08000298   0x00000002   Code   RO         1868    .ARM.Collect$$libinit$$00000035  c_w.l(libinit2.o)
    0x0800029a   0x0800029a   0x00000002   Code   RO         1923    .ARM.Collect$$libshutdown$$00000000  c_w.l(libshutdown.o)
    0x0800029c   0x0800029c   0x00000000   Code   RO         1941    .ARM.Collect$$libshutdown$$00000002  c_w.l(libshutdown2.o)
    0x0800029c   0x0800029c   0x00000000   Code   RO         1943    .ARM.Collect$$libshutdown$$00000004  c_w.l(libshutdown2.o)
    0x0800029c   0x0800029c   0x00000000   Code   RO         1946    .ARM.Collect$$libshutdown$$00000007  c_w.l(libshutdown2.o)
    0x0800029c   0x0800029c   0x00000000   Code   RO         1949    .ARM.Collect$$libshutdown$$0000000A  c_w.l(libshutdown2.o)
    0x0800029c   0x0800029c   0x00000000   Code   RO         1951    .ARM.Collect$$libshutdown$$0000000C  c_w.l(libshutdown2.o)
    0x0800029c   0x0800029c   0x00000000   Code   RO         1954    .ARM.Collect$$libshutdown$$0000000F  c_w.l(libshutdown2.o)
    0x0800029c   0x0800029c   0x00000002   Code   RO         1955    .ARM.Collect$$libshutdown$$00000010  c_w.l(libshutdown2.o)
    0x0800029e   0x0800029e   0x00000000   Code   RO         1678    .ARM.Collect$$rtentry$$00000000  c_w.l(__rtentry.o)
    0x0800029e   0x0800029e   0x00000000   Code   RO         1719    .ARM.Collect$$rtentry$$00000002  c_w.l(__rtentry2.o)
    0x0800029e   0x0800029e   0x00000006   Code   RO         1731    .ARM.Collect$$rtentry$$00000004  c_w.l(__rtentry4.o)
    0x080002a4   0x080002a4   0x00000000   Code   RO         1721    .ARM.Collect$$rtentry$$00000009  c_w.l(__rtentry2.o)
    0x080002a4   0x080002a4   0x00000004   Code   RO         1722    .ARM.Collect$$rtentry$$0000000A  c_w.l(__rtentry2.o)
    0x080002a8   0x080002a8   0x00000000   Code   RO         1724    .ARM.Collect$$rtentry$$0000000C  c_w.l(__rtentry2.o)
    0x080002a8   0x080002a8   0x00000008   Code   RO         1725    .ARM.Collect$$rtentry$$0000000D  c_w.l(__rtentry2.o)
    0x080002b0   0x080002b0   0x00000002   Code   RO         1869    .ARM.Collect$$rtexit$$00000000  c_w.l(rtexit.o)
    0x080002b2   0x080002b2   0x00000000   Code   RO         1888    .ARM.Collect$$rtexit$$00000002  c_w.l(rtexit2.o)
    0x080002b2   0x080002b2   0x00000004   Code   RO         1889    .ARM.Collect$$rtexit$$00000003  c_w.l(rtexit2.o)
    0x080002b6   0x080002b6   0x00000006   Code   RO         1890    .ARM.Collect$$rtexit$$00000004  c_w.l(rtexit2.o)
    0x080002bc   0x080002bc   0x00000040   Code   RO            4    .text               startup_stm32f429xx.o
    0x080002fc   0x080002fc   0x000000f0   Code   RO         1555    .text               c_w.l(lludivv7m.o)
    0x080003ec   0x080003ec   0x00000018   Code   RO         1561    .text               c_w.l(noretval__2printf.o)
    0x08000404   0x08000404   0x00000028   Code   RO         1563    .text               c_w.l(noretval__2sprintf.o)
    0x0800042c   0x0800042c   0x0000004e   Code   RO         1567    .text               c_w.l(_printf_pad.o)
    0x0800047a   0x0800047a   0x00000024   Code   RO         1569    .text               c_w.l(_printf_truncate.o)
    0x0800049e   0x0800049e   0x00000052   Code   RO         1571    .text               c_w.l(_printf_str.o)
    0x080004f0   0x080004f0   0x00000078   Code   RO         1573    .text               c_w.l(_printf_dec.o)
    0x08000568   0x08000568   0x00000028   Code   RO         1575    .text               c_w.l(_printf_charcount.o)
    0x08000590   0x08000590   0x000000bc   Code   RO         1577    .text               c_w.l(_printf_wctomb.o)
    0x0800064c   0x0800064c   0x00000054   Code   RO         1582    .text               c_w.l(_printf_oct_int.o)
    0x080006a0   0x080006a0   0x0000007c   Code   RO         1598    .text               c_w.l(_printf_hex_int_ptr.o)
    0x0800071c   0x0800071c   0x00000188   Code   RO         1624    .text               c_w.l(__printf_flags_ss_wp.o)
    0x080008a4   0x080008a4   0x00000020   Code   RO         1640    .text               c_w.l(__0scanf.o)
    0x080008c4   0x080008c4   0x0000014c   Code   RO         1642    .text               c_w.l(_scanf_int.o)
    0x08000a10   0x08000a10   0x0000002c   Code   RO         1646    .text               c_w.l(puts.o)
    0x08000a3c   0x08000a3c   0x0000008a   Code   RO         1648    .text               c_w.l(rt_memcpy_v6.o)
    0x08000ac6   0x08000ac6   0x00000044   Code   RO         1650    .text               c_w.l(rt_memclr.o)
    0x08000b0a   0x08000b0a   0x0000004e   Code   RO         1652    .text               c_w.l(rt_memclr_w.o)
    0x08000b58   0x08000b58   0x00000006   Code   RO         1654    .text               c_w.l(heapauxi.o)
    0x08000b5e   0x08000b5e   0x000000b2   Code   RO         1683    .text               c_w.l(_printf_intcommon.o)
    0x08000c10   0x08000c10   0x0000041c   Code   RO         1685    .text               c_w.l(_printf_fp_dec.o)
    0x0800102c   0x0800102c   0x00000030   Code   RO         1689    .text               c_w.l(_printf_char_common.o)
    0x0800105c   0x0800105c   0x0000000a   Code   RO         1691    .text               c_w.l(_sputc.o)
    0x08001066   0x08001066   0x0000002c   Code   RO         1693    .text               c_w.l(_printf_char.o)
    0x08001092   0x08001092   0x00000002   PAD
    0x08001094   0x08001094   0x00000024   Code   RO         1695    .text               c_w.l(_printf_char_file.o)
    0x080010b8   0x080010b8   0x0000002c   Code   RO         1697    .text               c_w.l(_printf_wchar.o)
    0x080010e4   0x080010e4   0x0000001c   Code   RO         1701    .text               c_w.l(_chval.o)
    0x08001100   0x08001100   0x00000018   Code   RO         1703    .text               c_w.l(scanf_char_file.o)
    0x08001118   0x08001118   0x00000048   Code   RO         1705    .text               c_w.l(_c16rtomb.o)
    0x08001160   0x08001160   0x00000064   Code   RO         1707    .text               c_w.l(rt_memcpy_w.o)
    0x080011c4   0x080011c4   0x00000010   Code   RO         1733    .text               c_w.l(rt_ctype_table.o)
    0x080011d4   0x080011d4   0x00000008   Code   RO         1740    .text               c_w.l(rt_locale_intlibspace.o)
    0x080011dc   0x080011dc   0x0000008a   Code   RO         1742    .text               c_w.l(lludiv10.o)
    0x08001266   0x08001266   0x00000002   PAD
    0x08001268   0x08001268   0x00000080   Code   RO         1744    .text               c_w.l(_printf_fp_infnan.o)
    0x080012e8   0x080012e8   0x0000002c   Code   RO         1748    .text               c_w.l(scanf_char.o)
    0x08001314   0x08001314   0x000000e4   Code   RO         1750    .text               c_w.l(bigflt0.o)
    0x080013f8   0x080013f8   0x00000048   Code   RO         1777    .text               c_w.l(backspace.o)
    0x08001440   0x08001440   0x00000008   Code   RO         1779    .text               c_w.l(ferror.o)
    0x08001448   0x08001448   0x00000008   Code   RO         1792    .text               c_w.l(libspace.o)
    0x08001450   0x08001450   0x0000004a   Code   RO         1795    .text               c_w.l(sys_stackheap_outer.o)
    0x0800149a   0x0800149a   0x00000012   Code   RO         1797    .text               c_w.l(isspace.o)
    0x080014ac   0x080014ac   0x00000374   Code   RO         1799    .text               c_w.l(_scanf.o)
    0x08001820   0x08001820   0x00000048   Code   RO         1803    .text               c_w.l(ungetc.o)
    0x08001868   0x08001868   0x00000012   Code   RO         1808    .text               c_w.l(exit.o)
    0x0800187a   0x0800187a   0x00000006   PAD
    0x08001880   0x08001880   0x0000007c   Code   RO         1814    .text               c_w.l(strcmpv7em.o)
    0x080018fc   0x080018fc   0x0000000c   Code   RO         1883    .text               c_w.l(sys_exit.o)
    0x08001908   0x08001908   0x00000002   Code   RO         1910    .text               c_w.l(use_no_semi.o)
    0x0800190a   0x0800190a   0x00000000   Code   RO         1912    .text               c_w.l(indicate_semi.o)
    0x0800190a   0x0800190a   0x00000002   Code   RO           58    .text.BusFault_Handler  stm32f4xx_it.o
    0x0800190c   0x0800190c   0x00000002   Code   RO           64    .text.DebugMon_Handler  stm32f4xx_it.o
    0x0800190e   0x0800190e   0x00000008   Code   RO           23    .text.EXTI15_10_IRQHandler  main.o
    0x08001916   0x08001916   0x00000006   Code   RO         1513    .text.FATFS_LinkDriver  ff_gen_drv.o
    0x0800191c   0x0800191c   0x0000003c   Code   RO         1511    .text.FATFS_LinkDriverEx  ff_gen_drv.o
    0x08001958   0x08001958   0x00000024   Code   RO          457    .text.HAL_Delay     stm32f4xx_hal.o
    0x0800197c   0x0800197c   0x0000002c   Code   RO           25    .text.HAL_GPIO_EXTI_Callback  main.o
    0x080019a8   0x080019a8   0x00000014   Code   RO          247    .text.HAL_GPIO_EXTI_IRQHandler  stm32f4xx_hal_gpio.o
    0x080019bc   0x080019bc   0x00000194   Code   RO          235    .text.HAL_GPIO_Init  stm32f4xx_hal_gpio.o
    0x08001b50   0x08001b50   0x0000000a   Code   RO          239    .text.HAL_GPIO_ReadPin  stm32f4xx_hal_gpio.o
    0x08001b5a   0x08001b5a   0x00000010   Code   RO          243    .text.HAL_GPIO_TogglePin  stm32f4xx_hal_gpio.o
    0x08001b6a   0x08001b6a   0x0000000a   Code   RO          241    .text.HAL_GPIO_WritePin  stm32f4xx_hal_gpio.o
    0x08001b74   0x08001b74   0x0000000c   Code   RO          449    .text.HAL_GetTick   stm32f4xx_hal.o
    0x08001b80   0x08001b80   0x00000130   Code   RO          709    .text.HAL_I2C_Init  stm32f4xx_hal_i2c.o
    0x08001cb0   0x08001cb0   0x000001f8   Code   RO          725    .text.HAL_I2C_Master_Receive  stm32f4xx_hal_i2c.o
    0x08001ea8   0x08001ea8   0x00000148   Code   RO          717    .text.HAL_I2C_Master_Transmit  stm32f4xx_hal_i2c.o
    0x08001ff0   0x08001ff0   0x00000114   Code   RO          757    .text.HAL_I2C_Mem_Read  stm32f4xx_hal_i2c.o
    0x08002104   0x08002104   0x000000e4   Code   RO          753    .text.HAL_I2C_Mem_Write  stm32f4xx_hal_i2c.o
    0x080021e8   0x080021e8   0x00000002   Code   RO          711    .text.HAL_I2C_MspInit  stm32f4xx_hal_i2c.o
    0x080021ea   0x080021ea   0x00000002   PAD
    0x080021ec   0x080021ec   0x00000014   Code   RO          447    .text.HAL_IncTick   stm32f4xx_hal.o
    0x08002200   0x08002200   0x00000034   Code   RO          437    .text.HAL_Init      stm32f4xx_hal.o
    0x08002234   0x08002234   0x0000003c   Code   RO          439    .text.HAL_InitTick  stm32f4xx_hal.o
    0x08002270   0x08002270   0x0000003c   Code   RO           77    .text.HAL_MspInit   stm32f4xx_hal_msp.o
    0x080022ac   0x080022ac   0x00000020   Code   RO          391    .text.HAL_NVIC_EnableIRQ  stm32f4xx_hal_cortex.o
    0x080022cc   0x080022cc   0x0000004c   Code   RO          389    .text.HAL_NVIC_SetPriority  stm32f4xx_hal_cortex.o
    0x08002318   0x08002318   0x00000020   Code   RO          387    .text.HAL_NVIC_SetPriorityGrouping  stm32f4xx_hal_cortex.o
    0x08002338   0x08002338   0x00000114   Code   RO           89    .text.HAL_RCC_ClockConfig  stm32f4xx_hal_rcc.o
    0x0800244c   0x0800244c   0x00000014   Code   RO          101    .text.HAL_RCC_GetPCLK1Freq  stm32f4xx_hal_rcc.o
    0x08002460   0x08002460   0x00000020   Code   RO          103    .text.HAL_RCC_GetPCLK2Freq  stm32f4xx_hal_rcc.o
    0x08002480   0x08002480   0x0000005c   Code   RO           91    .text.HAL_RCC_GetSysClockFreq  stm32f4xx_hal_rcc.o
    0x080024dc   0x080024dc   0x00000328   Code   RO           87    .text.HAL_RCC_OscConfig  stm32f4xx_hal_rcc.o
    0x08002804   0x08002804   0x000000b4   Code   RO         1035    .text.HAL_SPI_Init  stm32f4xx_hal_spi.o
    0x080028b8   0x080028b8   0x00000002   Code   RO         1037    .text.HAL_SPI_MspInit  stm32f4xx_hal_spi.o
    0x080028ba   0x080028ba   0x0000011a   Code   RO         1043    .text.HAL_SPI_Transmit  stm32f4xx_hal_spi.o
    0x080029d4   0x080029d4   0x00000194   Code   RO         1049    .text.HAL_SPI_TransmitReceive  stm32f4xx_hal_spi.o
    0x08002b68   0x08002b68   0x00000028   Code   RO          399    .text.HAL_SYSTICK_Config  stm32f4xx_hal_cortex.o
    0x08002b90   0x08002b90   0x0000002c   Code   RO          535    .text.HAL_UART_Init  stm32f4xx_hal_uart.o
    0x08002bbc   0x08002bbc   0x00000002   Code   RO          537    .text.HAL_UART_MspInit  stm32f4xx_hal_uart.o
    0x08002bbe   0x08002bbe   0x000000be   Code   RO          555    .text.HAL_UART_Receive  stm32f4xx_hal_uart.o
    0x08002c7c   0x08002c7c   0x000000ac   Code   RO          551    .text.HAL_UART_Transmit  stm32f4xx_hal_uart.o
    0x08002d28   0x08002d28   0x00000002   Code   RO           54    .text.HardFault_Handler  stm32f4xx_it.o
    0x08002d2a   0x08002d2a   0x00000030   Code   RO          831    .text.I2C_IsAcknowledgeFailed  stm32f4xx_hal_i2c.o
    0x08002d5a   0x08002d5a   0x00000002   PAD
    0x08002d5c   0x08002d5c   0x000000c4   Code   RO          759    .text.I2C_RequestMemoryRead  stm32f4xx_hal_i2c.o
    0x08002e20   0x08002e20   0x000000a4   Code   RO          755    .text.I2C_RequestMemoryWrite  stm32f4xx_hal_i2c.o
    0x08002ec4   0x08002ec4   0x00000038   Code   RO          723    .text.I2C_WaitOnBTFFlagUntilTimeout  stm32f4xx_hal_i2c.o
    0x08002efc   0x08002efc   0x00000074   Code   RO          719    .text.I2C_WaitOnFlagUntilTimeout  stm32f4xx_hal_i2c.o
    0x08002f70   0x08002f70   0x00000066   Code   RO          829    .text.I2C_WaitOnMasterAddressFlagUntilTimeout  stm32f4xx_hal_i2c.o
    0x08002fd6   0x08002fd6   0x00000046   Code   RO          727    .text.I2C_WaitOnRXNEFlagUntilTimeout  stm32f4xx_hal_i2c.o
    0x0800301c   0x0800301c   0x00000038   Code   RO          721    .text.I2C_WaitOnTXEFlagUntilTimeout  stm32f4xx_hal_i2c.o
    0x08003054   0x08003054   0x00000018   Code   RO         1273    .text.MX_FATFS_Init  fatfs.o
    0x0800306c   0x0800306c   0x00000002   Code   RO           56    .text.MemManage_Handler  stm32f4xx_it.o
    0x0800306e   0x0800306e   0x00000002   Code   RO           52    .text.NMI_Handler   stm32f4xx_it.o
    0x08003070   0x08003070   0x00000008   Code   RO           27    .text.OUTLINED_FUNCTION_0  main.o
    0x08003078   0x08003078   0x0000000c   Code   RO          113    .text.OUTLINED_FUNCTION_0  stm32f4xx_hal_rcc.o
    0x08003084   0x08003084   0x00000014   Code   RO          653    .text.OUTLINED_FUNCTION_0  stm32f4xx_hal_uart.o
    0x08003098   0x08003098   0x00000008   Code   RO         1254    .text.OUTLINED_FUNCTION_0  rtcdriver.o
    0x080030a0   0x080030a0   0x00000006   Code   RO         1333    .text.OUTLINED_FUNCTION_0  user_diskio_spi.o
    0x080030a6   0x080030a6   0x0000000a   Code   RO         1474    .text.OUTLINED_FUNCTION_0  ff.o
    0x080030b0   0x080030b0   0x00000006   Code   RO           29    .text.OUTLINED_FUNCTION_1  main.o
    0x080030b6   0x080030b6   0x0000000e   Code   RO          427    .text.OUTLINED_FUNCTION_1  stm32f4xx_hal_cortex.o
    0x080030c4   0x080030c4   0x00000016   Code   RO         1256    .text.OUTLINED_FUNCTION_1  rtcdriver.o
    0x080030da   0x080030da   0x00000006   Code   RO         1335    .text.OUTLINED_FUNCTION_1  user_diskio_spi.o
    0x080030e0   0x080030e0   0x00000006   Code   RO         1494    .text.OUTLINED_FUNCTION_10  ff.o
    0x080030e6   0x080030e6   0x0000000e   Code   RO          855    .text.OUTLINED_FUNCTION_11  stm32f4xx_hal_i2c.o
    0x080030f4   0x080030f4   0x0000000a   Code   RO         1496    .text.OUTLINED_FUNCTION_11  ff.o
    0x080030fe   0x080030fe   0x00000008   Code   RO          857    .text.OUTLINED_FUNCTION_12  stm32f4xx_hal_i2c.o
    0x08003106   0x08003106   0x00000024   Code   RO          859    .text.OUTLINED_FUNCTION_13  stm32f4xx_hal_i2c.o
    0x0800312a   0x0800312a   0x00000014   Code   RO          861    .text.OUTLINED_FUNCTION_14  stm32f4xx_hal_i2c.o
    0x0800313e   0x0800313e   0x0000000e   Code   RO         1173    .text.OUTLINED_FUNCTION_14  stm32f4xx_hal_spi.o
    0x0800314c   0x0800314c   0x00000008   Code   RO          683    .text.OUTLINED_FUNCTION_15  stm32f4xx_hal_uart.o
    0x08003154   0x08003154   0x00000008   Code   RO          863    .text.OUTLINED_FUNCTION_15  stm32f4xx_hal_i2c.o
    0x0800315c   0x0800315c   0x00000008   Code   RO          685    .text.OUTLINED_FUNCTION_16  stm32f4xx_hal_uart.o
    0x08003164   0x08003164   0x0000000a   Code   RO         1177    .text.OUTLINED_FUNCTION_16  stm32f4xx_hal_spi.o
    0x0800316e   0x0800316e   0x0000000a   Code   RO          691    .text.OUTLINED_FUNCTION_19  stm32f4xx_hal_uart.o
    0x08003178   0x08003178   0x00000010   Code   RO         1183    .text.OUTLINED_FUNCTION_19  stm32f4xx_hal_spi.o
    0x08003188   0x08003188   0x00000006   Code   RO           31    .text.OUTLINED_FUNCTION_2  main.o
    0x0800318e   0x0800318e   0x0000000a   Code   RO          117    .text.OUTLINED_FUNCTION_2  stm32f4xx_hal_rcc.o
    0x08003198   0x08003198   0x00000014   Code   RO         1258    .text.OUTLINED_FUNCTION_2  rtcdriver.o
    0x080031ac   0x080031ac   0x0000000a   Code   RO         1337    .text.OUTLINED_FUNCTION_2  user_diskio_spi.o
    0x080031b6   0x080031b6   0x00000006   Code   RO         1478    .text.OUTLINED_FUNCTION_2  ff.o
    0x080031bc   0x080031bc   0x00000008   Code   RO          873    .text.OUTLINED_FUNCTION_20  stm32f4xx_hal_i2c.o
    0x080031c4   0x080031c4   0x00000010   Code   RO         1185    .text.OUTLINED_FUNCTION_20  stm32f4xx_hal_spi.o
    0x080031d4   0x080031d4   0x0000000a   Code   RO          875    .text.OUTLINED_FUNCTION_21  stm32f4xx_hal_i2c.o
    0x080031de   0x080031de   0x00000008   Code   RO         1187    .text.OUTLINED_FUNCTION_21  stm32f4xx_hal_spi.o
    0x080031e6   0x080031e6   0x0000001c   Code   RO          879    .text.OUTLINED_FUNCTION_23  stm32f4xx_hal_i2c.o
    0x08003202   0x08003202   0x0000000e   Code   RO         1193    .text.OUTLINED_FUNCTION_24  stm32f4xx_hal_spi.o
    0x08003210   0x08003210   0x0000000a   Code   RO          891    .text.OUTLINED_FUNCTION_29  stm32f4xx_hal_i2c.o
    0x0800321a   0x0800321a   0x00000012   Code   RO           33    .text.OUTLINED_FUNCTION_3  main.o
    0x0800322c   0x0800322c   0x00000006   Code   RO         1260    .text.OUTLINED_FUNCTION_3  rtcdriver.o
    0x08003232   0x08003232   0x00000006   Code   RO         1480    .text.OUTLINED_FUNCTION_3  ff.o
    0x08003238   0x08003238   0x00000016   Code   RO          893    .text.OUTLINED_FUNCTION_30  stm32f4xx_hal_i2c.o
    0x0800324e   0x0800324e   0x0000000a   Code   RO          895    .text.OUTLINED_FUNCTION_31  stm32f4xx_hal_i2c.o
    0x08003258   0x08003258   0x0000000c   Code   RO          899    .text.OUTLINED_FUNCTION_33  stm32f4xx_hal_i2c.o
    0x08003264   0x08003264   0x00000016   Code   RO          901    .text.OUTLINED_FUNCTION_34  stm32f4xx_hal_i2c.o
    0x0800327a   0x0800327a   0x00000016   Code   RO          907    .text.OUTLINED_FUNCTION_37  stm32f4xx_hal_i2c.o
    0x08003290   0x08003290   0x00000016   Code   RO          661    .text.OUTLINED_FUNCTION_4  stm32f4xx_hal_uart.o
    0x080032a6   0x080032a6   0x00000012   Code   RO         1153    .text.OUTLINED_FUNCTION_4  stm32f4xx_hal_spi.o
    0x080032b8   0x080032b8   0x0000000e   Code   RO         1262    .text.OUTLINED_FUNCTION_4  rtcdriver.o
    0x080032c6   0x080032c6   0x0000000a   Code   RO         1482    .text.OUTLINED_FUNCTION_4  ff.o
    0x080032d0   0x080032d0   0x0000000a   Code   RO          913    .text.OUTLINED_FUNCTION_40  stm32f4xx_hal_i2c.o
    0x080032da   0x080032da   0x00000012   Code   RO          917    .text.OUTLINED_FUNCTION_42  stm32f4xx_hal_i2c.o
    0x080032ec   0x080032ec   0x00000006   Code   RO          919    .text.OUTLINED_FUNCTION_43  stm32f4xx_hal_i2c.o
    0x080032f2   0x080032f2   0x00000014   Code   RO          923    .text.OUTLINED_FUNCTION_45  stm32f4xx_hal_i2c.o
    0x08003306   0x08003306   0x00000008   Code   RO          925    .text.OUTLINED_FUNCTION_46  stm32f4xx_hal_i2c.o
    0x0800330e   0x0800330e   0x00000014   Code   RO          927    .text.OUTLINED_FUNCTION_47  stm32f4xx_hal_i2c.o
    0x08003322   0x08003322   0x00000008   Code   RO          663    .text.OUTLINED_FUNCTION_5  stm32f4xx_hal_uart.o
    0x0800332a   0x0800332a   0x0000001c   Code   RO          843    .text.OUTLINED_FUNCTION_5  stm32f4xx_hal_i2c.o
    0x08003346   0x08003346   0x00000010   Code   RO         1155    .text.OUTLINED_FUNCTION_5  stm32f4xx_hal_spi.o
    0x08003356   0x08003356   0x00000006   Code   RO         1484    .text.OUTLINED_FUNCTION_5  ff.o
    0x0800335c   0x0800335c   0x0000000a   Code   RO          937    .text.OUTLINED_FUNCTION_52  stm32f4xx_hal_i2c.o
    0x08003366   0x08003366   0x00000012   Code   RO          947    .text.OUTLINED_FUNCTION_57  stm32f4xx_hal_i2c.o
    0x08003378   0x08003378   0x0000000c   Code   RO          665    .text.OUTLINED_FUNCTION_6  stm32f4xx_hal_uart.o
    0x08003384   0x08003384   0x0000000c   Code   RO         1486    .text.OUTLINED_FUNCTION_6  ff.o
    0x08003390   0x08003390   0x00000012   Code   RO          961    .text.OUTLINED_FUNCTION_64  stm32f4xx_hal_i2c.o
    0x080033a2   0x080033a2   0x00000012   Code   RO          963    .text.OUTLINED_FUNCTION_65  stm32f4xx_hal_i2c.o
    0x080033b4   0x080033b4   0x00000010   Code   RO          967    .text.OUTLINED_FUNCTION_67  stm32f4xx_hal_i2c.o
    0x080033c4   0x080033c4   0x0000000c   Code   RO          971    .text.OUTLINED_FUNCTION_69  stm32f4xx_hal_i2c.o
    0x080033d0   0x080033d0   0x0000001a   Code   RO          667    .text.OUTLINED_FUNCTION_7  stm32f4xx_hal_uart.o
    0x080033ea   0x080033ea   0x0000001a   Code   RO          847    .text.OUTLINED_FUNCTION_7  stm32f4xx_hal_i2c.o
    0x08003404   0x08003404   0x00000006   Code   RO         1488    .text.OUTLINED_FUNCTION_7  ff.o
    0x0800340a   0x0800340a   0x0000000e   Code   RO          991    .text.OUTLINED_FUNCTION_79  stm32f4xx_hal_i2c.o
    0x08003418   0x08003418   0x00000010   Code   RO          849    .text.OUTLINED_FUNCTION_8  stm32f4xx_hal_i2c.o
    0x08003428   0x08003428   0x0000000a   Code   RO         1161    .text.OUTLINED_FUNCTION_8  stm32f4xx_hal_spi.o
    0x08003432   0x08003432   0x00000008   Code   RO         1490    .text.OUTLINED_FUNCTION_8  ff.o
    0x0800343a   0x0800343a   0x0000000a   Code   RO          997    .text.OUTLINED_FUNCTION_82  stm32f4xx_hal_i2c.o
    0x08003444   0x08003444   0x0000000e   Code   RO          999    .text.OUTLINED_FUNCTION_83  stm32f4xx_hal_i2c.o
    0x08003452   0x08003452   0x0000000a   Code   RO         1001    .text.OUTLINED_FUNCTION_84  stm32f4xx_hal_i2c.o
    0x0800345c   0x0800345c   0x00000006   Code   RO         1003    .text.OUTLINED_FUNCTION_85  stm32f4xx_hal_i2c.o
    0x08003462   0x08003462   0x00000008   Code   RO         1007    .text.OUTLINED_FUNCTION_87  stm32f4xx_hal_i2c.o
    0x0800346a   0x0800346a   0x0000002a   Code   RO          851    .text.OUTLINED_FUNCTION_9  stm32f4xx_hal_i2c.o
    0x08003494   0x08003494   0x00000006   Code   RO         1492    .text.OUTLINED_FUNCTION_9  ff.o
    0x0800349a   0x0800349a   0x00000002   Code   RO           66    .text.PendSV_Handler  stm32f4xx_it.o
    0x0800349c   0x0800349c   0x00000054   Code   RO         1045    .text.SPI_EndRxTxTransaction  stm32f4xx_hal_spi.o
    0x080034f0   0x080034f0   0x00000010   Code   RO         1305    .text.SPI_Timer_On  user_diskio_spi.o
    0x08003500   0x08003500   0x0000001c   Code   RO         1307    .text.SPI_Timer_Status  user_diskio_spi.o
    0x0800351c   0x0800351c   0x000000b4   Code   RO         1143    .text.SPI_WaitFlagStateUntilTimeout  stm32f4xx_hal_spi.o
    0x080035d0   0x080035d0   0x00000002   Code   RO           62    .text.SVC_Handler   stm32f4xx_it.o
    0x080035d2   0x080035d2   0x00000004   Code   RO           68    .text.SysTick_Handler  stm32f4xx_it.o
    0x080035d6   0x080035d6   0x00000002   PAD
    0x080035d8   0x080035d8   0x00000090   Code   RO           13    .text.SystemClock_Config  main.o
    0x08003668   0x08003668   0x00000010   Code   RO         1205    .text.SystemInit    system_stm32f4xx_1.o
    0x08003678   0x08003678   0x000000c8   Code   RO          539    .text.UART_SetConfig  stm32f4xx_hal_uart.o
    0x08003740   0x08003740   0x0000005a   Code   RO          553    .text.UART_WaitOnFlagUntilTimeout  stm32f4xx_hal_uart.o
    0x0800379a   0x0800379a   0x00000002   PAD
    0x0800379c   0x0800379c   0x00000120   Code   RO         1309    .text.USER_SPI_initialize  user_diskio_spi.o
    0x080038bc   0x080038bc   0x000001b4   Code   RO         1327    .text.USER_SPI_ioctl  user_diskio_spi.o
    0x08003a70   0x08003a70   0x00000074   Code   RO         1319    .text.USER_SPI_read  user_diskio_spi.o
    0x08003ae4   0x08003ae4   0x00000010   Code   RO         1317    .text.USER_SPI_status  user_diskio_spi.o
    0x08003af4   0x08003af4   0x000000ac   Code   RO         1323    .text.USER_SPI_write  user_diskio_spi.o
    0x08003ba0   0x08003ba0   0x00000004   Code   RO         1287    .text.USER_initialize  user_diskio.o
    0x08003ba4   0x08003ba4   0x00000004   Code   RO         1295    .text.USER_ioctl    user_diskio.o
    0x08003ba8   0x08003ba8   0x00000004   Code   RO         1291    .text.USER_read     user_diskio.o
    0x08003bac   0x08003bac   0x00000004   Code   RO         1289    .text.USER_status   user_diskio.o
    0x08003bb0   0x08003bb0   0x00000004   Code   RO         1293    .text.USER_write    user_diskio.o
    0x08003bb4   0x08003bb4   0x00000002   Code   RO           60    .text.UsageFault_Handler  stm32f4xx_it.o
    0x08003bb6   0x08003bb6   0x00000002   PAD
    0x08003bb8   0x08003bb8   0x00000030   Code   RO         1533    .text.bReadWordFromAddress  sht35.o
    0x08003be8   0x08003be8   0x00000028   Code   RO         1535    .text.bSendCmd      sht35.o
    0x08003c10   0x08003c10   0x000000b4   Code   RO         1539    .text.bSht35GetTemperature  sht35.o
    0x08003cc4   0x08003cc4   0x0000001e   Code   RO         1537    .text.bSht35Init    sht35.o
    0x08003ce2   0x08003ce2   0x00000002   PAD
    0x08003ce4   0x08003ce4   0x0000006c   Code   RO         1470    .text.check_fs      ff.o
    0x08003d50   0x08003d50   0x00000058   Code   RO         1382    .text.chk_lock      ff.o
    0x08003da8   0x08003da8   0x00000020   Code   RO         1374    .text.clear_lock    ff.o
    0x08003dc8   0x08003dc8   0x00000026   Code   RO         1408    .text.clmt_clust    ff.o
    0x08003dee   0x08003dee   0x00000016   Code   RO         1402    .text.clust2sect    ff.o
    0x08003e04   0x08003e04   0x000000be   Code   RO         1414    .text.create_chain  ff.o
    0x08003ec2   0x08003ec2   0x00000002   PAD
    0x08003ec4   0x08003ec4   0x0000001c   Code   RO         1315    .text.despiselect   user_diskio_spi.o
    0x08003ee0   0x08003ee0   0x00000110   Code   RO         1438    .text.dir_next      ff.o
    0x08003ff0   0x08003ff0   0x00000058   Code   RO         1384    .text.dir_register  ff.o
    0x08004048   0x08004048   0x00000060   Code   RO         1428    .text.dir_sdi       ff.o
    0x080040a8   0x080040a8   0x00000020   Code   RO         1352    .text.disk_initialize  diskio.o
    0x080040c8   0x080040c8   0x0000001c   Code   RO         1358    .text.disk_ioctl    diskio.o
    0x080040e4   0x080040e4   0x0000001c   Code   RO         1354    .text.disk_read     diskio.o
    0x08004100   0x08004100   0x00000014   Code   RO         1350    .text.disk_status   diskio.o
    0x08004114   0x08004114   0x00000020   Code   RO         1356    .text.disk_write    diskio.o
    0x08004134   0x08004134   0x000000f0   Code   RO         1442    .text.f_getfree     ff.o
    0x08004224   0x08004224   0x00000058   Code   RO         1458    .text.f_gets        ff.o
    0x0800427c   0x0800427c   0x0000021a   Code   RO         1424    .text.f_lseek       ff.o
    0x08004496   0x08004496   0x00000002   PAD
    0x08004498   0x08004498   0x0000004c   Code   RO         1370    .text.f_mount       ff.o
    0x080044e4   0x080044e4   0x0000022c   Code   RO         1378    .text.f_open        ff.o
    0x08004710   0x08004710   0x00000028   Code   RO         1466    .text.f_puts        ff.o
    0x08004738   0x08004738   0x00000152   Code   RO         1404    .text.f_read        ff.o
    0x0800488a   0x0800488a   0x0000008c   Code   RO         1416    .text.f_sync        ff.o
    0x08004916   0x08004916   0x00000178   Code   RO         1412    .text.f_write       ff.o
    0x08004a8e   0x08004a8e   0x00000002   PAD
    0x08004a90   0x08004a90   0x00000020   Code   RO           19    .text.fgetc         main.o
    0x08004ab0   0x08004ab0   0x00000250   Code   RO         1376    .text.find_volume   ff.o
    0x08004d00   0x08004d00   0x0000019c   Code   RO         1380    .text.follow_path   ff.o
    0x08004e9c   0x08004e9c   0x0000001c   Code   RO           17    .text.fputc         main.o
    0x08004eb8   0x08004eb8   0x000000a2   Code   RO         1400    .text.get_fat       ff.o
    0x08004f5a   0x08004f5a   0x00000004   Code   RO         1275    .text.get_fattime   fatfs.o
    0x08004f5e   0x08004f5e   0x0000003e   Code   RO         1372    .text.get_ldnumber  ff.o
    0x08004f9c   0x08004f9c   0x00000020   Code   RO         1236    .text.iRtcClearAlarm1InteeruptionFlag  rtcdriver.o
    0x08004fbc   0x08004fbc   0x00000020   Code   RO         1238    .text.iRtcClearAlarm2InteeruptionFlag  rtcdriver.o
    0x08004fdc   0x08004fdc   0x0000001e   Code   RO         1232    .text.iRtcDisableAlarm1  rtcdriver.o
    0x08004ffa   0x08004ffa   0x0000001e   Code   RO         1234    .text.iRtcDisableAlarm2  rtcdriver.o
    0x08005018   0x08005018   0x0000001e   Code   RO         1228    .text.iRtcEnableAlarm1  rtcdriver.o
    0x08005036   0x08005036   0x000000b0   Code   RO         1248    .text.iRtcGetCurrentDateTime  rtcdriver.o
    0x080050e6   0x080050e6   0x00000062   Code   RO         1252    .text.iRtcSetAlarm  rtcdriver.o
    0x08005148   0x08005148   0x000000b0   Code   RO         1244    .text.iRtcSetDateTime  rtcdriver.o
    0x080051f8   0x080051f8   0x0000001a   Code   RO         1222    .text.iRtcSetInerruptionMode  rtcdriver.o
    0x08005212   0x08005212   0x00000002   PAD
    0x08005214   0x08005214   0x0000002c   Code   RO         1224    .text.iRtc_ReadByte  rtcdriver.o
    0x08005240   0x08005240   0x0000002c   Code   RO         1250    .text.iRtc_ReadNBytes  rtcdriver.o
    0x0800526c   0x0800526c   0x00000030   Code   RO         1226    .text.iRtc_WriteByte  rtcdriver.o
    0x0800529c   0x0800529c   0x00000030   Code   RO         1246    .text.iRtc_WriteNBytes  rtcdriver.o
    0x080052cc   0x080052cc   0x00000074   Code   RO         1396    .text.inc_lock      ff.o
    0x08005340   0x08005340   0x00000018   Code   RO         1388    .text.ld_clust      ff.o
    0x08005358   0x08005358   0x00000004   Code   RO         1398    .text.ld_dword      ff.o
    0x0800535c   0x0800535c   0x000007dc   Code   RO           11    .text.main          main.o
    0x08005b38   0x08005b38   0x0000000e   Code   RO         1410    .text.mem_cpy       ff.o
    0x08005b46   0x08005b46   0x00000038   Code   RO         1394    .text.move_window   ff.o
    0x08005b7e   0x08005b7e   0x000000e2   Code   RO         1472    .text.put_fat       ff.o
    0x08005c60   0x08005c60   0x00000044   Code   RO         1462    .text.putc_bfd      ff.o
    0x08005ca4   0x08005ca4   0x0000002a   Code   RO         1464    .text.putc_flush    ff.o
    0x08005cce   0x08005cce   0x0000003c   Code   RO         1321    .text.rcvr_datablock  user_diskio_spi.o
    0x08005d0a   0x08005d0a   0x0000006e   Code   RO         1392    .text.remove_chain  ff.o
    0x08005d78   0x08005d78   0x00000080   Code   RO         1313    .text.send_cmd      user_diskio_spi.o
    0x08005df8   0x08005df8   0x0000002c   Code   RO         1329    .text.spiselect     user_diskio_spi.o
    0x08005e24   0x08005e24   0x00000012   Code   RO         1390    .text.st_clust      ff.o
    0x08005e36   0x08005e36   0x00000004   Code   RO         1386    .text.st_dword      ff.o
    0x08005e3a   0x08005e3a   0x00000002   PAD
    0x08005e3c   0x08005e3c   0x00000088   Code   RO         1418    .text.sync_fs       ff.o
    0x08005ec4   0x08005ec4   0x0000004c   Code   RO         1452    .text.sync_window   ff.o
    0x08005f10   0x08005f10   0x0000000c   Code   RO         1220    .text.vRtcDriverConfig  rtcdriver.o
    0x08005f1c   0x08005f1c   0x0000002c   Code   RO         1531    .text.vSht35Config  sht35.o
    0x08005f48   0x08005f48   0x00000030   Code   RO         1406    .text.validate      ff.o
    0x08005f78   0x08005f78   0x0000002a   Code   RO         1331    .text.wait_ready    user_diskio_spi.o
    0x08005fa2   0x08005fa2   0x00000002   PAD
    0x08005fa4   0x08005fa4   0x00000020   Code   RO         1311    .text.xchg_spi      user_diskio_spi.o
    0x08005fc4   0x08005fc4   0x00000050   Code   RO         1325    .text.xmit_datablock  user_diskio_spi.o
    0x08006014   0x08006014   0x0000003e   Code   RO         1753    CL$$btod_d2e        c_w.l(btod.o)
    0x08006052   0x08006052   0x00000046   Code   RO         1755    CL$$btod_d2e_denorm_low  c_w.l(btod.o)
    0x08006098   0x08006098   0x00000060   Code   RO         1754    CL$$btod_d2e_norm_op1  c_w.l(btod.o)
    0x080060f8   0x080060f8   0x00000338   Code   RO         1763    CL$$btod_div_common  c_w.l(btod.o)
    0x08006430   0x08006430   0x000000dc   Code   RO         1760    CL$$btod_e2e        c_w.l(btod.o)
    0x0800650c   0x0800650c   0x0000002a   Code   RO         1757    CL$$btod_ediv       c_w.l(btod.o)
    0x08006536   0x08006536   0x0000002a   Code   RO         1756    CL$$btod_emul       c_w.l(btod.o)
    0x08006560   0x08006560   0x00000244   Code   RO         1762    CL$$btod_mult_common  c_w.l(btod.o)
    0x080067a4   0x080067a4   0x00000030   Code   RO         1790    i.__ARM_fpclassify  m_wm.l(fpclassify.o)
    0x080067d4   0x080067d4   0x0000000e   Code   RO         1617    i._is_digit         c_w.l(__printf_wp.o)
    0x080067e2   0x080067e2   0x00000002   PAD
    0x080067e4   0x080067e4   0x0000002c   Code   RO         1786    locale$$code        c_w.l(lc_numeric_c.o)
    0x08006810   0x08006810   0x0000002c   Code   RO         1806    locale$$code        c_w.l(lc_ctype_c.o)
    0x0800683c   0x0800683c   0x00000062   Code   RO         1658    x$fpl$d2f           fz_wm.l(d2f.o)
    0x0800689e   0x0800689e   0x00000002   PAD
    0x080068a0   0x080068a0   0x00000150   Code   RO         1660    x$fpl$dadd          fz_wm.l(daddsub_clz.o)
    0x080069f0   0x080069f0   0x0000002e   Code   RO         1667    x$fpl$dflt          fz_wm.l(dflt_clz.o)
    0x08006a1e   0x08006a1e   0x00000002   PAD
    0x08006a20   0x08006a20   0x00000154   Code   RO         1672    x$fpl$dmul          fz_wm.l(dmul.o)
    0x08006b74   0x08006b74   0x0000009c   Code   RO         1709    x$fpl$dnaninf       fz_wm.l(dnaninf.o)
    0x08006c10   0x08006c10   0x0000000c   Code   RO         1711    x$fpl$dretinf       fz_wm.l(dretinf.o)
    0x08006c1c   0x08006c1c   0x000001dc   Code   RO         1662    x$fpl$dsub          fz_wm.l(daddsub_clz.o)
    0x08006df8   0x08006df8   0x00000056   Code   RO         1674    x$fpl$f2d           fz_wm.l(f2d.o)
    0x08006e4e   0x08006e4e   0x0000008c   Code   RO         1713    x$fpl$fnaninf       fz_wm.l(fnaninf.o)
    0x08006eda   0x08006eda   0x0000001a   Code   RO         1881    x$fpl$fpinit        fz_wm.l(fpinit.o)
    0x08006ef4   0x08006ef4   0x0000000a   Code   RO         1715    x$fpl$fretinf       fz_wm.l(fretinf.o)
    0x08006efe   0x08006efe   0x00000004   Code   RO         1676    x$fpl$printf1       fz_wm.l(printf1.o)
    0x08006f02   0x08006f02   0x00000000   Code   RO         1717    x$fpl$usenofp       fz_wm.l(usenofp.o)
    0x08006f02   0x08006f02   0x00000002   PAD
    0x08006f04   0x08006f04   0x00000008   Data   RO         1578    .constdata          c_w.l(_printf_wctomb.o)
    0x08006f0c   0x08006f0c   0x00000028   Data   RO         1599    .constdata          c_w.l(_printf_hex_int_ptr.o)
    0x08006f34   0x08006f34   0x00000011   Data   RO         1625    .constdata          c_w.l(__printf_flags_ss_wp.o)
    0x08006f45   0x08006f45   0x00000003   PAD
    0x08006f48   0x08006f48   0x00000094   Data   RO         1751    .constdata          c_w.l(bigflt0.o)
    0x08006fdc   0x08006fdc   0x00000010   Data   RO         1210    .rodata.AHBPrescTable  system_stm32f4xx_1.o
    0x08006fec   0x08006fec   0x00000008   Data   RO         1211    .rodata.APBPrescTable  system_stm32f4xx_1.o
    0x08006ff4   0x08006ff4   0x00000080   Data   RO         1500    .rodata.ExCvt       ff.o
    0x08007074   0x08007074   0x0000000b   Data   RO           35    .rodata.pcFILE_NAME  main.o
    0x0800707f   0x0800707f   0x0000030d   Data   RO           38    .rodata.str1.1      main.o
    0x0800738c   0x0800738c   0x0000000f   Data   RO         1501    .rodata.str1.1      ff.o
    0x0800739b   0x0800739b   0x00000001   PAD
    0x0800739c   0x0800739c   0x00000059   Data   RO           39    .rodata.str1.4      main.o
    0x080073f5   0x080073f5   0x00000003   PAD
    0x080073f8   0x080073f8   0x00000020   Data   RO         1957    Region$$Table       anon$$obj.o
    0x08007418   0x08007418   0x0000001c   Data   RO         1785    locale$$data        c_w.l(lc_numeric_c.o)
    0x08007434   0x08007434   0x00000110   Data   RO         1805    locale$$data        c_w.l(lc_ctype_c.o)


    Execution Region RW_IRAM2 (Exec base: 0x10000000, Load base: 0x08007570, Size: 0x00000000, Max: 0x00010000, ABSOLUTE)

    **** No section assigned to this execution region ****


    Execution Region RW_IRAM1 (Exec base: 0x20000000, Load base: 0x08007548, Size: 0x000012a0, Max: 0x00030000, ABSOLUTE)

    Exec Addr    Load Addr    Size         Type   Attr      Idx    E Section Name        Object

    0x20000000   0x08007548   0x00000008   Data   RW          500    .data..L_MergedGlobals  stm32f4xx_hal.o
    0x20000008   0x08007550   0x00000001   Data   RW         1339    .data.Stat          user_diskio_spi.o
    0x20000009   0x08007551   0x00000003   PAD
    0x2000000c   0x08007554   0x00000004   Data   RW         1209    .data.SystemCoreClock  system_stm32f4xx_1.o
    0x20000010   0x08007558   0x00000014   Data   RW         1297    .data.USER_Driver   user_diskio.o
    0x20000024   0x0800756c   0x00000004   PAD
    0x20000028        -       0x00000060   Zero   RW         1793    .bss                c_w.l(libspace.o)
    0x20000088        -       0x00000048   Zero   RW           43    .bss..L_MergedGlobals  main.o
    0x200000d0        -       0x00000008   Zero   RW         1264    .bss..L_MergedGlobals  rtcdriver.o
    0x200000d8        -       0x00000005   Zero   RW         1279    .bss..L_MergedGlobals  fatfs.o
    0x200000dd   0x0800756c   0x00000003   PAD
    0x200000e0        -       0x00000008   Zero   RW         1341    .bss..L_MergedGlobals  user_diskio_spi.o
    0x200000e8        -       0x00000008   Zero   RW         1502    .bss..L_MergedGlobals  ff.o
    0x200000f0        -       0x00000001   Zero   RW         1340    .bss.CardType       user_diskio_spi.o
    0x200000f1   0x0800756c   0x00000003   PAD
    0x200000f4        -       0x00000040   Zero   RW         1499    .bss.Files          ff.o
    0x20000134        -       0x00000054   Zero   RW           41    .bss.__stdin        main.o
    0x20000188        -       0x00000054   Zero   RW           40    .bss.__stdout       main.o
    0x200001dc        -       0x0000000c   Zero   RW         1521    .bss.disk           ff_gen_drv.o
    0x200001e8        -       0x00000004   Zero   RW         1545    .bss.hi2c           sht35.o
    0x200001ec        -       0x00000058   Zero   RW           37    .bss.hspi4          main.o
    0x20000244        -       0x00000004   Zero   RW          499    .bss.uwTick         stm32f4xx_hal.o
    0x20000248        -       0x00000054   Zero   RW           36    .bss.xHI2c3         main.o
    0x2000029c   0x0800756c   0x00000004   PAD
    0x200002a0        -       0x00000600   Zero   RW            2    HEAP                startup_stm32f429xx.o
    0x200008a0        -       0x00000a00   Zero   RW            1    STACK               startup_stm32f429xx.o


==============================================================================

Image component sizes


      Code (inc. data)   RO Data    RW Data    ZI Data      Debug   Object Name

       140          4          0          0          0       1964   diskio.o
        28          8          0          0          5       1959   fatfs.o
      5582         60        143          0         72      43445   ff.o
        66          4          0          0         12       2555   ff_gen_drv.o
      2306        344        881          0        412      18723   main.o
       896         28          0          0          8      11648   rtcdriver.o
       342         44          0          0          4       6418   sht35.o
        64         26        428          0       4096        860   startup_stm32f429xx.o
       180         20          0          8          4       7871   stm32f4xx_hal.o
       194         24          0          0          0      10542   stm32f4xx_hal_cortex.o
       460         28          0          0          0       5190   stm32f4xx_hal_gpio.o
      3028         40          0          0          0      41378   stm32f4xx_hal_i2c.o
        60          4          0          0          0       1668   stm32f4xx_hal_msp.o
      1250         48          0          0          0       7719   stm32f4xx_hal_rcc.o
      1254          8          0          0          0      22694   stm32f4xx_hal_spi.o
       812          8          0          0          0      25219   stm32f4xx_hal_uart.o
        20          0          0          0          0       1167   stm32f4xx_it.o
        16          4         24          4          0       2698   system_stm32f4xx_1.o
        20          0          0         20          0       2004   user_diskio.o
      1508         42          0          1          9       8091   user_diskio_spi.o

    ----------------------------------------------------------------------
     18250        744       1512         36       4636     223813   Object Totals
         0          0         32          0          0          0   (incl. Generated)
        24          0          4          3         14          0   (incl. Padding)

    ----------------------------------------------------------------------

      Code (inc. data)   RO Data    RW Data    ZI Data      Debug   Library Member Name

        32          6          0          0          0         84   __0scanf.o
         8          0          0          0          0         68   __main.o
       392          4         17          0          0         92   __printf_flags_ss_wp.o
        14          0          0          0          0         68   __printf_wp.o
         0          0          0          0          0          0   __rtentry.o
        12          0          0          0          0          0   __rtentry2.o
         6          0          0          0          0          0   __rtentry4.o
        52          8          0          0          0          0   __scatter.o
        26          0          0          0          0          0   __scatter_copy.o
        28          0          0          0          0          0   __scatter_zi.o
        72          0          0          0          0         96   _c16rtomb.o
        28          0          0          0          0         68   _chval.o
         6          0          0          0          0          0   _printf_c.o
        44          0          0          0          0        108   _printf_char.o
        48          6          0          0          0         96   _printf_char_common.o
        36          4          0          0          0         80   _printf_char_file.o
        40          0          0          0          0         68   _printf_charcount.o
         6          0          0          0          0          0   _printf_d.o
       120         16          0          0          0         92   _printf_dec.o
         6          0          0          0          0          0   _printf_f.o
      1052          0          0          0          0        148   _printf_fp_dec.o
       128         16          0          0          0         84   _printf_fp_infnan.o
       124          4         40          0          0        144   _printf_hex_int_ptr.o
         6          0          0          0          0          0   _printf_i.o
       178          0          0          0          0         88   _printf_intcommon.o
        10          0          0          0          0          0   _printf_l.o
         6          0          0          0          0          0   _printf_lc.o
         6          0          0          0          0          0   _printf_ls.o
         6          0          0          0          0          0   _printf_n.o
         6          0          0          0          0          0   _printf_o.o
        84         10          0          0          0         88   _printf_oct_int.o
         6          0          0          0          0          0   _printf_p.o
        78          0          0          0          0        108   _printf_pad.o
         0          0          0          0          0          0   _printf_percent.o
         4          0          0          0          0          0   _printf_percent_end.o
         6          0          0          0          0          0   _printf_s.o
        82          0          0          0          0         80   _printf_str.o
        36          0          0          0          0         84   _printf_truncate.o
         6          0          0          0          0          0   _printf_u.o
        44          0          0          0          0        108   _printf_wchar.o
       188          6          8          0          0         92   _printf_wctomb.o
         6          0          0          0          0          0   _printf_x.o
       884          6          0          0          0        100   _scanf.o
       332          0          0          0          0         96   _scanf_int.o
        10          0          0          0          0         68   _sputc.o
        72          0          0          0          0         92   backspace.o
       228          4        148          0          0         96   bigflt0.o
      1936        128          0          0          0        668   btod.o
        18          0          0          0          0         80   exit.o
         8          0          0          0          0         68   ferror.o
         6          0          0          0          0        152   heapauxi.o
         0          0          0          0          0          0   indicate_semi.o
        18          0          0          0          0         76   isspace.o
        44         10        272          0          0         76   lc_ctype_c.o
        44         10         28          0          0         76   lc_numeric_c.o
         2          0          0          0          0          0   libinit.o
        34          0          0          0          0          0   libinit2.o
         2          0          0          0          0          0   libshutdown.o
         2          0          0          0          0          0   libshutdown2.o
         8          4          0          0         96         68   libspace.o
       138          0          0          0          0         80   lludiv10.o
       240          0          0          0          0        100   lludivv7m.o
        24          4          0          0          0         84   noretval__2printf.o
        40          6          0          0          0         84   noretval__2sprintf.o
        44          4          0          0          0         84   puts.o
        16          4          0          0          0         76   rt_ctype_table.o
         8          4          0          0          0         68   rt_locale_intlibspace.o
        68          0          0          0          0         68   rt_memclr.o
        78          0          0          0          0         80   rt_memclr_w.o
       138          0          0          0          0         68   rt_memcpy_v6.o
       100          0          0          0          0         80   rt_memcpy_w.o
         2          0          0          0          0          0   rtexit.o
        10          0          0          0          0          0   rtexit2.o
        44          8          0          0          0         84   scanf_char.o
        24          8          0          0          0         68   scanf_char_file.o
       124          0          0          0          0         88   strcmpv7em.o
        12          4          0          0          0         68   sys_exit.o
        74          0          0          0          0         80   sys_stackheap_outer.o
        72         12          0          0          0         68   ungetc.o
         2          0          0          0          0         68   use_no_semi.o
        98          4          0          0          0        140   d2f.o
       812         16          0          0          0        392   daddsub_clz.o
        46          0          0          0          0        116   dflt_clz.o
       340         12          0          0          0        152   dmul.o
       156          4          0          0          0        140   dnaninf.o
        12          0          0          0          0        116   dretinf.o
        86          4          0          0          0        132   f2d.o
       140          4          0          0          0        132   fnaninf.o
        26          0          0          0          0        116   fpinit.o
        10          0          0          0          0        116   fretinf.o
         4          0          0          0          0        116   printf1.o
         0          0          0          0          0          0   usenofp.o
        48          0          0          0          0        124   fpclassify.o

    ----------------------------------------------------------------------
      9742        340        516          0         96       6848   Library Totals
        20          0          3          0          0          0   (incl. Padding)

    ----------------------------------------------------------------------

      Code (inc. data)   RO Data    RW Data    ZI Data      Debug   Library Name

      7944        296        513          0         96       5056   c_w.l
      1730         44          0          0          0       1668   fz_wm.l
        48          0          0          0          0        124   m_wm.l

    ----------------------------------------------------------------------
      9742        340        516          0         96       6848   Library Totals

    ----------------------------------------------------------------------

==============================================================================


      Code (inc. data)   RO Data    RW Data    ZI Data      Debug   

     27992       1084       2028         36       4732     226341   Grand Totals
     27992       1084       2028         36       4732     226341   ELF Image Totals
     27992       1084       2028         36          0          0   ROM Totals

==============================================================================

    Total RO  Size (Code + RO Data)                30020 (  29.32kB)
    Total RW  Size (RW Data + ZI Data)              4768 (   4.66kB)
    Total ROM Size (Code + RO Data + RW Data)      30056 (  29.35kB)

==============================================================================

